ARM GAS  /var/folders/nl/q97gxh4d5b321tqt4kfb6yzh0000gn/T//ccxIjV8q.s 			page 1


   1              		.cpu cortex-m4
   2              		.eabi_attribute 20, 1	@ Tag_ABI_FP_denormal
   3              		.eabi_attribute 21, 1	@ Tag_ABI_FP_exceptions
   4              		.eabi_attribute 23, 3	@ Tag_ABI_FP_number_model
   5              		.eabi_attribute 24, 1	@ Tag_ABI_align8_needed
   6              		.eabi_attribute 25, 1	@ Tag_ABI_align8_preserved
   7              		.eabi_attribute 26, 1	@ Tag_ABI_enum_size
   8              		.eabi_attribute 30, 4	@ Tag_ABI_optimization_goals
   9              		.eabi_attribute 34, 1	@ Tag_CPU_unaligned_access
  10              		.eabi_attribute 18, 4	@ Tag_ABI_PCS_wchar_t
  11              		.file	"sdk_errors.c"
  12              	@ GNU C11 (GNU Tools for ARM Embedded Processors) version 6.2.1 20161205 (release) [ARM/embedded-6-
  13              	@	compiled by GNU C version 5.4.0, GMP version 6.1.0, MPFR version 3.1.4, MPC version 1.0.3, isl ve
  14              	@ GGC heuristics: --param ggc-min-expand=100 --param ggc-min-heapsize=131072
  15              	@ options passed:  -I . -I include/ -I cfg/
  16              	@ -I ../sdk/nRF5_SDK_12.2.0_f012efa/components/toolchain/cmsis/include
  17              	@ -I ../sdk/nRF5_SDK_12.2.0_f012efa/components/libraries/log
  18              	@ -I ../sdk/nRF5_SDK_12.2.0_f012efa/components/libraries/log/src
  19              	@ -I ../sdk/nRF5_SDK_12.2.0_f012efa/components/toolchain
  20              	@ -I ../sdk/nRF5_SDK_12.2.0_f012efa/components/toolchain/arm
  21              	@ -I ../sdk/nRF5_SDK_12.2.0_f012efa/components/toolchain/gcc
  22              	@ -I ../sdk/nRF5_SDK_12.2.0_f012efa/components/device
  23              	@ -I ../sdk/nRF5_SDK_12.2.0_f012efa/components/drivers_nrf/nrf_soc_nosd
  24              	@ -I ../sdk/nRF5_SDK_12.2.0_f012efa/components/drivers_nrf/hal
  25              	@ -I ../sdk/nRF5_SDK_12.2.0_f012efa/components/drivers_nrf/common
  26              	@ -I ../sdk/nRF5_SDK_12.2.0_f012efa/components/libraries/util
  27              	@ -imultilib thumb/v7e-m
  28              	@ -iprefix /Users/lukashann/Documents/Imperial College London/Year 3/Project/fNIRS-Musketeers/nrf52
  29              	@ -isysroot /Users/lukashann/Documents/Imperial College London/Year 3/Project/fNIRS-Musketeers/nrf5
  30              	@ -MD ../sdk/nRF5_SDK_12.2.0_f012efa/components/libraries/util/sdk_errors.d
  31              	@ -MF .depsdk_errors.o.d -MP
  32              	@ -MQ ../sdk/nRF5_SDK_12.2.0_f012efa/components/libraries/util/sdk_errors.o
  33              	@ -D__USES_INITFINI__ -D NRF52
  34              	@ ../sdk/nRF5_SDK_12.2.0_f012efa/components/libraries/util/sdk_errors.c
  35              	@ -mcpu=cortex-m4 -mthumb
  36              	@ -auxbase-strip ../sdk/nRF5_SDK_12.2.0_f012efa/components/libraries/util/sdk_errors.o
  37              	@ -gdwarf-2 -Os -Wall -Wstrict-prototypes -fomit-frame-pointer
  38              	@ -fverbose-asm
  39              	@ options enabled:  -faggressive-loop-optimizations -falign-jumps
  40              	@ -falign-labels -falign-loops -fauto-inc-dec -fbranch-count-reg
  41              	@ -fcaller-saves -fchkp-check-incomplete-type -fchkp-check-read
  42              	@ -fchkp-check-write -fchkp-instrument-calls -fchkp-narrow-bounds
  43              	@ -fchkp-optimize -fchkp-store-bounds -fchkp-use-static-bounds
  44              	@ -fchkp-use-static-const-bounds -fchkp-use-wrappers
  45              	@ -fcombine-stack-adjustments -fcommon -fcompare-elim -fcprop-registers
  46              	@ -fcrossjumping -fcse-follow-jumps -fdefer-pop
  47              	@ -fdelete-null-pointer-checks -fdevirtualize -fdevirtualize-speculatively
  48              	@ -fdwarf2-cfi-asm -fearly-inlining -feliminate-unused-debug-types
  49              	@ -fexpensive-optimizations -fforward-propagate -ffunction-cse -fgcse
  50              	@ -fgcse-lm -fgnu-runtime -fgnu-unique -fguess-branch-probability
  51              	@ -fhoist-adjacent-loads -fident -fif-conversion -fif-conversion2
  52              	@ -findirect-inlining -finline -finline-atomics -finline-functions
  53              	@ -finline-functions-called-once -finline-small-functions -fipa-cp
  54              	@ -fipa-cp-alignment -fipa-icf -fipa-icf-functions -fipa-icf-variables
  55              	@ -fipa-profile -fipa-pure-const -fipa-ra -fipa-reference -fipa-sra
  56              	@ -fira-hoist-pressure -fira-share-save-slots -fira-share-spill-slots
  57              	@ -fisolate-erroneous-paths-dereference -fivopts -fkeep-static-consts
ARM GAS  /var/folders/nl/q97gxh4d5b321tqt4kfb6yzh0000gn/T//ccxIjV8q.s 			page 2


  58              	@ -fleading-underscore -flifetime-dse -flra-remat -flto-odr-type-merging
  59              	@ -fmath-errno -fmerge-constants -fmerge-debug-strings
  60              	@ -fmove-loop-invariants -fomit-frame-pointer -foptimize-sibling-calls
  61              	@ -fpartial-inlining -fpeephole -fpeephole2 -fplt -fprefetch-loop-arrays
  62              	@ -freg-struct-return -freorder-blocks -freorder-functions
  63              	@ -frerun-cse-after-loop -fsched-critical-path-heuristic
  64              	@ -fsched-dep-count-heuristic -fsched-group-heuristic -fsched-interblock
  65              	@ -fsched-last-insn-heuristic -fsched-pressure -fsched-rank-heuristic
  66              	@ -fsched-spec -fsched-spec-insn-heuristic -fsched-stalled-insns-dep
  67              	@ -fschedule-insns2 -fsection-anchors -fsemantic-interposition
  68              	@ -fshow-column -fsigned-zeros -fsplit-ivs-in-unroller -fsplit-wide-types
  69              	@ -fssa-backprop -fssa-phiopt -fstdarg-opt -fstrict-aliasing
  70              	@ -fstrict-overflow -fstrict-volatile-bitfields -fsync-libcalls
  71              	@ -fthread-jumps -ftoplevel-reorder -ftrapping-math -ftree-bit-ccp
  72              	@ -ftree-builtin-call-dce -ftree-ccp -ftree-ch -ftree-coalesce-vars
  73              	@ -ftree-copy-prop -ftree-cselim -ftree-dce -ftree-dominator-opts
  74              	@ -ftree-dse -ftree-forwprop -ftree-fre -ftree-loop-if-convert
  75              	@ -ftree-loop-im -ftree-loop-ivcanon -ftree-loop-optimize
  76              	@ -ftree-parallelize-loops= -ftree-phiprop -ftree-pre -ftree-pta
  77              	@ -ftree-reassoc -ftree-scev-cprop -ftree-sink -ftree-slsr -ftree-sra
  78              	@ -ftree-switch-conversion -ftree-tail-merge -ftree-ter -ftree-vrp
  79              	@ -funit-at-a-time -fvar-tracking -fvar-tracking-assignments -fverbose-asm
  80              	@ -fzero-initialized-in-bss -masm-syntax-unified -mlittle-endian
  81              	@ -mpic-data-is-text-relative -msched-prolog -mthumb -munaligned-access
  82              	@ -mvectorize-with-neon-quad
  83              	
  84              		.text
  85              	.Ltext0:
  86              		.cfi_sections	.debug_frame
  87              	.Letext0:
  88              		.section	.debug_info,"",%progbits
  89              	.Ldebug_info0:
  90 0000 60000000 		.4byte	0x60
  91 0004 0200     		.2byte	0x2
  92 0006 00000000 		.4byte	.Ldebug_abbrev0
  93 000a 04       		.byte	0x4
  94 000b 01       		.uleb128 0x1
  95 000c 1C010000 		.4byte	.LASF9
  96 0010 0C       		.byte	0xc
  97 0011 9E000000 		.4byte	.LASF10
  98 0015 2B000000 		.4byte	.LASF11
  99 0019 00000000 		.4byte	.Ldebug_line0
 100 001d 02       		.uleb128 0x2
 101 001e 01       		.byte	0x1
 102 001f 06       		.byte	0x6
 103 0020 1F000000 		.4byte	.LASF0
 104 0024 02       		.uleb128 0x2
 105 0025 01       		.byte	0x1
 106 0026 08       		.byte	0x8
 107 0027 05010000 		.4byte	.LASF1
 108 002b 02       		.uleb128 0x2
 109 002c 02       		.byte	0x2
 110 002d 05       		.byte	0x5
 111 002e E4000000 		.4byte	.LASF2
 112 0032 02       		.uleb128 0x2
 113 0033 02       		.byte	0x2
 114 0034 07       		.byte	0x7
ARM GAS  /var/folders/nl/q97gxh4d5b321tqt4kfb6yzh0000gn/T//ccxIjV8q.s 			page 3


 115 0035 8B000000 		.4byte	.LASF3
 116 0039 02       		.uleb128 0x2
 117 003a 04       		.byte	0x4
 118 003b 05       		.byte	0x5
 119 003c 13010000 		.4byte	.LASF4
 120 0040 02       		.uleb128 0x2
 121 0041 04       		.byte	0x4
 122 0042 07       		.byte	0x7
 123 0043 0D000000 		.4byte	.LASF5
 124 0047 02       		.uleb128 0x2
 125 0048 08       		.byte	0x8
 126 0049 05       		.byte	0x5
 127 004a A0010000 		.4byte	.LASF6
 128 004e 02       		.uleb128 0x2
 129 004f 08       		.byte	0x8
 130 0050 07       		.byte	0x7
 131 0051 EE000000 		.4byte	.LASF7
 132 0055 03       		.uleb128 0x3
 133 0056 04       		.byte	0x4
 134 0057 05       		.byte	0x5
 135 0058 696E7400 		.ascii	"int\000"
 136 005c 02       		.uleb128 0x2
 137 005d 04       		.byte	0x4
 138 005e 07       		.byte	0x7
 139 005f 00000000 		.4byte	.LASF8
 140 0063 00       		.byte	0
 141              		.section	.debug_abbrev,"",%progbits
 142              	.Ldebug_abbrev0:
 143 0000 01       		.uleb128 0x1
 144 0001 11       		.uleb128 0x11
 145 0002 01       		.byte	0x1
 146 0003 25       		.uleb128 0x25
 147 0004 0E       		.uleb128 0xe
 148 0005 13       		.uleb128 0x13
 149 0006 0B       		.uleb128 0xb
 150 0007 03       		.uleb128 0x3
 151 0008 0E       		.uleb128 0xe
 152 0009 1B       		.uleb128 0x1b
 153 000a 0E       		.uleb128 0xe
 154 000b 10       		.uleb128 0x10
 155 000c 06       		.uleb128 0x6
 156 000d 00       		.byte	0
 157 000e 00       		.byte	0
 158 000f 02       		.uleb128 0x2
 159 0010 24       		.uleb128 0x24
 160 0011 00       		.byte	0
 161 0012 0B       		.uleb128 0xb
 162 0013 0B       		.uleb128 0xb
 163 0014 3E       		.uleb128 0x3e
 164 0015 0B       		.uleb128 0xb
 165 0016 03       		.uleb128 0x3
 166 0017 0E       		.uleb128 0xe
 167 0018 00       		.byte	0
 168 0019 00       		.byte	0
 169 001a 03       		.uleb128 0x3
 170 001b 24       		.uleb128 0x24
 171 001c 00       		.byte	0
ARM GAS  /var/folders/nl/q97gxh4d5b321tqt4kfb6yzh0000gn/T//ccxIjV8q.s 			page 4


 172 001d 0B       		.uleb128 0xb
 173 001e 0B       		.uleb128 0xb
 174 001f 3E       		.uleb128 0x3e
 175 0020 0B       		.uleb128 0xb
 176 0021 03       		.uleb128 0x3
 177 0022 08       		.uleb128 0x8
 178 0023 00       		.byte	0
 179 0024 00       		.byte	0
 180 0025 00       		.byte	0
 181              		.section	.debug_aranges,"",%progbits
 182 0000 14000000 		.4byte	0x14
 183 0004 0200     		.2byte	0x2
 184 0006 00000000 		.4byte	.Ldebug_info0
 185 000a 04       		.byte	0x4
 186 000b 00       		.byte	0
 187 000c 0000     		.2byte	0
 188 000e 0000     		.2byte	0
 189 0010 00000000 		.4byte	0
 190 0014 00000000 		.4byte	0
 191              		.section	.debug_line,"",%progbits
 192              	.Ldebug_line0:
 193 0000 19000000 		.section	.debug_str,"MS",%progbits,1
 193      02001300 
 193      00000201 
 193      FB0E0D00 
 193      01010101 
 194              	.LASF8:
 195 0000 756E7369 		.ascii	"unsigned int\000"
 195      676E6564 
 195      20696E74 
 195      00
 196              	.LASF5:
 197 000d 6C6F6E67 		.ascii	"long unsigned int\000"
 197      20756E73 
 197      69676E65 
 197      6420696E 
 197      7400
 198              	.LASF0:
 199 001f 7369676E 		.ascii	"signed char\000"
 199      65642063 
 199      68617200 
 200              	.LASF11:
 201 002b 2F557365 		.ascii	"/Users/lukashann/Documents/Imperial College London/"
 201      72732F6C 
 201      756B6173 
 201      68616E6E 
 201      2F446F63 
 202 005e 59656172 		.ascii	"Year 3/Project/fNIRS-Musketeers/nrf52/blinky\000"
 202      20332F50 
 202      726F6A65 
 202      63742F66 
 202      4E495253 
 203              	.LASF3:
 204 008b 73686F72 		.ascii	"short unsigned int\000"
 204      7420756E 
 204      7369676E 
 204      65642069 
ARM GAS  /var/folders/nl/q97gxh4d5b321tqt4kfb6yzh0000gn/T//ccxIjV8q.s 			page 5


 204      6E7400
 205              	.LASF10:
 206 009e 2E2E2F73 		.ascii	"../sdk/nRF5_SDK_12.2.0_f012efa/components/libraries"
 206      646B2F6E 
 206      5246355F 
 206      53444B5F 
 206      31322E32 
 207 00d1 2F757469 		.ascii	"/util/sdk_errors.c\000"
 207      6C2F7364 
 207      6B5F6572 
 207      726F7273 
 207      2E6300
 208              	.LASF2:
 209 00e4 73686F72 		.ascii	"short int\000"
 209      7420696E 
 209      7400
 210              	.LASF7:
 211 00ee 6C6F6E67 		.ascii	"long long unsigned int\000"
 211      206C6F6E 
 211      6720756E 
 211      7369676E 
 211      65642069 
 212              	.LASF1:
 213 0105 756E7369 		.ascii	"unsigned char\000"
 213      676E6564 
 213      20636861 
 213      7200
 214              	.LASF4:
 215 0113 6C6F6E67 		.ascii	"long int\000"
 215      20696E74 
 215      00
 216              	.LASF9:
 217 011c 474E5520 		.ascii	"GNU C11 6.2.1 20161205 (release) [ARM/embedded-6-br"
 217      43313120 
 217      362E322E 
 217      31203230 
 217      31363132 
 218 014f 616E6368 		.ascii	"anch revision 243739] -mcpu=cortex-m4 -mthumb -gdwa"
 218      20726576 
 218      6973696F 
 218      6E203234 
 218      33373339 
 219 0182 72662D32 		.ascii	"rf-2 -Os -fomit-frame-pointer\000"
 219      202D4F73 
 219      202D666F 
 219      6D69742D 
 219      6672616D 
 220              	.LASF6:
 221 01a0 6C6F6E67 		.ascii	"long long int\000"
 221      206C6F6E 
 221      6720696E 
 221      7400
 222              		.ident	"GCC: (GNU Tools for ARM Embedded Processors) 6.2.1 20161205 (release) [ARM/embedded-6-bran
ARM GAS  /var/folders/nl/q97gxh4d5b321tqt4kfb6yzh0000gn/T//ccxIjV8q.s 			page 6


DEFINED SYMBOLS
                            *ABS*:0000000000000000 sdk_errors.c

NO UNDEFINED SYMBOLS
