ARM GAS  /var/folders/nl/q97gxh4d5b321tqt4kfb6yzh0000gn/T//ccNlqjTu.s 			page 1


   1              		.cpu cortex-m4
   2              		.eabi_attribute 20, 1	@ Tag_ABI_FP_denormal
   3              		.eabi_attribute 21, 1	@ Tag_ABI_FP_exceptions
   4              		.eabi_attribute 23, 3	@ Tag_ABI_FP_number_model
   5              		.eabi_attribute 24, 1	@ Tag_ABI_align8_needed
   6              		.eabi_attribute 25, 1	@ Tag_ABI_align8_preserved
   7              		.eabi_attribute 26, 1	@ Tag_ABI_enum_size
   8              		.eabi_attribute 30, 4	@ Tag_ABI_optimization_goals
   9              		.eabi_attribute 34, 1	@ Tag_CPU_unaligned_access
  10              		.eabi_attribute 18, 4	@ Tag_ABI_PCS_wchar_t
  11              		.file	"nrf_adc.c"
  12              	@ GNU C11 (GNU Tools for ARM Embedded Processors) version 6.2.1 20161205 (release) [ARM/embedded-6-
  13              	@	compiled by GNU C version 5.4.0, GMP version 6.1.0, MPFR version 3.1.4, MPC version 1.0.3, isl ve
  14              	@ GGC heuristics: --param ggc-min-expand=100 --param ggc-min-heapsize=131072
  15              	@ options passed:  -I . -I include/ -I cfg/
  16              	@ -I ../sdk/nRF5_SDK_12.2.0_f012efa/components/toolchain/cmsis/include
  17              	@ -I ../sdk/nRF5_SDK_12.2.0_f012efa/components/libraries/log
  18              	@ -I ../sdk/nRF5_SDK_12.2.0_f012efa/components/libraries/log/src
  19              	@ -I ../sdk/nRF5_SDK_12.2.0_f012efa/components/toolchain
  20              	@ -I ../sdk/nRF5_SDK_12.2.0_f012efa/components/toolchain/arm
  21              	@ -I ../sdk/nRF5_SDK_12.2.0_f012efa/components/toolchain/gcc
  22              	@ -I ../sdk/nRF5_SDK_12.2.0_f012efa/components/device
  23              	@ -I ../sdk/nRF5_SDK_12.2.0_f012efa/components/drivers_nrf/nrf_soc_nosd
  24              	@ -I ../sdk/nRF5_SDK_12.2.0_f012efa/components/drivers_nrf/hal
  25              	@ -I ../sdk/nRF5_SDK_12.2.0_f012efa/components/drivers_nrf/common
  26              	@ -I ../sdk/nRF5_SDK_12.2.0_f012efa/components/libraries/util
  27              	@ -imultilib thumb/v7e-m
  28              	@ -iprefix /Users/lukashann/Documents/Imperial College London/Year 3/Project/fNIRS-Musketeers/nrf52
  29              	@ -isysroot /Users/lukashann/Documents/Imperial College London/Year 3/Project/fNIRS-Musketeers/nrf5
  30              	@ -MD ../sdk/nRF5_SDK_12.2.0_f012efa/components/drivers_nrf/hal/nrf_adc.d
  31              	@ -MF .depnrf_adc.o.d -MP
  32              	@ -MQ ../sdk/nRF5_SDK_12.2.0_f012efa/components/drivers_nrf/hal/nrf_adc.o
  33              	@ -D__USES_INITFINI__ -D NRF52
  34              	@ ../sdk/nRF5_SDK_12.2.0_f012efa/components/drivers_nrf/hal/nrf_adc.c
  35              	@ -mcpu=cortex-m4 -mthumb
  36              	@ -auxbase-strip ../sdk/nRF5_SDK_12.2.0_f012efa/components/drivers_nrf/hal/nrf_adc.o
  37              	@ -gdwarf-2 -Os -Wall -Wstrict-prototypes -fomit-frame-pointer
  38              	@ -fverbose-asm
  39              	@ options enabled:  -faggressive-loop-optimizations -falign-jumps
  40              	@ -falign-labels -falign-loops -fauto-inc-dec -fbranch-count-reg
  41              	@ -fcaller-saves -fchkp-check-incomplete-type -fchkp-check-read
  42              	@ -fchkp-check-write -fchkp-instrument-calls -fchkp-narrow-bounds
  43              	@ -fchkp-optimize -fchkp-store-bounds -fchkp-use-static-bounds
  44              	@ -fchkp-use-static-const-bounds -fchkp-use-wrappers
  45              	@ -fcombine-stack-adjustments -fcommon -fcompare-elim -fcprop-registers
  46              	@ -fcrossjumping -fcse-follow-jumps -fdefer-pop
  47              	@ -fdelete-null-pointer-checks -fdevirtualize -fdevirtualize-speculatively
  48              	@ -fdwarf2-cfi-asm -fearly-inlining -feliminate-unused-debug-types
  49              	@ -fexpensive-optimizations -fforward-propagate -ffunction-cse -fgcse
  50              	@ -fgcse-lm -fgnu-runtime -fgnu-unique -fguess-branch-probability
  51              	@ -fhoist-adjacent-loads -fident -fif-conversion -fif-conversion2
  52              	@ -findirect-inlining -finline -finline-atomics -finline-functions
  53              	@ -finline-functions-called-once -finline-small-functions -fipa-cp
  54              	@ -fipa-cp-alignment -fipa-icf -fipa-icf-functions -fipa-icf-variables
  55              	@ -fipa-profile -fipa-pure-const -fipa-ra -fipa-reference -fipa-sra
  56              	@ -fira-hoist-pressure -fira-share-save-slots -fira-share-spill-slots
  57              	@ -fisolate-erroneous-paths-dereference -fivopts -fkeep-static-consts
ARM GAS  /var/folders/nl/q97gxh4d5b321tqt4kfb6yzh0000gn/T//ccNlqjTu.s 			page 2


  58              	@ -fleading-underscore -flifetime-dse -flra-remat -flto-odr-type-merging
  59              	@ -fmath-errno -fmerge-constants -fmerge-debug-strings
  60              	@ -fmove-loop-invariants -fomit-frame-pointer -foptimize-sibling-calls
  61              	@ -fpartial-inlining -fpeephole -fpeephole2 -fplt -fprefetch-loop-arrays
  62              	@ -freg-struct-return -freorder-blocks -freorder-functions
  63              	@ -frerun-cse-after-loop -fsched-critical-path-heuristic
  64              	@ -fsched-dep-count-heuristic -fsched-group-heuristic -fsched-interblock
  65              	@ -fsched-last-insn-heuristic -fsched-pressure -fsched-rank-heuristic
  66              	@ -fsched-spec -fsched-spec-insn-heuristic -fsched-stalled-insns-dep
  67              	@ -fschedule-insns2 -fsection-anchors -fsemantic-interposition
  68              	@ -fshow-column -fsigned-zeros -fsplit-ivs-in-unroller -fsplit-wide-types
  69              	@ -fssa-backprop -fssa-phiopt -fstdarg-opt -fstrict-aliasing
  70              	@ -fstrict-overflow -fstrict-volatile-bitfields -fsync-libcalls
  71              	@ -fthread-jumps -ftoplevel-reorder -ftrapping-math -ftree-bit-ccp
  72              	@ -ftree-builtin-call-dce -ftree-ccp -ftree-ch -ftree-coalesce-vars
  73              	@ -ftree-copy-prop -ftree-cselim -ftree-dce -ftree-dominator-opts
  74              	@ -ftree-dse -ftree-forwprop -ftree-fre -ftree-loop-if-convert
  75              	@ -ftree-loop-im -ftree-loop-ivcanon -ftree-loop-optimize
  76              	@ -ftree-parallelize-loops= -ftree-phiprop -ftree-pre -ftree-pta
  77              	@ -ftree-reassoc -ftree-scev-cprop -ftree-sink -ftree-slsr -ftree-sra
  78              	@ -ftree-switch-conversion -ftree-tail-merge -ftree-ter -ftree-vrp
  79              	@ -funit-at-a-time -fvar-tracking -fvar-tracking-assignments -fverbose-asm
  80              	@ -fzero-initialized-in-bss -masm-syntax-unified -mlittle-endian
  81              	@ -mpic-data-is-text-relative -msched-prolog -mthumb -munaligned-access
  82              	@ -mvectorize-with-neon-quad
  83              	
  84              		.text
  85              	.Ltext0:
  86              		.cfi_sections	.debug_frame
  87              	.Letext0:
  88              		.file 1 "/Users/lukashann/Documents/Imperial College London/Year 3/Project/fNIRS-Musketeers/nrf52/
  89              		.file 2 "/Users/lukashann/Documents/Imperial College London/Year 3/Project/fNIRS-Musketeers/nrf52/
  90              		.file 3 "../sdk/nRF5_SDK_12.2.0_f012efa/components/toolchain/cmsis/include/core_cm4.h"
  91              		.file 4 "../sdk/nRF5_SDK_12.2.0_f012efa/components/toolchain/system_nrf52.h"
  92              		.section	.debug_info,"",%progbits
  93              	.Ldebug_info0:
  94 0000 BA000000 		.4byte	0xba
  95 0004 0200     		.2byte	0x2
  96 0006 00000000 		.4byte	.Ldebug_abbrev0
  97 000a 04       		.byte	0x4
  98 000b 01       		.uleb128 0x1
  99 000c 59010000 		.4byte	.LASF17
 100 0010 0C       		.byte	0xc
 101 0011 21000000 		.4byte	.LASF18
 102 0015 D6000000 		.4byte	.LASF19
 103 0019 00000000 		.4byte	.Ldebug_line0
 104 001d 02       		.uleb128 0x2
 105 001e 04       		.byte	0x4
 106 001f 05       		.byte	0x5
 107 0020 696E7400 		.ascii	"int\000"
 108 0024 03       		.uleb128 0x3
 109 0025 04       		.byte	0x4
 110 0026 07       		.byte	0x7
 111 0027 65000000 		.4byte	.LASF0
 112 002b 03       		.uleb128 0x3
 113 002c 08       		.byte	0x8
 114 002d 05       		.byte	0x5
ARM GAS  /var/folders/nl/q97gxh4d5b321tqt4kfb6yzh0000gn/T//ccNlqjTu.s 			page 3


 115 002e 00000000 		.4byte	.LASF1
 116 0032 03       		.uleb128 0x3
 117 0033 08       		.byte	0x8
 118 0034 04       		.byte	0x4
 119 0035 DD010000 		.4byte	.LASF2
 120 0039 03       		.uleb128 0x3
 121 003a 01       		.byte	0x1
 122 003b 06       		.byte	0x6
 123 003c 43010000 		.4byte	.LASF3
 124 0040 03       		.uleb128 0x3
 125 0041 01       		.byte	0x1
 126 0042 08       		.byte	0x8
 127 0043 B6000000 		.4byte	.LASF4
 128 0047 03       		.uleb128 0x3
 129 0048 02       		.byte	0x2
 130 0049 05       		.byte	0x5
 131 004a E9010000 		.4byte	.LASF5
 132 004e 03       		.uleb128 0x3
 133 004f 02       		.byte	0x2
 134 0050 07       		.byte	0x7
 135 0051 0E000000 		.4byte	.LASF6
 136 0055 04       		.uleb128 0x4
 137 0056 4F010000 		.4byte	.LASF8
 138 005a 01       		.byte	0x1
 139 005b 4D       		.byte	0x4d
 140 005c 60000000 		.4byte	0x60
 141 0060 03       		.uleb128 0x3
 142 0061 04       		.byte	0x4
 143 0062 05       		.byte	0x5
 144 0063 CD000000 		.4byte	.LASF7
 145 0067 04       		.uleb128 0x4
 146 0068 72000000 		.4byte	.LASF9
 147 006c 01       		.byte	0x1
 148 006d 4F       		.byte	0x4f
 149 006e 72000000 		.4byte	0x72
 150 0072 03       		.uleb128 0x3
 151 0073 04       		.byte	0x4
 152 0074 07       		.byte	0x7
 153 0075 8D000000 		.4byte	.LASF10
 154 0079 03       		.uleb128 0x3
 155 007a 08       		.byte	0x8
 156 007b 07       		.byte	0x7
 157 007c 9F000000 		.4byte	.LASF11
 158 0080 04       		.uleb128 0x4
 159 0081 F3010000 		.4byte	.LASF12
 160 0085 02       		.byte	0x2
 161 0086 2C       		.byte	0x2c
 162 0087 55000000 		.4byte	0x55
 163 008b 05       		.uleb128 0x5
 164 008c 80000000 		.4byte	0x80
 165 0090 04       		.uleb128 0x4
 166 0091 C4000000 		.4byte	.LASF13
 167 0095 02       		.byte	0x2
 168 0096 30       		.byte	0x30
 169 0097 67000000 		.4byte	0x67
 170 009b 03       		.uleb128 0x3
 171 009c 04       		.byte	0x4
ARM GAS  /var/folders/nl/q97gxh4d5b321tqt4kfb6yzh0000gn/T//ccNlqjTu.s 			page 4


 172 009d 07       		.byte	0x7
 173 009e FB010000 		.4byte	.LASF14
 174 00a2 06       		.uleb128 0x6
 175 00a3 36010000 		.4byte	.LASF15
 176 00a7 03       		.byte	0x3
 177 00a8 4407     		.2byte	0x744
 178 00aa 8B000000 		.4byte	0x8b
 179 00ae 01       		.byte	0x1
 180 00af 01       		.byte	0x1
 181 00b0 07       		.uleb128 0x7
 182 00b1 7D000000 		.4byte	.LASF16
 183 00b5 04       		.byte	0x4
 184 00b6 29       		.byte	0x29
 185 00b7 90000000 		.4byte	0x90
 186 00bb 01       		.byte	0x1
 187 00bc 01       		.byte	0x1
 188 00bd 00       		.byte	0
 189              		.section	.debug_abbrev,"",%progbits
 190              	.Ldebug_abbrev0:
 191 0000 01       		.uleb128 0x1
 192 0001 11       		.uleb128 0x11
 193 0002 01       		.byte	0x1
 194 0003 25       		.uleb128 0x25
 195 0004 0E       		.uleb128 0xe
 196 0005 13       		.uleb128 0x13
 197 0006 0B       		.uleb128 0xb
 198 0007 03       		.uleb128 0x3
 199 0008 0E       		.uleb128 0xe
 200 0009 1B       		.uleb128 0x1b
 201 000a 0E       		.uleb128 0xe
 202 000b 10       		.uleb128 0x10
 203 000c 06       		.uleb128 0x6
 204 000d 00       		.byte	0
 205 000e 00       		.byte	0
 206 000f 02       		.uleb128 0x2
 207 0010 24       		.uleb128 0x24
 208 0011 00       		.byte	0
 209 0012 0B       		.uleb128 0xb
 210 0013 0B       		.uleb128 0xb
 211 0014 3E       		.uleb128 0x3e
 212 0015 0B       		.uleb128 0xb
 213 0016 03       		.uleb128 0x3
 214 0017 08       		.uleb128 0x8
 215 0018 00       		.byte	0
 216 0019 00       		.byte	0
 217 001a 03       		.uleb128 0x3
 218 001b 24       		.uleb128 0x24
 219 001c 00       		.byte	0
 220 001d 0B       		.uleb128 0xb
 221 001e 0B       		.uleb128 0xb
 222 001f 3E       		.uleb128 0x3e
 223 0020 0B       		.uleb128 0xb
 224 0021 03       		.uleb128 0x3
 225 0022 0E       		.uleb128 0xe
 226 0023 00       		.byte	0
 227 0024 00       		.byte	0
 228 0025 04       		.uleb128 0x4
ARM GAS  /var/folders/nl/q97gxh4d5b321tqt4kfb6yzh0000gn/T//ccNlqjTu.s 			page 5


 229 0026 16       		.uleb128 0x16
 230 0027 00       		.byte	0
 231 0028 03       		.uleb128 0x3
 232 0029 0E       		.uleb128 0xe
 233 002a 3A       		.uleb128 0x3a
 234 002b 0B       		.uleb128 0xb
 235 002c 3B       		.uleb128 0x3b
 236 002d 0B       		.uleb128 0xb
 237 002e 49       		.uleb128 0x49
 238 002f 13       		.uleb128 0x13
 239 0030 00       		.byte	0
 240 0031 00       		.byte	0
 241 0032 05       		.uleb128 0x5
 242 0033 35       		.uleb128 0x35
 243 0034 00       		.byte	0
 244 0035 49       		.uleb128 0x49
 245 0036 13       		.uleb128 0x13
 246 0037 00       		.byte	0
 247 0038 00       		.byte	0
 248 0039 06       		.uleb128 0x6
 249 003a 34       		.uleb128 0x34
 250 003b 00       		.byte	0
 251 003c 03       		.uleb128 0x3
 252 003d 0E       		.uleb128 0xe
 253 003e 3A       		.uleb128 0x3a
 254 003f 0B       		.uleb128 0xb
 255 0040 3B       		.uleb128 0x3b
 256 0041 05       		.uleb128 0x5
 257 0042 49       		.uleb128 0x49
 258 0043 13       		.uleb128 0x13
 259 0044 3F       		.uleb128 0x3f
 260 0045 0C       		.uleb128 0xc
 261 0046 3C       		.uleb128 0x3c
 262 0047 0C       		.uleb128 0xc
 263 0048 00       		.byte	0
 264 0049 00       		.byte	0
 265 004a 07       		.uleb128 0x7
 266 004b 34       		.uleb128 0x34
 267 004c 00       		.byte	0
 268 004d 03       		.uleb128 0x3
 269 004e 0E       		.uleb128 0xe
 270 004f 3A       		.uleb128 0x3a
 271 0050 0B       		.uleb128 0xb
 272 0051 3B       		.uleb128 0x3b
 273 0052 0B       		.uleb128 0xb
 274 0053 49       		.uleb128 0x49
 275 0054 13       		.uleb128 0x13
 276 0055 3F       		.uleb128 0x3f
 277 0056 0C       		.uleb128 0xc
 278 0057 3C       		.uleb128 0x3c
 279 0058 0C       		.uleb128 0xc
 280 0059 00       		.byte	0
 281 005a 00       		.byte	0
 282 005b 00       		.byte	0
 283              		.section	.debug_aranges,"",%progbits
 284 0000 14000000 		.4byte	0x14
 285 0004 0200     		.2byte	0x2
ARM GAS  /var/folders/nl/q97gxh4d5b321tqt4kfb6yzh0000gn/T//ccNlqjTu.s 			page 6


 286 0006 00000000 		.4byte	.Ldebug_info0
 287 000a 04       		.byte	0x4
 288 000b 00       		.byte	0
 289 000c 0000     		.2byte	0
 290 000e 0000     		.2byte	0
 291 0010 00000000 		.4byte	0
 292 0014 00000000 		.4byte	0
 293              		.section	.debug_line,"",%progbits
 294              	.Ldebug_line0:
 295 0000 DE010000 		.section	.debug_str,"MS",%progbits,1
 295      0200D801 
 295      00000201 
 295      FB0E0D00 
 295      01010101 
 296              	.LASF1:
 297 0000 6C6F6E67 		.ascii	"long long int\000"
 297      206C6F6E 
 297      6720696E 
 297      7400
 298              	.LASF6:
 299 000e 73686F72 		.ascii	"short unsigned int\000"
 299      7420756E 
 299      7369676E 
 299      65642069 
 299      6E7400
 300              	.LASF18:
 301 0021 2E2E2F73 		.ascii	"../sdk/nRF5_SDK_12.2.0_f012efa/components/drivers_n"
 301      646B2F6E 
 301      5246355F 
 301      53444B5F 
 301      31322E32 
 302 0054 72662F68 		.ascii	"rf/hal/nrf_adc.c\000"
 302      616C2F6E 
 302      72665F61 
 302      64632E63 
 302      00
 303              	.LASF0:
 304 0065 756E7369 		.ascii	"unsigned int\000"
 304      676E6564 
 304      20696E74 
 304      00
 305              	.LASF9:
 306 0072 5F5F7569 		.ascii	"__uint32_t\000"
 306      6E743332 
 306      5F7400
 307              	.LASF16:
 308 007d 53797374 		.ascii	"SystemCoreClock\000"
 308      656D436F 
 308      7265436C 
 308      6F636B00 
 309              	.LASF10:
 310 008d 6C6F6E67 		.ascii	"long unsigned int\000"
 310      20756E73 
 310      69676E65 
 310      6420696E 
 310      7400
 311              	.LASF11:
ARM GAS  /var/folders/nl/q97gxh4d5b321tqt4kfb6yzh0000gn/T//ccNlqjTu.s 			page 7


 312 009f 6C6F6E67 		.ascii	"long long unsigned int\000"
 312      206C6F6E 
 312      6720756E 
 312      7369676E 
 312      65642069 
 313              	.LASF4:
 314 00b6 756E7369 		.ascii	"unsigned char\000"
 314      676E6564 
 314      20636861 
 314      7200
 315              	.LASF13:
 316 00c4 75696E74 		.ascii	"uint32_t\000"
 316      33325F74 
 316      00
 317              	.LASF7:
 318 00cd 6C6F6E67 		.ascii	"long int\000"
 318      20696E74 
 318      00
 319              	.LASF19:
 320 00d6 2F557365 		.ascii	"/Users/lukashann/Documents/Imperial College London/"
 320      72732F6C 
 320      756B6173 
 320      68616E6E 
 320      2F446F63 
 321 0109 59656172 		.ascii	"Year 3/Project/fNIRS-Musketeers/nrf52/blinky\000"
 321      20332F50 
 321      726F6A65 
 321      63742F66 
 321      4E495253 
 322              	.LASF15:
 323 0136 49544D5F 		.ascii	"ITM_RxBuffer\000"
 323      52784275 
 323      66666572 
 323      00
 324              	.LASF3:
 325 0143 7369676E 		.ascii	"signed char\000"
 325      65642063 
 325      68617200 
 326              	.LASF8:
 327 014f 5F5F696E 		.ascii	"__int32_t\000"
 327      7433325F 
 327      7400
 328              	.LASF17:
 329 0159 474E5520 		.ascii	"GNU C11 6.2.1 20161205 (release) [ARM/embedded-6-br"
 329      43313120 
 329      362E322E 
 329      31203230 
 329      31363132 
 330 018c 616E6368 		.ascii	"anch revision 243739] -mcpu=cortex-m4 -mthumb -gdwa"
 330      20726576 
 330      6973696F 
 330      6E203234 
 330      33373339 
 331 01bf 72662D32 		.ascii	"rf-2 -Os -fomit-frame-pointer\000"
 331      202D4F73 
 331      202D666F 
 331      6D69742D 
ARM GAS  /var/folders/nl/q97gxh4d5b321tqt4kfb6yzh0000gn/T//ccNlqjTu.s 			page 8


 331      6672616D 
 332              	.LASF2:
 333 01dd 6C6F6E67 		.ascii	"long double\000"
 333      20646F75 
 333      626C6500 
 334              	.LASF5:
 335 01e9 73686F72 		.ascii	"short int\000"
 335      7420696E 
 335      7400
 336              	.LASF12:
 337 01f3 696E7433 		.ascii	"int32_t\000"
 337      325F7400 
 338              	.LASF14:
 339 01fb 73697A65 		.ascii	"sizetype\000"
 339      74797065 
 339      00
 340              		.ident	"GCC: (GNU Tools for ARM Embedded Processors) 6.2.1 20161205 (release) [ARM/embedded-6-bran
ARM GAS  /var/folders/nl/q97gxh4d5b321tqt4kfb6yzh0000gn/T//ccNlqjTu.s 			page 9


DEFINED SYMBOLS
                            *ABS*:0000000000000000 nrf_adc.c

NO UNDEFINED SYMBOLS
