Archive member included to satisfy reference by file (symbol)

/Users/lukashann/Documents/Imperial College London/Year 3/Project/fNIRS-Musketeers/nrf52/toolchain/arm_cm4/bin/../lib/gcc/arm-none-eabi/6.2.1/../../../../arm-none-eabi/lib/thumb/v7e-m/fpv4-sp/hard/libc_nano.a(lib_a-exit.o)
                              /Users/lukashann/Documents/Imperial College London/Year 3/Project/fNIRS-Musketeers/nrf52/toolchain/arm_cm4/bin/../lib/gcc/arm-none-eabi/6.2.1/../../../../arm-none-eabi/lib/thumb/v7e-m/fpv4-sp/hard/crt0.o (exit)
/Users/lukashann/Documents/Imperial College London/Year 3/Project/fNIRS-Musketeers/nrf52/toolchain/arm_cm4/bin/../lib/gcc/arm-none-eabi/6.2.1/../../../../arm-none-eabi/lib/thumb/v7e-m/fpv4-sp/hard/libc_nano.a(lib_a-impure.o)
                              /Users/lukashann/Documents/Imperial College London/Year 3/Project/fNIRS-Musketeers/nrf52/toolchain/arm_cm4/bin/../lib/gcc/arm-none-eabi/6.2.1/../../../../arm-none-eabi/lib/thumb/v7e-m/fpv4-sp/hard/libc_nano.a(lib_a-exit.o) (_global_impure_ptr)
/Users/lukashann/Documents/Imperial College London/Year 3/Project/fNIRS-Musketeers/nrf52/toolchain/arm_cm4/bin/../lib/gcc/arm-none-eabi/6.2.1/../../../../arm-none-eabi/lib/thumb/v7e-m/fpv4-sp/hard/libc_nano.a(lib_a-init.o)
                              /Users/lukashann/Documents/Imperial College London/Year 3/Project/fNIRS-Musketeers/nrf52/toolchain/arm_cm4/bin/../lib/gcc/arm-none-eabi/6.2.1/../../../../arm-none-eabi/lib/thumb/v7e-m/fpv4-sp/hard/crt0.o (__libc_init_array)
/Users/lukashann/Documents/Imperial College London/Year 3/Project/fNIRS-Musketeers/nrf52/toolchain/arm_cm4/bin/../lib/gcc/arm-none-eabi/6.2.1/../../../../arm-none-eabi/lib/thumb/v7e-m/fpv4-sp/hard/libc_nano.a(lib_a-memset.o)
                              /Users/lukashann/Documents/Imperial College London/Year 3/Project/fNIRS-Musketeers/nrf52/toolchain/arm_cm4/bin/../lib/gcc/arm-none-eabi/6.2.1/../../../../arm-none-eabi/lib/thumb/v7e-m/fpv4-sp/hard/crt0.o (memset)
/Users/lukashann/Documents/Imperial College London/Year 3/Project/fNIRS-Musketeers/nrf52/toolchain/arm_cm4/bin/../lib/gcc/arm-none-eabi/6.2.1/../../../../arm-none-eabi/lib/thumb/v7e-m/fpv4-sp/hard/libnosys.a(_exit.o)
                              /Users/lukashann/Documents/Imperial College London/Year 3/Project/fNIRS-Musketeers/nrf52/toolchain/arm_cm4/bin/../lib/gcc/arm-none-eabi/6.2.1/../../../../arm-none-eabi/lib/thumb/v7e-m/fpv4-sp/hard/libc_nano.a(lib_a-exit.o) (_exit)
/Users/lukashann/Documents/Imperial College London/Year 3/Project/fNIRS-Musketeers/nrf52/toolchain/arm_cm4/bin/../lib/gcc/arm-none-eabi/6.2.1/../../../../arm-none-eabi/lib/thumb/v7e-m/fpv4-sp/hard/libc_nano.a(lib_a-memcpy-stub.o)
                              _build/nrf52832_xxaa_SEGGER_RTT.c.o (memcpy)
/Users/lukashann/Documents/Imperial College London/Year 3/Project/fNIRS-Musketeers/nrf52/toolchain/arm_cm4/bin/../lib/gcc/arm-none-eabi/6.2.1/../../../../arm-none-eabi/lib/thumb/v7e-m/fpv4-sp/hard/libc_nano.a(lib_a-strcpy.o)
                              _build/nrf52832_xxaa_SEGGER_RTT.c.o (strcpy)
/Users/lukashann/Documents/Imperial College London/Year 3/Project/fNIRS-Musketeers/nrf52/toolchain/arm_cm4/bin/../lib/gcc/arm-none-eabi/6.2.1/../../../../arm-none-eabi/lib/thumb/v7e-m/fpv4-sp/hard/libc_nano.a(lib_a-strlen.o)
                              _build/nrf52832_xxaa_SEGGER_RTT.c.o (strlen)

Allocating common symbols
Common symbol       size              file

_SEGGER_RTT         0x78              _build/nrf52832_xxaa_SEGGER_RTT.c.o

Discarded input sections

 .text          0x0000000000000000        0x0 /Users/lukashann/Documents/Imperial College London/Year 3/Project/fNIRS-Musketeers/nrf52/toolchain/arm_cm4/bin/../lib/gcc/arm-none-eabi/6.2.1/thumb/v7e-m/fpv4-sp/hard/crti.o
 .data          0x0000000000000000        0x0 /Users/lukashann/Documents/Imperial College London/Year 3/Project/fNIRS-Musketeers/nrf52/toolchain/arm_cm4/bin/../lib/gcc/arm-none-eabi/6.2.1/thumb/v7e-m/fpv4-sp/hard/crti.o
 .bss           0x0000000000000000        0x0 /Users/lukashann/Documents/Imperial College London/Year 3/Project/fNIRS-Musketeers/nrf52/toolchain/arm_cm4/bin/../lib/gcc/arm-none-eabi/6.2.1/thumb/v7e-m/fpv4-sp/hard/crti.o
 .data          0x0000000000000000        0x4 /Users/lukashann/Documents/Imperial College London/Year 3/Project/fNIRS-Musketeers/nrf52/toolchain/arm_cm4/bin/../lib/gcc/arm-none-eabi/6.2.1/thumb/v7e-m/fpv4-sp/hard/crtbegin.o
 .data          0x0000000000000000        0x0 /Users/lukashann/Documents/Imperial College London/Year 3/Project/fNIRS-Musketeers/nrf52/toolchain/arm_cm4/bin/../lib/gcc/arm-none-eabi/6.2.1/../../../../arm-none-eabi/lib/thumb/v7e-m/fpv4-sp/hard/crt0.o
 .bss           0x0000000000000000        0x0 /Users/lukashann/Documents/Imperial College London/Year 3/Project/fNIRS-Musketeers/nrf52/toolchain/arm_cm4/bin/../lib/gcc/arm-none-eabi/6.2.1/../../../../arm-none-eabi/lib/thumb/v7e-m/fpv4-sp/hard/crt0.o
[...]
Memory Configuration

Name             Origin             Length             Attributes
FLASH            0x0000000000000000 0x0000000000080000 xr
RAM              0x0000000020000000 0x0000000000010000 xrw
*default*        0x0000000000000000 0xffffffffffffffff

Linker script and memory map


.text           0x0000000000000000     0x145c
 *(.isr_vector)
 .isr_vector    0x0000000000000000      0x400 _build/nrf52832_xxaa_gcc_startup_nrf52.S.o
                0x0000000000000000                __isr_vector
 *(.text*)
 .text          0x0000000000000400       0x6c /Users/lukashann/Documents/Imperial College London/Year 3/Project/fNIRS-Musketeers/nrf52/toolchain/arm_cm4/bin/../lib/gcc/arm-none-eabi/6.2.1/thumb/v7e-m/fpv4-sp/hard/crtbegin.o
 .text          0x000000000000046c       0x74 /Users/lukashann/Documents/Imperial College London/Year 3/Project/fNIRS-Musketeers/nrf52/toolchain/arm_cm4/bin/../lib/gcc/arm-none-eabi/6.2.1/../../../../arm-none-eabi/lib/thumb/v7e-m/fpv4-sp/hard/crt0.o
                0x000000000000046c                _mainCRTStartup
                0x000000000000046c                _start
 .text.exit     0x00000000000004e0       0x28 /Users/lukashann/Documents/Imperial College London/Year 3/Project/fNIRS-Musketeers/nrf52/toolchain/arm_cm4/bin/../lib/gcc/arm-none-eabi/6.2.1/../../../../arm-none-eabi/lib/thumb/v7e-m/fpv4-sp/hard/libc_nano.a(lib_a-exit.o)
                0x00000000000004e0                exit
 .text.__libc_init_array
                0x0000000000000508       0x48 /Users/lukashann/Documents/Imperial College London/Year 3/Project/fNIRS-Musketeers/nrf52/toolchain/arm_cm4/bin/../lib/gcc/arm-none-eabi/6.2.1/../../../../arm-none-eabi/lib/thumb/v7e-m/fpv4-sp/hard/libc_nano.a(lib_a-init.o)
                0x0000000000000508                __libc_init_array
 .text.memset   0x0000000000000550       0x10 /Users/lukashann/Documents/Imperial College London/Year 3/Project/fNIRS-Musketeers/nrf52/toolchain/arm_cm4/bin/../lib/gcc/arm-none-eabi/6.2.1/../../../../arm-none-eabi/lib/thumb/v7e-m/fpv4-sp/hard/libc_nano.a(lib_a-memset.o)
                0x0000000000000550                memset
 .text._exit    0x0000000000000560        0x4 /Users/lukashann/Documents/Imperial College London/Year 3/Project/fNIRS-Musketeers/nrf52/toolchain/arm_cm4/bin/../lib/gcc/arm-none-eabi/6.2.1/../../../../arm-none-eabi/lib/thumb/v7e-m/fpv4-sp/hard/libnosys.a(_exit.o)
                0x0000000000000560                _exit
 .text.startup.main
                0x0000000000000564       0xa4 _build/nrf52832_xxaa_main.c.o
                0x0000000000000564                main
 .text.app_error_handler_bare
                0x0000000000000608       0x20 _build/nrf52832_xxaa_app_error.c.o
                0x0000000000000608                app_error_handler_bare
 .text.app_error_fault_handler
                0x0000000000000628       0x24 _build/nrf52832_xxaa_app_error_weak.c.o
                0x0000000000000628                app_error_fault_handler
 .text.RTC1_IRQHandler
                0x000000000000064c       0xc4 _build/nrf52832_xxaa_app_timer.c.o
                0x000000000000064c                RTC1_IRQHandler
 .text.SWI0_EGU0_IRQHandler
                0x0000000000000710      0x630 _build/nrf52832_xxaa_app_timer.c.o
                0x0000000000000710                SWI0_EGU0_IRQHandler
 .text.bsp_board_led_invert
                0x0000000000000d40       0x24 _build/nrf52832_xxaa_boards.c.o
                0x0000000000000d40                bsp_board_led_invert
 .text.bsp_board_leds_init
                0x0000000000000d64       0x3c _build/nrf52832_xxaa_boards.c.o
                0x0000000000000d64                bsp_board_leds_init
 .text.POWER_CLOCK_IRQHandler
                0x0000000000000da0       0x78 _build/nrf52832_xxaa_nrf_drv_clock.c.o
                0x0000000000000da0                POWER_CLOCK_IRQHandler
 .text.UARTE0_UART0_IRQHandler
                0x0000000000000e18      0x2f4 _build/nrf52832_xxaa_nrf_drv_uart.c.o
                0x0000000000000e18                UARTE0_UART0_IRQHandler
 .text          0x000000000000110c       0x3c _build/nrf52832_xxaa_gcc_startup_nrf52.S.o
                0x000000000000110c                Reset_Handler
                0x0000000000001134                NMI_Handler
                0x0000000000001136                HardFault_Handler
                0x0000000000001138                MemoryManagement_Handler
                0x000000000000113a                BusFault_Handler
                0x000000000000113c                UsageFault_Handler
                0x000000000000113e                SVC_Handler
                0x0000000000001140                DebugMon_Handler
                0x0000000000001142                PendSV_Handler
                0x0000000000001144                SysTick_Handler
                0x0000000000001146                FPU_IRQHandler
                0x0000000000001146                SPIM0_SPIS0_TWIM0_TWIS0_SPI0_TWI0_IRQHandler
                0x0000000000001146                TIMER4_IRQHandler
                0x0000000000001146                I2S_IRQHandler
                0x0000000000001146                SWI4_EGU4_IRQHandler
                0x0000000000001146                TIMER0_IRQHandler
                0x0000000000001146                TIMER1_IRQHandler
                0x0000000000001146                PWM2_IRQHandler
                0x0000000000001146                ECB_IRQHandler
                0x0000000000001146                SPIM1_SPIS1_TWIM1_TWIS1_SPI1_TWI1_IRQHandler
                0x0000000000001146                Default_Handler
                0x0000000000001146                SAADC_IRQHandler
                0x0000000000001146                CCM_AAR_IRQHandler
                0x0000000000001146                WDT_IRQHandler
                0x0000000000001146                SWI5_EGU5_IRQHandler
                0x0000000000001146                RNG_IRQHandler
                0x0000000000001146                RTC2_IRQHandler
                0x0000000000001146                PWM0_IRQHandler
                0x0000000000001146                SWI3_EGU3_IRQHandler
                0x0000000000001146                SWI1_EGU1_IRQHandler
                0x0000000000001146                SPIM2_SPIS2_SPI2_IRQHandler
                0x0000000000001146                NFCT_IRQHandler
                0x0000000000001146                MWU_IRQHandler
                0x0000000000001146                TIMER2_IRQHandler
                0x0000000000001146                COMP_LPCOMP_IRQHandler
                0x0000000000001146                RTC0_IRQHandler
                0x0000000000001146                SWI2_EGU2_IRQHandler
                0x0000000000001146                GPIOTE_IRQHandler
                0x0000000000001146                PWM1_IRQHandler
                0x0000000000001146                RADIO_IRQHandler
                0x0000000000001146                PDM_IRQHandler
                0x0000000000001146                TEMP_IRQHandler
                0x0000000000001146                QDEC_IRQHandler
                0x0000000000001146                TIMER3_IRQHandler
 .text.SystemInit
                0x0000000000001148      0x2f0 _build/nrf52832_xxaa_system_nrf52.c.o
                0x0000000000001148                SystemInit
 *(.init)
 .init          0x0000000000001438        0x4 /Users/lukashann/Documents/Imperial College London/Year 3/Project/fNIRS-Musketeers/nrf52/toolchain/arm_cm4/bin/../lib/gcc/arm-none-eabi/6.2.1/thumb/v7e-m/fpv4-sp/hard/crti.o
                0x0000000000001438                _init
 .init          0x000000000000143c        0x8 /Users/lukashann/Documents/Imperial College London/Year 3/Project/fNIRS-Musketeers/nrf52/toolchain/arm_cm4/bin/../lib/gcc/arm-none-eabi/6.2.1/thumb/v7e-m/fpv4-sp/hard/crtn.o
 *(.fini)
 .fini          0x0000000000001444        0x4 /Users/lukashann/Documents/Imperial College London/Year 3/Project/fNIRS-Musketeers/nrf52/toolchain/arm_cm4/bin/../lib/gcc/arm-none-eabi/6.2.1/thumb/v7e-m/fpv4-sp/hard/crti.o
                0x0000000000001444                _fini
 .fini          0x0000000000001448        0x8 /Users/lukashann/Documents/Imperial College London/Year 3/Project/fNIRS-Musketeers/nrf52/toolchain/arm_cm4/bin/../lib/gcc/arm-none-eabi/6.2.1/thumb/v7e-m/fpv4-sp/hard/crtn.o
 *crtbegin.o(.ctors)
 *crtbegin?.o(.ctors)
 *(EXCLUDE_FILE(*crtend.o *crtend?.o) .ctors)
 *(SORT(.ctors.*))
 *(.ctors)
 *crtbegin.o(.dtors)
 *crtbegin?.o(.dtors)
 *(EXCLUDE_FILE(*crtend.o *crtend?.o) .dtors)
 *(SORT(.dtors.*))
 *(.dtors)
 *(.rodata*)
 .rodata._global_impure_ptr
                0x0000000000001450        0x4 /Users/lukashann/Documents/Imperial College London/Year 3/Project/fNIRS-Musketeers/nrf52/toolchain/arm_cm4/bin/../lib/gcc/arm-none-eabi/6.2.1/../../../../arm-none-eabi/lib/thumb/v7e-m/fpv4-sp/hard/libc_nano.a(lib_a-impure.o)
                0x0000000000001450                _global_impure_ptr
 .rodata.m_board_led_list
                0x0000000000001454        0x4 _build/nrf52832_xxaa_boards.c.o
 *(.eh_frame*)
 .eh_frame      0x0000000000001458        0x0 /Users/lukashann/Documents/Imperial College London/Year 3/Project/fNIRS-Musketeers/nrf52/toolchain/arm_cm4/bin/../lib/gcc/arm-none-eabi/6.2.1/thumb/v7e-m/fpv4-sp/hard/crtbegin.o
 .eh_frame      0x0000000000001458        0x4 /Users/lukashann/Documents/Imperial College London/Year 3/Project/fNIRS-Musketeers/nrf52/toolchain/arm_cm4/bin/../lib/gcc/arm-none-eabi/6.2.1/thumb/v7e-m/fpv4-sp/hard/crtend.o

.glue_7         0x000000000000145c        0x0
 .glue_7        0x000000000000145c        0x0 linker stubs

.glue_7t        0x000000000000145c        0x0
 .glue_7t       0x000000000000145c        0x0 linker stubs

.vfp11_veneer   0x000000000000145c        0x0
 .vfp11_veneer  0x000000000000145c        0x0 linker stubs

.v4_bx          0x000000000000145c        0x0
 .v4_bx         0x000000000000145c        0x0 linker stubs

.iplt           0x000000000000145c        0x0
 .iplt          0x000000000000145c        0x0 /Users/lukashann/Documents/Imperial College London/Year 3/Project/fNIRS-Musketeers/nrf52/toolchain/arm_cm4/bin/../lib/gcc/arm-none-eabi/6.2.1/thumb/v7e-m/fpv4-sp/hard/crtbegin.o

.ARM.extab
 *(.ARM.extab* .gnu.linkonce.armextab.*)
                0x000000000000145c                __exidx_start = .

.ARM.exidx      0x000000000000145c        0x8
 *(.ARM.exidx* .gnu.linkonce.armexidx.*)
 .ARM.exidx     0x000000000000145c        0x8 /Users/lukashann/Documents/Imperial College London/Year 3/Project/fNIRS-Musketeers/nrf52/toolchain/arm_cm4/bin/../lib/gcc/arm-none-eabi/6.2.1/../../../../arm-none-eabi/lib/thumb/v7e-m/fpv4-sp/hard/crt0.o
                0x0000000000001464                __exidx_end = .
                0x0000000000001464                __etext = .

.rel.dyn        0x0000000000001464        0x0
 .rel.iplt      0x0000000000001464        0x0 /Users/lukashann/Documents/Imperial College London/Year 3/Project/fNIRS-Musketeers/nrf52/toolchain/arm_cm4/bin/../lib/gcc/arm-none-eabi/6.2.1/thumb/v7e-m/fpv4-sp/hard/crtbegin.o

.data           0x0000000020000000       0x70 load address 0x0000000000001464
                0x0000000020000000                __data_start__ = .
 *(vtable)
 *(.data*)
 .data.impure_data
                0x0000000020000000       0x60 /Users/lukashann/Documents/Imperial College London/Year 3/Project/fNIRS-Musketeers/nrf52/toolchain/arm_cm4/bin/../lib/gcc/arm-none-eabi/6.2.1/../../../../arm-none-eabi/lib/thumb/v7e-m/fpv4-sp/hard/libc_nano.a(lib_a-impure.o)
 .data.SystemCoreClock
                0x0000000020000060        0x4 _build/nrf52832_xxaa_system_nrf52.c.o
                0x0000000020000060                SystemCoreClock
                0x0000000020000064                . = ALIGN (0x4)
                0x0000000020000064                PROVIDE (__preinit_array_start, .)
 *(.preinit_array)
                0x0000000020000064                PROVIDE (__preinit_array_end, .)
                0x0000000020000064                . = ALIGN (0x4)
                0x0000000020000064                PROVIDE (__init_array_start, .)
 *(SORT(.init_array.*))
 *(.init_array)
 .init_array    0x0000000020000064        0x4 /Users/lukashann/Documents/Imperial College London/Year 3/Project/fNIRS-Musketeers/nrf52/toolchain/arm_cm4/bin/../lib/gcc/arm-none-eabi/6.2.1/thumb/v7e-m/fpv4-sp/hard/crtbegin.o
                0x0000000020000068                PROVIDE (__init_array_end, .)
                0x0000000020000068                . = ALIGN (0x4)
                [!provide]                        PROVIDE (__fini_array_start, .)
 *(SORT(.fini_array.*))
 *(.fini_array)
 .fini_array    0x0000000020000068        0x4 /Users/lukashann/Documents/Imperial College London/Year 3/Project/fNIRS-Musketeers/nrf52/toolchain/arm_cm4/bin/../lib/gcc/arm-none-eabi/6.2.1/thumb/v7e-m/fpv4-sp/hard/crtbegin.o
                [!provide]                        PROVIDE (__fini_array_end, .)
 *(.jcr*)
 .jcr           0x000000002000006c        0x0 /Users/lukashann/Documents/Imperial College London/Year 3/Project/fNIRS-Musketeers/nrf52/toolchain/arm_cm4/bin/../lib/gcc/arm-none-eabi/6.2.1/thumb/v7e-m/fpv4-sp/hard/crtbegin.o
 .jcr           0x000000002000006c        0x4 /Users/lukashann/Documents/Imperial College London/Year 3/Project/fNIRS-Musketeers/nrf52/toolchain/arm_cm4/bin/../lib/gcc/arm-none-eabi/6.2.1/thumb/v7e-m/fpv4-sp/hard/crtend.o
                0x0000000020000070                . = ALIGN (0x4)
                0x0000000020000070                __data_end__ = .
LOAD /Users/lukashann/Documents/Imperial College London/Year 3/Project/fNIRS-Musketeers/nrf52/toolchain/arm_cm4/bin/../lib/gcc/arm-none-eabi/6.2.1/thumb/v7e-m/fpv4-sp/hard/crti.o
LOAD /Users/lukashann/Documents/Imperial College London/Year 3/Project/fNIRS-Musketeers/nrf52/toolchain/arm_cm4/bin/../lib/gcc/arm-none-eabi/6.2.1/thumb/v7e-m/fpv4-sp/hard/crtbegin.o
LOAD /Users/lukashann/Documents/Imperial College London/Year 3/Project/fNIRS-Musketeers/nrf52/toolchain/arm_cm4/bin/../lib/gcc/arm-none-eabi/6.2.1/../../../../arm-none-eabi/lib/thumb/v7e-m/fpv4-sp/hard/crt0.o
LOAD /Users/lukashann/Documents/Imperial College London/Year 3/Project/fNIRS-Musketeers/nrf52/toolchain/arm_cm4/bin/../lib/gcc/arm-none-eabi/6.2.1/../../../../arm-none-eabi/lib/thumb/v7e-m/fpv4-sp/hard/libc_nano.a
LOAD /Users/lukashann/Documents/Imperial College London/Year 3/Project/fNIRS-Musketeers/nrf52/toolchain/arm_cm4/bin/../lib/gcc/arm-none-eabi/6.2.1/../../../../arm-none-eabi/lib/thumb/v7e-m/fpv4-sp/hard/libnosys.a
LOAD _build/nrf52832_xxaa_main.c.o
LOAD _build/nrf52832_xxaa_nrf_log_backend_serial.c.o
LOAD _build/nrf52832_xxaa_nrf_log_frontend.c.o
LOAD _build/nrf52832_xxaa_app_error.c.o
LOAD _build/nrf52832_xxaa_app_error_weak.c.o
LOAD _build/nrf52832_xxaa_app_timer.c.o
LOAD _build/nrf52832_xxaa_app_util_platform.c.o
LOAD _build/nrf52832_xxaa_hardfault_implementation.c.o
LOAD _build/nrf52832_xxaa_nrf_assert.c.o
LOAD _build/nrf52832_xxaa_sdk_errors.c.o
LOAD _build/nrf52832_xxaa_boards.c.o
LOAD _build/nrf52832_xxaa_nrf_drv_clock.c.o
LOAD _build/nrf52832_xxaa_nrf_drv_common.c.o
LOAD _build/nrf52832_xxaa_nrf_drv_uart.c.o
LOAD _build/nrf52832_xxaa_nrf_nvic.c.o
LOAD _build/nrf52832_xxaa_nrf_soc.c.o
LOAD _build/nrf52832_xxaa_RTT_Syscalls_GCC.c.o
LOAD _build/nrf52832_xxaa_SEGGER_RTT.c.o
LOAD _build/nrf52832_xxaa_SEGGER_RTT_printf.c.o
LOAD _build/nrf52832_xxaa_gcc_startup_nrf52.S.o
LOAD _build/nrf52832_xxaa_system_nrf52.c.o
LOAD /Users/lukashann/Documents/Imperial College London/Year 3/Project/fNIRS-Musketeers/nrf52/toolchain/arm_cm4/bin/../lib/gcc/arm-none-eabi/6.2.1/../../../../arm-none-eabi/lib/thumb/v7e-m/fpv4-sp/hard/libm.a
START GROUP
LOAD /Users/lukashann/Documents/Imperial College London/Year 3/Project/fNIRS-Musketeers/nrf52/toolchain/arm_cm4/bin/../lib/gcc/arm-none-eabi/6.2.1/thumb/v7e-m/fpv4-sp/hard/libgcc.a
LOAD /Users/lukashann/Documents/Imperial College London/Year 3/Project/fNIRS-Musketeers/nrf52/toolchain/arm_cm4/bin/../lib/gcc/arm-none-eabi/6.2.1/../../../../arm-none-eabi/lib/thumb/v7e-m/fpv4-sp/hard/libc_nano.a
END GROUP
START GROUP
LOAD /Users/lukashann/Documents/Imperial College London/Year 3/Project/fNIRS-Musketeers/nrf52/toolchain/arm_cm4/bin/../lib/gcc/arm-none-eabi/6.2.1/thumb/v7e-m/fpv4-sp/hard/libgcc.a
LOAD /Users/lukashann/Documents/Imperial College London/Year 3/Project/fNIRS-Musketeers/nrf52/toolchain/arm_cm4/bin/../lib/gcc/arm-none-eabi/6.2.1/../../../../arm-none-eabi/lib/thumb/v7e-m/fpv4-sp/hard/libc_nano.a
END GROUP
LOAD /Users/lukashann/Documents/Imperial College London/Year 3/Project/fNIRS-Musketeers/nrf52/toolchain/arm_cm4/bin/../lib/gcc/arm-none-eabi/6.2.1/thumb/v7e-m/fpv4-sp/hard/crtend.o
LOAD /Users/lukashann/Documents/Imperial College London/Year 3/Project/fNIRS-Musketeers/nrf52/toolchain/arm_cm4/bin/../lib/gcc/arm-none-eabi/6.2.1/thumb/v7e-m/fpv4-sp/hard/crtn.o
START GROUP
LOAD /Users/lukashann/Documents/Imperial College London/Year 3/Project/fNIRS-Musketeers/nrf52/toolchain/arm_cm4/bin/../lib/gcc/arm-none-eabi/6.2.1/thumb/v7e-m/fpv4-sp/hard/libgcc.a
LOAD /Users/lukashann/Documents/Imperial College London/Year 3/Project/fNIRS-Musketeers/nrf52/toolchain/arm_cm4/bin/../lib/gcc/arm-none-eabi/6.2.1/../../../../arm-none-eabi/lib/thumb/v7e-m/fpv4-sp/hard/libc.a
LOAD /Users/lukashann/Documents/Imperial College London/Year 3/Project/fNIRS-Musketeers/nrf52/toolchain/arm_cm4/bin/../lib/gcc/arm-none-eabi/6.2.1/../../../../arm-none-eabi/lib/thumb/v7e-m/fpv4-sp/hard/libnosys.a
END GROUP

.igot.plt       0x0000000020000070        0x0 load address 0x00000000000014d4
 .igot.plt      0x0000000020000070        0x0 /Users/lukashann/Documents/Imperial College London/Year 3/Project/fNIRS-Musketeers/nrf52/toolchain/arm_cm4/bin/../lib/gcc/arm-none-eabi/6.2.1/thumb/v7e-m/fpv4-sp/hard/crtbegin.o

.fs_data        0x0000000020000070        0x0
                [!provide]                        PROVIDE (__start_fs_data, .)
 *(.fs_data)
                [!provide]                        PROVIDE (__stop_fs_data, .)

.pwr_mgmt_data  0x0000000020000070        0x0
                [!provide]                        PROVIDE (__start_pwr_mgmt_data, .)
 *(.pwr_mgmt_data)
                [!provide]                        PROVIDE (__stop_pwr_mgmt_data, .)

.bss            0x0000000020000070       0x74 load address 0x00000000000014d4
                0x0000000020000070                . = ALIGN (0x4)
                0x0000000020000070                __bss_start__ = .
 *(.bss*)
 .bss           0x0000000020000070       0x1c /Users/lukashann/Documents/Imperial College London/Year 3/Project/fNIRS-Musketeers/nrf52/toolchain/arm_cm4/bin/../lib/gcc/arm-none-eabi/6.2.1/thumb/v7e-m/fpv4-sp/hard/crtbegin.o
 .bss.m_evt_schedule_func
                0x000000002000008c        0x4 _build/nrf52832_xxaa_app_timer.c.o
 .bss.m_op_queue
                0x0000000020000090        0x8 _build/nrf52832_xxaa_app_timer.c.o
 .bss.m_rtc1_reset
                0x0000000020000098        0x1 _build/nrf52832_xxaa_app_timer.c.o
 .bss.m_rtc1_running
                0x0000000020000099        0x1 _build/nrf52832_xxaa_app_timer.c.o
 *fill*         0x000000002000009a        0x2 
 .bss.m_ticks_elapsed
                0x000000002000009c        0x8 _build/nrf52832_xxaa_app_timer.c.o
 .bss.m_ticks_elapsed_q_read_ind
                0x00000000200000a4        0x1 _build/nrf52832_xxaa_app_timer.c.o
 .bss.m_ticks_elapsed_q_write_ind
                0x00000000200000a5        0x1 _build/nrf52832_xxaa_app_timer.c.o
 *fill*         0x00000000200000a6        0x2 
 .bss.m_ticks_latest
                0x00000000200000a8        0x4 _build/nrf52832_xxaa_app_timer.c.o
 .bss.mp_timer_id_head
                0x00000000200000ac        0x4 _build/nrf52832_xxaa_app_timer.c.o
 .bss.m_clock_cb
                0x00000000200000b0       0x14 _build/nrf52832_xxaa_nrf_drv_clock.c.o
 .bss.m_cb      0x00000000200000c4       0x20 _build/nrf52832_xxaa_nrf_drv_uart.c.o
 *(COMMON)
                0x00000000200000e4                . = ALIGN (0x4)
                0x00000000200000e4                __bss_end__ = .

.heap           0x00000000200000e8     0x2000
                0x00000000200000e8                __HeapBase = .
                0x00000000200000e8                __end__ = .
                [!provide]                        PROVIDE (end, .)
 *(.heap*)
 .heap          0x00000000200000e8     0x2000 _build/nrf52832_xxaa_gcc_startup_nrf52.S.o
                0x00000000200020e8                __HeapLimit = .

.stack_dummy    0x00000000200000e8     0x2000
 *(.stack*)
 .stack         0x00000000200000e8     0x2000 _build/nrf52832_xxaa_gcc_startup_nrf52.S.o
                0x0000000020010000                __StackTop = (ORIGIN (RAM) + LENGTH (RAM))
                0x000000002000e000                __StackLimit = (__StackTop - SIZEOF (.stack_dummy))
                0x0000000020010000                PROVIDE (__stack, __StackTop)
                0x0000000000000001                ASSERT ((__StackLimit >= __HeapLimit), region RAM overflowed with stack)
OUTPUT(_build/nrf52832_xxaa.out elf32-littlearm)

.ARM.attributes
                0x0000000000000000       0x30
 .ARM.attributes
                0x0000000000000000       0x22 /Users/lukashann/Documents/Imperial College London/Year 3/Project/fNIRS-Musketeers/nrf52/toolchain/arm_cm4/bin/../lib/gcc/arm-none-eabi/6.2.1/thumb/v7e-m/fpv4-sp/hard/crti.o
 .ARM.attributes
                0x0000000000000022       0x34 /Users/lukashann/Documents/Imperial College London/Year 3/Project/fNIRS-Musketeers/nrf52/toolchain/arm_cm4/bin/../lib/gcc/arm-none-eabi/6.2.1/thumb/v7e-m/fpv4-sp/hard/crtbegin.o
 .ARM.attributes
                0x0000000000000056       0x20 /Users/lukashann/Documents/Imperial College London/Year 3/Project/fNIRS-Musketeers/nrf52/toolchain/arm_cm4/bin/../lib/gcc/arm-none-eabi/6.2.1/../../../../arm-none-eabi/lib/thumb/v7e-m/fpv4-sp/hard/crt0.o
 .ARM.attributes
                0x0000000000000076       0x34 /Users/lukashann/Documents/Imperial College London/Year 3/Project/fNIRS-Musketeers/nrf52/toolchain/arm_cm4/bin/../lib/gcc/arm-none-eabi/6.2.1/../../../../arm-none-eabi/lib/thumb/v7e-m/fpv4-sp/hard/libc_nano.a(lib_a-exit.o)
 .ARM.attributes
                0x00000000000000aa       0x34 /Users/lukashann/Documents/Imperial College London/Year 3/Project/fNIRS-Musketeers/nrf52/toolchain/arm_cm4/bin/../lib/gcc/arm-none-eabi/6.2.1/../../../../arm-none-eabi/lib/thumb/v7e-m/fpv4-sp/hard/libc_nano.a(lib_a-impure.o)
 .ARM.attributes
                0x00000000000000de       0x34 /Users/lukashann/Documents/Imperial College London/Year 3/Project/fNIRS-Musketeers/nrf52/toolchain/arm_cm4/bin/../lib/gcc/arm-none-eabi/6.2.1/../../../../arm-none-eabi/lib/thumb/v7e-m/fpv4-sp/hard/libc_nano.a(lib_a-init.o)
 .ARM.attributes
                0x0000000000000112       0x34 /Users/lukashann/Documents/Imperial College London/Year 3/Project/fNIRS-Musketeers/nrf52/toolchain/arm_cm4/bin/../lib/gcc/arm-none-eabi/6.2.1/../../../../arm-none-eabi/lib/thumb/v7e-m/fpv4-sp/hard/libc_nano.a(lib_a-memset.o)
 .ARM.attributes
                0x0000000000000146       0x34 /Users/lukashann/Documents/Imperial College London/Year 3/Project/fNIRS-Musketeers/nrf52/toolchain/arm_cm4/bin/../lib/gcc/arm-none-eabi/6.2.1/../../../../arm-none-eabi/lib/thumb/v7e-m/fpv4-sp/hard/libnosys.a(_exit.o)
 .ARM.attributes
                0x000000000000017a       0x39 _build/nrf52832_xxaa_main.c.o
 .ARM.attributes
                0x00000000000001b3       0x39 _build/nrf52832_xxaa_app_error.c.o
 .ARM.attributes
                0x00000000000001ec       0x39 _build/nrf52832_xxaa_app_error_weak.c.o
 .ARM.attributes
                0x0000000000000225       0x39 _build/nrf52832_xxaa_app_timer.c.o
 .ARM.attributes
                0x000000000000025e       0x39 _build/nrf52832_xxaa_boards.c.o
 .ARM.attributes
                0x0000000000000297       0x39 _build/nrf52832_xxaa_nrf_drv_clock.c.o
 .ARM.attributes
                0x00000000000002d0       0x39 _build/nrf52832_xxaa_nrf_drv_uart.c.o
 .ARM.attributes
                0x0000000000000309       0x1c _build/nrf52832_xxaa_gcc_startup_nrf52.S.o
 .ARM.attributes
                0x0000000000000325       0x39 _build/nrf52832_xxaa_system_nrf52.c.o
 .ARM.attributes
                0x000000000000035e       0x34 /Users/lukashann/Documents/Imperial College London/Year 3/Project/fNIRS-Musketeers/nrf52/toolchain/arm_cm4/bin/../lib/gcc/arm-none-eabi/6.2.1/thumb/v7e-m/fpv4-sp/hard/crtend.o
 .ARM.attributes
                0x0000000000000392       0x22 /Users/lukashann/Documents/Imperial College London/Year 3/Project/fNIRS-Musketeers/nrf52/toolchain/arm_cm4/bin/../lib/gcc/arm-none-eabi/6.2.1/thumb/v7e-m/fpv4-sp/hard/crtn.o

.comment        0x0000000000000000       0x6e
 .comment       0x0000000000000000       0x6e _build/nrf52832_xxaa_main.c.o
                                         0x6f (size before relaxing)
 .comment       0x000000000000006e       0x6f _build/nrf52832_xxaa_app_error.c.o
 .comment       0x000000000000006e       0x6f _build/nrf52832_xxaa_app_error_weak.c.o
 .comment       0x000000000000006e       0x6f _build/nrf52832_xxaa_app_timer.c.o
 .comment       0x000000000000006e       0x6f _build/nrf52832_xxaa_boards.c.o
 .comment       0x000000000000006e       0x6f _build/nrf52832_xxaa_nrf_drv_clock.c.o
 .comment       0x000000000000006e       0x6f _build/nrf52832_xxaa_nrf_drv_uart.c.o
 .comment       0x000000000000006e       0x6f _build/nrf52832_xxaa_system_nrf52.c.o

.debug_frame    0x0000000000000000      0x6a4
 .debug_frame   0x0000000000000000       0x28 /Users/lukashann/Documents/Imperial College London/Year 3/Project/fNIRS-Musketeers/nrf52/toolchain/arm_cm4/bin/../lib/gcc/arm-none-eabi/6.2.1/../../../../arm-none-eabi/lib/thumb/v7e-m/fpv4-sp/hard/libc_nano.a(lib_a-exit.o)
 .debug_frame   0x0000000000000028       0x2c /Users/lukashann/Documents/Imperial College London/Year 3/Project/fNIRS-Musketeers/nrf52/toolchain/arm_cm4/bin/../lib/gcc/arm-none-eabi/6.2.1/../../../../arm-none-eabi/lib/thumb/v7e-m/fpv4-sp/hard/libc_nano.a(lib_a-init.o)
 .debug_frame   0x0000000000000054       0x20 /Users/lukashann/Documents/Imperial College London/Year 3/Project/fNIRS-Musketeers/nrf52/toolchain/arm_cm4/bin/../lib/gcc/arm-none-eabi/6.2.1/../../../../arm-none-eabi/lib/thumb/v7e-m/fpv4-sp/hard/libc_nano.a(lib_a-memset.o)
 .debug_frame   0x0000000000000074       0x20 /Users/lukashann/Documents/Imperial College London/Year 3/Project/fNIRS-Musketeers/nrf52/toolchain/arm_cm4/bin/../lib/gcc/arm-none-eabi/6.2.1/../../../../arm-none-eabi/lib/thumb/v7e-m/fpv4-sp/hard/libnosys.a(_exit.o)
 .debug_frame   0x0000000000000094       0x30 _build/nrf52832_xxaa_main.c.o
 .debug_frame   0x00000000000000c4       0x70 _build/nrf52832_xxaa_app_error.c.o
 .debug_frame   0x0000000000000134       0x20 _build/nrf52832_xxaa_app_error_weak.c.o
 .debug_frame   0x0000000000000154      0x114 _build/nrf52832_xxaa_app_timer.c.o
 .debug_frame   0x0000000000000268      0x104 _build/nrf52832_xxaa_boards.c.o
 .debug_frame   0x000000000000036c      0x140 _build/nrf52832_xxaa_nrf_drv_clock.c.o
 .debug_frame   0x00000000000004ac      0x1b0 _build/nrf52832_xxaa_nrf_drv_uart.c.o
 .debug_frame   0x000000000000065c       0x48 _build/nrf52832_xxaa_system_nrf52.c.o

.debug_info     0x0000000000000000     0xcaa5
 .debug_info    0x0000000000000000      0x9bf _build/nrf52832_xxaa_main.c.o
 .debug_info    0x00000000000009bf      0xb6a _build/nrf52832_xxaa_app_error.c.o
 .debug_info    0x0000000000001529      0xb4c _build/nrf52832_xxaa_app_error_weak.c.o
 .debug_info    0x0000000000002075     0x23d3 _build/nrf52832_xxaa_app_timer.c.o
 .debug_info    0x0000000000004448     0x13fc _build/nrf52832_xxaa_boards.c.o
 .debug_info    0x0000000000005844     0x194a _build/nrf52832_xxaa_nrf_drv_clock.c.o
 .debug_info    0x000000000000718e     0x4b41 _build/nrf52832_xxaa_nrf_drv_uart.c.o
 .debug_info    0x000000000000bccf      0xdd6 _build/nrf52832_xxaa_system_nrf52.c.o

.debug_abbrev   0x0000000000000000     0x19ea
 .debug_abbrev  0x0000000000000000      0x266 _build/nrf52832_xxaa_main.c.o
 .debug_abbrev  0x0000000000000266      0x235 _build/nrf52832_xxaa_app_error.c.o
 .debug_abbrev  0x000000000000049b      0x21c _build/nrf52832_xxaa_app_error_weak.c.o
 .debug_abbrev  0x00000000000006b7      0x47c _build/nrf52832_xxaa_app_timer.c.o
 .debug_abbrev  0x0000000000000b33      0x382 _build/nrf52832_xxaa_boards.c.o
 .debug_abbrev  0x0000000000000eb5      0x4be _build/nrf52832_xxaa_nrf_drv_clock.c.o
 .debug_abbrev  0x0000000000001373      0x495 _build/nrf52832_xxaa_nrf_drv_uart.c.o
 .debug_abbrev  0x0000000000001808      0x1e2 _build/nrf52832_xxaa_system_nrf52.c.o

.debug_loc      0x0000000000000000     0x4476
 .debug_loc     0x0000000000000000       0x4d _build/nrf52832_xxaa_main.c.o
 .debug_loc     0x000000000000004d      0x145 _build/nrf52832_xxaa_app_error.c.o
 .debug_loc     0x0000000000000192       0x42 _build/nrf52832_xxaa_app_error_weak.c.o
 .debug_loc     0x00000000000001d4      0xe07 _build/nrf52832_xxaa_app_timer.c.o
 .debug_loc     0x0000000000000fdb      0x845 _build/nrf52832_xxaa_boards.c.o
 .debug_loc     0x0000000000001820      0x406 _build/nrf52832_xxaa_nrf_drv_clock.c.o
 .debug_loc     0x0000000000001c26     0x2850 _build/nrf52832_xxaa_nrf_drv_uart.c.o

.debug_aranges  0x0000000000000000      0x268
 .debug_aranges
                0x0000000000000000       0x20 _build/nrf52832_xxaa_main.c.o
 .debug_aranges
                0x0000000000000020       0x30 _build/nrf52832_xxaa_app_error.c.o
 .debug_aranges
                0x0000000000000050       0x20 _build/nrf52832_xxaa_app_error_weak.c.o
 .debug_aranges
                0x0000000000000070       0x60 _build/nrf52832_xxaa_app_timer.c.o
 .debug_aranges
                0x00000000000000d0       0x80 _build/nrf52832_xxaa_boards.c.o
 .debug_aranges
                0x0000000000000150       0x80 _build/nrf52832_xxaa_nrf_drv_clock.c.o
 .debug_aranges
                0x00000000000001d0       0x70 _build/nrf52832_xxaa_nrf_drv_uart.c.o
 .debug_aranges
                0x0000000000000240       0x28 _build/nrf52832_xxaa_system_nrf52.c.o

.debug_ranges   0x0000000000000000     0x1270
 .debug_ranges  0x0000000000000000       0x28 _build/nrf52832_xxaa_main.c.o
 .debug_ranges  0x0000000000000028       0x20 _build/nrf52832_xxaa_app_error.c.o
 .debug_ranges  0x0000000000000048       0x10 _build/nrf52832_xxaa_app_error_weak.c.o
 .debug_ranges  0x0000000000000058      0x4b0 _build/nrf52832_xxaa_app_timer.c.o
 .debug_ranges  0x0000000000000508      0x178 _build/nrf52832_xxaa_boards.c.o
 .debug_ranges  0x0000000000000680      0x2b8 _build/nrf52832_xxaa_nrf_drv_clock.c.o
 .debug_ranges  0x0000000000000938      0x830 _build/nrf52832_xxaa_nrf_drv_uart.c.o
 .debug_ranges  0x0000000000001168      0x108 _build/nrf52832_xxaa_system_nrf52.c.o

.debug_macro    0x0000000000000000    0x133d6
 .debug_macro   0x0000000000000000      0x2a7 _build/nrf52832_xxaa_main.c.o
 .debug_macro   0x00000000000002a7      0x8f8 _build/nrf52832_xxaa_main.c.o
 .debug_macro   0x0000000000000b9f       0x22 _build/nrf52832_xxaa_main.c.o
 .debug_macro   0x0000000000000bc1       0x22 _build/nrf52832_xxaa_main.c.o
 .debug_macro   0x0000000000000be3       0x4f _build/nrf52832_xxaa_main.c.o
 .debug_macro   0x0000000000000c32       0x51 _build/nrf52832_xxaa_main.c.o
 .debug_macro   0x0000000000000c83       0xef _build/nrf52832_xxaa_main.c.o
 .debug_macro   0x0000000000000d72       0x6a _build/nrf52832_xxaa_main.c.o
 .debug_macro   0x0000000000000ddc      0x1df _build/nrf52832_xxaa_main.c.o
 .debug_macro   0x0000000000000fbb       0x28 _build/nrf52832_xxaa_main.c.o
 .debug_macro   0x0000000000000fe3       0x2d _build/nrf52832_xxaa_main.c.o
 .debug_macro   0x0000000000001010       0x3b _build/nrf52832_xxaa_main.c.o
 .debug_macro   0x000000000000104b       0x50 _build/nrf52832_xxaa_main.c.o
 .debug_macro   0x000000000000109b      0xe66 _build/nrf52832_xxaa_main.c.o
 .debug_macro   0x0000000000001f01      0x392 _build/nrf52832_xxaa_main.c.o
 .debug_macro   0x0000000000002293     0xcc76 _build/nrf52832_xxaa_main.c.o
 .debug_macro   0x000000000000ef09     0x130f _build/nrf52832_xxaa_main.c.o
 .debug_macro   0x0000000000010218       0x82 _build/nrf52832_xxaa_main.c.o
 .debug_macro   0x000000000001029a       0x22 _build/nrf52832_xxaa_main.c.o
 .debug_macro   0x00000000000102bc      0x296 _build/nrf52832_xxaa_main.c.o
 .debug_macro   0x0000000000010552       0x52 _build/nrf52832_xxaa_main.c.o
 .debug_macro   0x00000000000105a4       0x35 _build/nrf52832_xxaa_main.c.o
 .debug_macro   0x00000000000105d9       0x9c _build/nrf52832_xxaa_main.c.o
 .debug_macro   0x0000000000010675       0x16 _build/nrf52832_xxaa_main.c.o
 .debug_macro   0x000000000001068b       0x97 _build/nrf52832_xxaa_main.c.o
 .debug_macro   0x0000000000010722      0x330 _build/nrf52832_xxaa_main.c.o
 .debug_macro   0x0000000000010a52       0xf6 _build/nrf52832_xxaa_main.c.o
 .debug_macro   0x0000000000010b48       0x10 _build/nrf52832_xxaa_main.c.o
 .debug_macro   0x0000000000010b58       0x52 _build/nrf52832_xxaa_main.c.o
 .debug_macro   0x0000000000010baa       0x1f _build/nrf52832_xxaa_main.c.o
 .debug_macro   0x0000000000010bc9       0x43 _build/nrf52832_xxaa_main.c.o
 .debug_macro   0x0000000000010c0c       0x20 _build/nrf52832_xxaa_main.c.o
 .debug_macro   0x0000000000010c2c      0x187 _build/nrf52832_xxaa_main.c.o
 .debug_macro   0x0000000000010db3       0x10 _build/nrf52832_xxaa_main.c.o
 .debug_macro   0x0000000000010dc3       0xb6 _build/nrf52832_xxaa_main.c.o
 .debug_macro   0x0000000000010e79       0x16 _build/nrf52832_xxaa_main.c.o
 .debug_macro   0x0000000000010e8f      0x145 _build/nrf52832_xxaa_main.c.o
 .debug_macro   0x0000000000010fd4       0x8e _build/nrf52832_xxaa_main.c.o
 .debug_macro   0x0000000000011062      0x320 _build/nrf52832_xxaa_main.c.o
 .debug_macro   0x0000000000011382       0x8b _build/nrf52832_xxaa_main.c.o
 .debug_macro   0x000000000001140d      0x167 _build/nrf52832_xxaa_main.c.o
 .debug_macro   0x0000000000011574       0x2b _build/nrf52832_xxaa_main.c.o
 .debug_macro   0x000000000001159f       0x10 _build/nrf52832_xxaa_main.c.o
 .debug_macro   0x00000000000115af       0x16 _build/nrf52832_xxaa_main.c.o
 .debug_macro   0x00000000000115c5       0x35 _build/nrf52832_xxaa_main.c.o
 .debug_macro   0x00000000000115fa       0x22 _build/nrf52832_xxaa_main.c.o
 .debug_macro   0x000000000001161c       0x16 _build/nrf52832_xxaa_main.c.o
 .debug_macro   0x0000000000011632      0x24d _build/nrf52832_xxaa_main.c.o
 .debug_macro   0x000000000001187f      0x115 _build/nrf52832_xxaa_main.c.o
 .debug_macro   0x0000000000011994      0x2a6 _build/nrf52832_xxaa_app_error.c.o
 .debug_macro   0x0000000000011c3a       0x35 _build/nrf52832_xxaa_app_error.c.o
 .debug_macro   0x0000000000011c6f       0x22 _build/nrf52832_xxaa_app_error.c.o
 .debug_macro   0x0000000000011c91       0x16 _build/nrf52832_xxaa_app_error.c.o
 .debug_macro   0x0000000000011ca7      0x39a _build/nrf52832_xxaa_app_error.c.o
 .debug_macro   0x0000000000012041      0x16c _build/nrf52832_xxaa_app_error.c.o
 .debug_macro   0x00000000000121ad       0x59 _build/nrf52832_xxaa_app_error.c.o
 .debug_macro   0x0000000000012206       0x28 _build/nrf52832_xxaa_app_error.c.o
 .debug_macro   0x000000000001222e       0x22 _build/nrf52832_xxaa_app_error.c.o
 .debug_macro   0x0000000000012250      0x2a6 _build/nrf52832_xxaa_app_error_weak.c.o
 .debug_macro   0x00000000000124f6       0x1c _build/nrf52832_xxaa_app_error_weak.c.o
 .debug_macro   0x0000000000012512      0x312 _build/nrf52832_xxaa_app_timer.c.o
 .debug_macro   0x0000000000012824       0x1c _build/nrf52832_xxaa_app_timer.c.o
 .debug_macro   0x0000000000012840       0x35 _build/nrf52832_xxaa_app_timer.c.o
 .debug_macro   0x0000000000012875       0x10 _build/nrf52832_xxaa_app_timer.c.o
 .debug_macro   0x0000000000012885       0x74 _build/nrf52832_xxaa_app_timer.c.o
 .debug_macro   0x00000000000128f9      0x29d _build/nrf52832_xxaa_boards.c.o
 .debug_macro   0x0000000000012b96      0x32d _build/nrf52832_xxaa_nrf_drv_clock.c.o
 .debug_macro   0x0000000000012ec3       0x10 _build/nrf52832_xxaa_nrf_drv_clock.c.o
 .debug_macro   0x0000000000012ed3       0x28 _build/nrf52832_xxaa_nrf_drv_clock.c.o
 .debug_macro   0x0000000000012efb       0x16 _build/nrf52832_xxaa_nrf_drv_clock.c.o
 .debug_macro   0x0000000000012f11      0x37e _build/nrf52832_xxaa_nrf_drv_uart.c.o
 .debug_macro   0x000000000001328f       0x10 _build/nrf52832_xxaa_nrf_drv_uart.c.o
 .debug_macro   0x000000000001329f       0x42 _build/nrf52832_xxaa_nrf_drv_uart.c.o
 .debug_macro   0x00000000000132e1       0xf5 _build/nrf52832_xxaa_system_nrf52.c.o

.debug_line     0x0000000000000000     0x4c97
 .debug_line    0x0000000000000000      0x749 _build/nrf52832_xxaa_main.c.o
 .debug_line    0x0000000000000749      0x759 _build/nrf52832_xxaa_app_error.c.o
 .debug_line    0x0000000000000ea2      0x720 _build/nrf52832_xxaa_app_error_weak.c.o
 .debug_line    0x00000000000015c2      0xbab _build/nrf52832_xxaa_app_timer.c.o
 .debug_line    0x000000000000216d      0x85c _build/nrf52832_xxaa_boards.c.o
 .debug_line    0x00000000000029c9      0xaa6 _build/nrf52832_xxaa_nrf_drv_clock.c.o
 .debug_line    0x000000000000346f     0x12bd _build/nrf52832_xxaa_nrf_drv_uart.c.o
 .debug_line    0x000000000000472c      0x56b _build/nrf52832_xxaa_system_nrf52.c.o

.debug_str      0x0000000000000000    0x69cb2
 .debug_str     0x0000000000000000    0x611da _build/nrf52832_xxaa_main.c.o
                                      0x61d88 (size before relaxing)
 .debug_str     0x00000000000611da     0x4df1 _build/nrf52832_xxaa_app_error.c.o
                                      0x6548c (size before relaxing)
 .debug_str     0x0000000000065fcb       0xe5 _build/nrf52832_xxaa_app_error_weak.c.o
                                      0x65415 (size before relaxing)
 .debug_str     0x00000000000660b0     0x10fe _build/nrf52832_xxaa_app_timer.c.o
                                      0x64f63 (size before relaxing)
 .debug_str     0x00000000000671ae      0x4d3 _build/nrf52832_xxaa_boards.c.o
                                      0x6225b (size before relaxing)
 .debug_str     0x0000000000067681      0xaf2 _build/nrf52832_xxaa_nrf_drv_clock.c.o
                                      0x66453 (size before relaxing)
 .debug_str     0x0000000000068173     0x18b7 _build/nrf52832_xxaa_nrf_drv_uart.c.o
                                      0x67e42 (size before relaxing)
 .debug_str     0x0000000000069a2a      0x288 _build/nrf52832_xxaa_system_nrf52.c.o
                                      0x5bae5 (size before relaxing)
