Archive member included to satisfy reference by file (symbol)

/Users/lukashann/Documents/Imperial/Year_3/Project/fNIRS-Musketeers/nrf52/toolchain/arm_cm4/bin/../lib/gcc/arm-none-eabi/6.2.1/../../../../arm-none-eabi/lib/thumb/v7e-m/fpv4-sp/hard/libc_nano.a(lib_a-exit.o)
                              /Users/lukashann/Documents/Imperial/Year_3/Project/fNIRS-Musketeers/nrf52/toolchain/arm_cm4/bin/../lib/gcc/arm-none-eabi/6.2.1/../../../../arm-none-eabi/lib/thumb/v7e-m/fpv4-sp/hard/crt0.o (exit)
/Users/lukashann/Documents/Imperial/Year_3/Project/fNIRS-Musketeers/nrf52/toolchain/arm_cm4/bin/../lib/gcc/arm-none-eabi/6.2.1/../../../../arm-none-eabi/lib/thumb/v7e-m/fpv4-sp/hard/libc_nano.a(lib_a-impure.o)
                              /Users/lukashann/Documents/Imperial/Year_3/Project/fNIRS-Musketeers/nrf52/toolchain/arm_cm4/bin/../lib/gcc/arm-none-eabi/6.2.1/../../../../arm-none-eabi/lib/thumb/v7e-m/fpv4-sp/hard/libc_nano.a(lib_a-exit.o) (_global_impure_ptr)
/Users/lukashann/Documents/Imperial/Year_3/Project/fNIRS-Musketeers/nrf52/toolchain/arm_cm4/bin/../lib/gcc/arm-none-eabi/6.2.1/../../../../arm-none-eabi/lib/thumb/v7e-m/fpv4-sp/hard/libc_nano.a(lib_a-init.o)
                              /Users/lukashann/Documents/Imperial/Year_3/Project/fNIRS-Musketeers/nrf52/toolchain/arm_cm4/bin/../lib/gcc/arm-none-eabi/6.2.1/../../../../arm-none-eabi/lib/thumb/v7e-m/fpv4-sp/hard/crt0.o (__libc_init_array)
/Users/lukashann/Documents/Imperial/Year_3/Project/fNIRS-Musketeers/nrf52/toolchain/arm_cm4/bin/../lib/gcc/arm-none-eabi/6.2.1/../../../../arm-none-eabi/lib/thumb/v7e-m/fpv4-sp/hard/libc_nano.a(lib_a-memset.o)
                              /Users/lukashann/Documents/Imperial/Year_3/Project/fNIRS-Musketeers/nrf52/toolchain/arm_cm4/bin/../lib/gcc/arm-none-eabi/6.2.1/../../../../arm-none-eabi/lib/thumb/v7e-m/fpv4-sp/hard/crt0.o (memset)
/Users/lukashann/Documents/Imperial/Year_3/Project/fNIRS-Musketeers/nrf52/toolchain/arm_cm4/bin/../lib/gcc/arm-none-eabi/6.2.1/../../../../arm-none-eabi/lib/thumb/v7e-m/fpv4-sp/hard/libnosys.a(_exit.o)
                              /Users/lukashann/Documents/Imperial/Year_3/Project/fNIRS-Musketeers/nrf52/toolchain/arm_cm4/bin/../lib/gcc/arm-none-eabi/6.2.1/../../../../arm-none-eabi/lib/thumb/v7e-m/fpv4-sp/hard/libc_nano.a(lib_a-exit.o) (_exit)
/Users/lukashann/Documents/Imperial/Year_3/Project/fNIRS-Musketeers/nrf52/toolchain/arm_cm4/bin/../lib/gcc/arm-none-eabi/6.2.1/../../../../arm-none-eabi/lib/thumb/v7e-m/fpv4-sp/hard/libc_nano.a(lib_a-memcpy-stub.o)
                              _build/nrf52832_xxaa_SEGGER_RTT.c.o (memcpy)
/Users/lukashann/Documents/Imperial/Year_3/Project/fNIRS-Musketeers/nrf52/toolchain/arm_cm4/bin/../lib/gcc/arm-none-eabi/6.2.1/../../../../arm-none-eabi/lib/thumb/v7e-m/fpv4-sp/hard/libc_nano.a(lib_a-printf.o)
                              _build/nrf52832_xxaa_main.c.o (printf)
/Users/lukashann/Documents/Imperial/Year_3/Project/fNIRS-Musketeers/nrf52/toolchain/arm_cm4/bin/../lib/gcc/arm-none-eabi/6.2.1/../../../../arm-none-eabi/lib/thumb/v7e-m/fpv4-sp/hard/libc_nano.a(lib_a-strcpy.o)
                              _build/nrf52832_xxaa_SEGGER_RTT.c.o (strcpy)
/Users/lukashann/Documents/Imperial/Year_3/Project/fNIRS-Musketeers/nrf52/toolchain/arm_cm4/bin/../lib/gcc/arm-none-eabi/6.2.1/../../../../arm-none-eabi/lib/thumb/v7e-m/fpv4-sp/hard/libc_nano.a(lib_a-strlen.o)
                              _build/nrf52832_xxaa_main.c.o (strlen)
/Users/lukashann/Documents/Imperial/Year_3/Project/fNIRS-Musketeers/nrf52/toolchain/arm_cm4/bin/../lib/gcc/arm-none-eabi/6.2.1/../../../../arm-none-eabi/lib/thumb/v7e-m/fpv4-sp/hard/libc_nano.a(lib_a-findfp.o)
                              /Users/lukashann/Documents/Imperial/Year_3/Project/fNIRS-Musketeers/nrf52/toolchain/arm_cm4/bin/../lib/gcc/arm-none-eabi/6.2.1/../../../../arm-none-eabi/lib/thumb/v7e-m/fpv4-sp/hard/libc_nano.a(lib_a-printf.o) (__sinit)
/Users/lukashann/Documents/Imperial/Year_3/Project/fNIRS-Musketeers/nrf52/toolchain/arm_cm4/bin/../lib/gcc/arm-none-eabi/6.2.1/../../../../arm-none-eabi/lib/thumb/v7e-m/fpv4-sp/hard/libc_nano.a(lib_a-fwalk.o)
                              /Users/lukashann/Documents/Imperial/Year_3/Project/fNIRS-Musketeers/nrf52/toolchain/arm_cm4/bin/../lib/gcc/arm-none-eabi/6.2.1/../../../../arm-none-eabi/lib/thumb/v7e-m/fpv4-sp/hard/libc_nano.a(lib_a-findfp.o) (_fwalk)
/Users/lukashann/Documents/Imperial/Year_3/Project/fNIRS-Musketeers/nrf52/toolchain/arm_cm4/bin/../lib/gcc/arm-none-eabi/6.2.1/../../../../arm-none-eabi/lib/thumb/v7e-m/fpv4-sp/hard/libc_nano.a(lib_a-nano-mallocr.o)
                              /Users/lukashann/Documents/Imperial/Year_3/Project/fNIRS-Musketeers/nrf52/toolchain/arm_cm4/bin/../lib/gcc/arm-none-eabi/6.2.1/../../../../arm-none-eabi/lib/thumb/v7e-m/fpv4-sp/hard/libc_nano.a(lib_a-findfp.o) (_malloc_r)
[...]
Memory Configuration

Name             Origin             Length             Attributes
FLASH            0x000000000001f000 0x0000000000061000 xr
RAM              0x0000000020002128 0x000000000000ded8 xrw
*default*        0x0000000000000000 0xffffffffffffffff

Linker script and memory map


.text           0x000000000001f000     0x5eac
 *(.isr_vector)
 .isr_vector    0x000000000001f000      0x400 _build/nrf52832_xxaa_gcc_startup_nrf52.S.o
                0x000000000001f000                __isr_vector
 *(.text*)
 .text          0x000000000001f400       0x6c /Users/lukashann/Documents/Imperial/Year_3/Project/fNIRS-Musketeers/nrf52/toolchain/arm_cm4/bin/../lib/gcc/arm-none-eabi/6.2.1/thumb/v7e-m/fpv4-sp/hard/crtbegin.o
 .text          0x000000000001f46c       0x74 /Users/lukashann/Documents/Imperial/Year_3/Project/fNIRS-Musketeers/nrf52/toolchain/arm_cm4/bin/../lib/gcc/arm-none-eabi/6.2.1/../../../../arm-none-eabi/lib/thumb/v7e-m/fpv4-sp/hard/crt0.o
                0x000000000001f46c                _mainCRTStartup
                0x000000000001f46c                _start
 .text.exit     0x000000000001f4e0       0x28 /Users/lukashann/Documents/Imperial/Year_3/Project/fNIRS-Musketeers/nrf52/toolchain/arm_cm4/bin/../lib/gcc/arm-none-eabi/6.2.1/../../../../arm-none-eabi/lib/thumb/v7e-m/fpv4-sp/hard/libc_nano.a(lib_a-exit.o)
                0x000000000001f4e0                exit
 .text.__libc_init_array
                0x000000000001f508       0x48 /Users/lukashann/Documents/Imperial/Year_3/Project/fNIRS-Musketeers/nrf52/toolchain/arm_cm4/bin/../lib/gcc/arm-none-eabi/6.2.1/../../../../arm-none-eabi/lib/thumb/v7e-m/fpv4-sp/hard/libc_nano.a(lib_a-init.o)
                0x000000000001f508                __libc_init_array
 .text.memset   0x000000000001f550       0x10 /Users/lukashann/Documents/Imperial/Year_3/Project/fNIRS-Musketeers/nrf52/toolchain/arm_cm4/bin/../lib/gcc/arm-none-eabi/6.2.1/../../../../arm-none-eabi/lib/thumb/v7e-m/fpv4-sp/hard/libc_nano.a(lib_a-memset.o)
                0x000000000001f550                memset
 .text._exit    0x000000000001f560        0x4 /Users/lukashann/Documents/Imperial/Year_3/Project/fNIRS-Musketeers/nrf52/toolchain/arm_cm4/bin/../lib/gcc/arm-none-eabi/6.2.1/../../../../arm-none-eabi/lib/thumb/v7e-m/fpv4-sp/hard/libnosys.a(_exit.o)
                0x000000000001f560                _exit
 .text.detection_delay_timeout_handler
                0x000000000001f564       0xac _build/nrf52832_xxaa_app_button.c.o
 .text.gpiote_event_handler
                0x000000000001f610       0x5c _build/nrf52832_xxaa_app_button.c.o
 .text.app_button_init
                0x000000000001f66c       0xb4 _build/nrf52832_xxaa_app_button.c.o
                0x000000000001f66c                app_button_init
 .text.app_button_enable
                0x000000000001f720       0x2c _build/nrf52832_xxaa_app_button.c.o
                0x000000000001f720                app_button_enable
 .text.app_error_handler_bare
                0x000000000001f74c       0x20 _build/nrf52832_xxaa_app_error.c.o
                0x000000000001f74c                app_error_handler_bare
 .text.app_error_fault_handler
                0x000000000001f76c       0x24 _build/nrf52832_xxaa_app_error_weak.c.o
                0x000000000001f76c                app_error_fault_handler
 .text.app_fifo_init
                0x000000000001f790       0x20 _build/nrf52832_xxaa_app_fifo.c.o
                0x000000000001f790                app_fifo_init
 .text.app_fifo_put
                0x000000000001f7b0       0x30 _build/nrf52832_xxaa_app_fifo.c.o
                0x000000000001f7b0                app_fifo_put
 .text.app_fifo_get
                0x000000000001f7e0       0x2c _build/nrf52832_xxaa_app_fifo.c.o
                0x000000000001f7e0                app_fifo_get
 .text.RTC1_IRQHandler
                0x000000000001f80c       0xc4 _build/nrf52832_xxaa_app_timer.c.o
                0x000000000001f80c                RTC1_IRQHandler
 .text.SWI0_EGU0_IRQHandler
                0x000000000001f8d0      0x630 _build/nrf52832_xxaa_app_timer.c.o
                0x000000000001f8d0                SWI0_EGU0_IRQHandler
 .text.app_timer_init
                0x000000000001ff00      0x1c0 _build/nrf52832_xxaa_app_timer.c.o
                0x000000000001ff00                app_timer_init
 .text.app_timer_create
                0x00000000000200c0       0x24 _build/nrf52832_xxaa_app_timer.c.o
                0x00000000000200c0                app_timer_create
 .text.app_timer_start
                0x00000000000200e4       0xb0 _build/nrf52832_xxaa_app_timer.c.o
                0x00000000000200e4                app_timer_start
 .text.app_timer_stop
                0x0000000000020194       0x7c _build/nrf52832_xxaa_app_timer.c.o
                0x0000000000020194                app_timer_stop
 .text.uart_event_handler
                0x0000000000020210       0xc8 _build/nrf52832_xxaa_app_uart_fifo.c.o
 .text.app_uart_init
                0x00000000000202d8       0xe4 _build/nrf52832_xxaa_app_uart_fifo.c.o
                0x00000000000202d8                app_uart_init
 .text.app_uart_get
                0x00000000000203bc       0x40 _build/nrf52832_xxaa_app_uart_fifo.c.o
                0x00000000000203bc                app_uart_get
 .text.app_uart_put
                0x00000000000203fc       0x44 _build/nrf52832_xxaa_app_uart_fifo.c.o
                0x00000000000203fc                app_uart_put
 .text.app_util_critical_region_enter
                0x0000000000020440       0x4c _build/nrf52832_xxaa_app_util_platform.c.o
                0x0000000000020440                app_util_critical_region_enter
 .text.app_util_critical_region_exit
                0x000000000002048c       0x30 _build/nrf52832_xxaa_app_util_platform.c.o
                0x000000000002048c                app_util_critical_region_exit
 .text.fs_queued_op_count_get
                0x00000000000204bc       0x14 _build/nrf52832_xxaa_fstorage.c.o
                0x00000000000204bc                fs_queued_op_count_get
 .text._write   0x00000000000204d0       0x1c _build/nrf52832_xxaa_retarget.c.o
                0x00000000000204d0                _write
 .text._read    0x00000000000204ec       0x14 _build/nrf52832_xxaa_retarget.c.o
                0x00000000000204ec                _read
 .text.bsp_board_led_state_get
                0x0000000000020500       0x1c _build/nrf52832_xxaa_boards.c.o
                0x0000000000020500                bsp_board_led_state_get
 .text.bsp_board_led_on
                0x000000000002051c       0x18 _build/nrf52832_xxaa_boards.c.o
                0x000000000002051c                bsp_board_led_on
 .text.bsp_board_led_off
                0x0000000000020534       0x18 _build/nrf52832_xxaa_boards.c.o
                0x0000000000020534                bsp_board_led_off
 .text.bsp_board_leds_off
                0x000000000002054c       0x2c _build/nrf52832_xxaa_boards.c.o
                0x000000000002054c                bsp_board_leds_off
 .text.bsp_board_leds_on
                0x0000000000020578       0x2c _build/nrf52832_xxaa_boards.c.o
                0x0000000000020578                bsp_board_leds_on
 .text.bsp_board_led_invert
                0x00000000000205a4       0x24 _build/nrf52832_xxaa_boards.c.o
                0x00000000000205a4                bsp_board_led_invert
 .text.bsp_board_leds_init
                0x00000000000205c8       0x3c _build/nrf52832_xxaa_boards.c.o
                0x00000000000205c8                bsp_board_leds_init
 .text.bsp_board_button_state_get
                0x0000000000020604       0x1c _build/nrf52832_xxaa_boards.c.o
                0x0000000000020604                bsp_board_button_state_get
 .text.bsp_board_pin_to_button_idx
                0x0000000000020620       0x24 _build/nrf52832_xxaa_boards.c.o
                0x0000000000020620                bsp_board_pin_to_button_idx
 .text.bsp_board_button_idx_to_pin
                0x0000000000020644        0xc _build/nrf52832_xxaa_boards.c.o
                0x0000000000020644                bsp_board_button_idx_to_pin
 .text.POWER_CLOCK_IRQHandler
                0x0000000000020650       0x78 _build/nrf52832_xxaa_nrf_drv_clock.c.o
                0x0000000000020650                POWER_CLOCK_IRQHandler
 .text.nrf_drv_clock_on_soc_event
                0x00000000000206c8       0x20 _build/nrf52832_xxaa_nrf_drv_clock.c.o
                0x00000000000206c8                nrf_drv_clock_on_soc_event
 .text.nrf_drv_clock_on_sd_enable
                0x00000000000206e8       0x64 _build/nrf52832_xxaa_nrf_drv_clock.c.o
                0x00000000000206e8                nrf_drv_clock_on_sd_enable
 .text.nrf_drv_common_irq_enable
                0x000000000002074c       0x50 _build/nrf52832_xxaa_nrf_drv_common.c.o
                0x000000000002074c                nrf_drv_common_irq_enable
 .text.nrf_drv_gpiote_init
                0x000000000002079c       0x84 _build/nrf52832_xxaa_nrf_drv_gpiote.c.o
                0x000000000002079c                nrf_drv_gpiote_init
 .text.nrf_drv_gpiote_is_init
                0x0000000000020820       0x14 _build/nrf52832_xxaa_nrf_drv_gpiote.c.o
                0x0000000000020820                nrf_drv_gpiote_is_init
 .text.nrf_drv_gpiote_in_init
                0x0000000000020834      0x180 _build/nrf52832_xxaa_nrf_drv_gpiote.c.o
                0x0000000000020834                nrf_drv_gpiote_in_init
 .text.nrf_drv_gpiote_in_event_enable
                0x00000000000209b4       0xc4 _build/nrf52832_xxaa_nrf_drv_gpiote.c.o
                0x00000000000209b4                nrf_drv_gpiote_in_event_enable
 .text.nrf_drv_gpiote_in_is_set
                0x0000000000020a78       0x14 _build/nrf52832_xxaa_nrf_drv_gpiote.c.o
                0x0000000000020a78                nrf_drv_gpiote_in_is_set
 .text.GPIOTE_IRQHandler
                0x0000000000020a8c      0x528 _build/nrf52832_xxaa_nrf_drv_gpiote.c.o
                0x0000000000020a8c                GPIOTE_IRQHandler
 .text.nrf_drv_uart_init
                0x0000000000020fb4      0x1d8 _build/nrf52832_xxaa_nrf_drv_uart.c.o
                0x0000000000020fb4                nrf_drv_uart_init
 .text.nrf_drv_uart_tx
                0x000000000002118c      0x154 _build/nrf52832_xxaa_nrf_drv_uart.c.o
                0x000000000002118c                nrf_drv_uart_tx
 .text.nrf_drv_uart_tx_in_progress
                0x00000000000212e0       0x18 _build/nrf52832_xxaa_nrf_drv_uart.c.o
                0x00000000000212e0                nrf_drv_uart_tx_in_progress
 .text.nrf_drv_uart_rx
                0x00000000000212f8      0x234 _build/nrf52832_xxaa_nrf_drv_uart.c.o
                0x00000000000212f8                nrf_drv_uart_rx
 .text.nrf_drv_uart_rx_enable
                0x000000000002152c       0x4c _build/nrf52832_xxaa_nrf_drv_uart.c.o
                0x000000000002152c                nrf_drv_uart_rx_enable
 .text.UARTE0_UART0_IRQHandler
                0x0000000000021578      0x2f4 _build/nrf52832_xxaa_nrf_drv_uart.c.o
                0x0000000000021578                UARTE0_UART0_IRQHandler
 .text.alert_timer_handler
                0x000000000002186c        0x8 _build/nrf52832_xxaa_bsp.c.o
 .text.bsp_button_event_handler
                0x0000000000021874       0xac _build/nrf52832_xxaa_bsp.c.o
 .text.leds_timer_handler
                0x0000000000021920      0x21c _build/nrf52832_xxaa_bsp.c.o
 .text.button_timer_handler
                0x0000000000021b3c       0x30 _build/nrf52832_xxaa_bsp.c.o
 .text.bsp_button_is_pressed
                0x0000000000021b6c        0x4 _build/nrf52832_xxaa_bsp.c.o
                0x0000000000021b6c                bsp_button_is_pressed
 .text.bsp_indication_set
                0x0000000000021b70      0x260 _build/nrf52832_xxaa_bsp.c.o
                0x0000000000021b70                bsp_indication_set
 .text.bsp_init
                0x0000000000021dd0       0xb4 _build/nrf52832_xxaa_bsp.c.o
                0x0000000000021dd0                bsp_init
 .text.bsp_event_to_button_action_assign
                0x0000000000021e84       0x50 _build/nrf52832_xxaa_bsp.c.o
                0x0000000000021e84                bsp_event_to_button_action_assign
 .text.bsp_wakeup_button_enable
                0x0000000000021ed4       0x28 _build/nrf52832_xxaa_bsp.c.o
                0x0000000000021ed4                bsp_wakeup_button_enable
 .text.bsp_btn_ble_sleep_mode_prepare
                0x0000000000021efc       0x24 _build/nrf52832_xxaa_bsp_btn_ble.c.o
                0x0000000000021efc                bsp_btn_ble_sleep_mode_prepare
 .text.bsp_btn_ble_on_ble_evt
                0x0000000000021f20       0xb0 _build/nrf52832_xxaa_bsp_btn_ble.c.o
                0x0000000000021f20                bsp_btn_ble_on_ble_evt
 .text.bsp_btn_ble_init
                0x0000000000021fd0       0x70 _build/nrf52832_xxaa_bsp_btn_ble.c.o
                0x0000000000021fd0                bsp_btn_ble_init
 .text.sd_ble_gap_disconnect
                0x0000000000022040        0x4 _build/nrf52832_xxaa_main.c.o
 .text.sd_ble_gap_ppcp_set
                0x0000000000022044        0x4 _build/nrf52832_xxaa_main.c.o
 .text.sd_ble_gap_device_name_set
                0x0000000000022048        0x4 _build/nrf52832_xxaa_main.c.o
 .text.sd_ble_gap_sec_params_reply
                0x000000000002204c        0x4 _build/nrf52832_xxaa_main.c.o
 .text.sd_ble_gatts_rw_authorize_reply
                0x0000000000022050        0x4 _build/nrf52832_xxaa_main.c.o
 .text.sd_ble_gatts_sys_attr_set
                0x0000000000022054        0x4 _build/nrf52832_xxaa_main.c.o
 .text.sd_ble_gatts_exchange_mtu_reply
                0x0000000000022058        0x4 _build/nrf52832_xxaa_main.c.o
 .text.sd_ble_user_mem_reply
                0x000000000002205c        0x4 _build/nrf52832_xxaa_main.c.o
 .text.sd_power_system_off
                0x0000000000022060        0x4 _build/nrf52832_xxaa_main.c.o
 .text.sd_app_evt_wait
                0x0000000000022064        0x4 _build/nrf52832_xxaa_main.c.o
 .text.conn_params_error_handler
                0x0000000000022068        0x4 _build/nrf52832_xxaa_main.c.o
 .text.ble_evt_dispatch
                0x000000000002206c      0x138 _build/nrf52832_xxaa_main.c.o
 .text.nus_data_handler
                0x00000000000221a4       0x30 _build/nrf52832_xxaa_main.c.o
 .text.on_conn_params_evt
                0x00000000000221d4       0x24 _build/nrf52832_xxaa_main.c.o
 .text.bsp_event_handler
                0x00000000000221f8       0x68 _build/nrf52832_xxaa_main.c.o
                0x00000000000221f8                bsp_event_handler
 .text.uart_event_handle
                0x0000000000022260       0x64 _build/nrf52832_xxaa_main.c.o
                0x0000000000022260                uart_event_handle
 .text.on_adv_evt
                0x00000000000222c4       0x3c _build/nrf52832_xxaa_main.c.o
 .text.startup.main
                0x0000000000022300      0x20c _build/nrf52832_xxaa_main.c.o
                0x0000000000022300                main
 .text.sd_ble_gap_addr_get
                0x000000000002250c        0x4 _build/nrf52832_xxaa_ble_advdata.c.o
 .text.sd_ble_gap_adv_data_set
                0x0000000000022510        0x4 _build/nrf52832_xxaa_ble_advdata.c.o
 .text.sd_ble_gap_appearance_get
                0x0000000000022514        0x4 _build/nrf52832_xxaa_ble_advdata.c.o
 .text.sd_ble_gap_device_name_get
                0x0000000000022518        0x4 _build/nrf52832_xxaa_ble_advdata.c.o
 .text.sd_ble_uuid_encode
                0x000000000002251c        0x4 _build/nrf52832_xxaa_ble_advdata.c.o
 .text.uuid_list_sized_encode
                0x0000000000022520       0xe0 _build/nrf52832_xxaa_ble_advdata.c.o
 .text.adv_data_encode
                0x0000000000022600      0x3fc _build/nrf52832_xxaa_ble_advdata.c.o
                0x0000000000022600                adv_data_encode
 .text.ble_advdata_set
                0x00000000000229fc      0x4dc _build/nrf52832_xxaa_ble_advdata.c.o
                0x00000000000229fc                ble_advdata_set
 .text.sd_ble_gap_adv_start
                0x0000000000022ed8        0x4 _build/nrf52832_xxaa_ble_advertising.c.o
 .text.sd_ble_gap_adv_stop
                0x0000000000022edc        0x4 _build/nrf52832_xxaa_ble_advertising.c.o
 .text.ble_advertising_start.part.1
                0x0000000000022ee0      0x228 _build/nrf52832_xxaa_ble_advertising.c.o
 .text.ble_advertising_init
                0x0000000000023108      0x178 _build/nrf52832_xxaa_ble_advertising.c.o
                0x0000000000023108                ble_advertising_init
 .text.ble_advertising_start
                0x0000000000023280       0x40 _build/nrf52832_xxaa_ble_advertising.c.o
                0x0000000000023280                ble_advertising_start
 .text.ble_advertising_on_ble_evt
                0x00000000000232c0       0xc0 _build/nrf52832_xxaa_ble_advertising.c.o
                0x00000000000232c0                ble_advertising_on_ble_evt
 .text.ble_advertising_restart_without_whitelist
                0x0000000000023380       0x80 _build/nrf52832_xxaa_ble_advertising.c.o
                0x0000000000023380                ble_advertising_restart_without_whitelist
 .text.sd_ble_gap_conn_param_update
                0x0000000000023400        0x4 _build/nrf52832_xxaa_ble_conn_params.c.o
 .text.sd_ble_gap_disconnect
                0x0000000000023404        0x4 _build/nrf52832_xxaa_ble_conn_params.c.o
 .text.sd_ble_gap_ppcp_set
                0x0000000000023408        0x4 _build/nrf52832_xxaa_ble_conn_params.c.o
 .text.sd_ble_gap_ppcp_get
                0x000000000002340c        0x4 _build/nrf52832_xxaa_ble_conn_params.c.o
 .text.update_timeout_handler
                0x0000000000023410       0x74 _build/nrf52832_xxaa_ble_conn_params.c.o
 .text.conn_params_negotiation
                0x0000000000023484       0x94 _build/nrf52832_xxaa_ble_conn_params.c.o
 .text.ble_conn_params_init
                0x0000000000023518       0x74 _build/nrf52832_xxaa_ble_conn_params.c.o
                0x0000000000023518                ble_conn_params_init
 .text.ble_conn_params_on_ble_evt
                0x000000000002358c       0xb8 _build/nrf52832_xxaa_ble_conn_params.c.o
                0x000000000002358c                ble_conn_params_on_ble_evt
 .text.ble_srv_is_notification_enabled
                0x0000000000023644        0x8 _build/nrf52832_xxaa_ble_srv_common.c.o
                0x0000000000023644                ble_srv_is_notification_enabled
 .text          0x000000000002364c       0x3c _build/nrf52832_xxaa_gcc_startup_nrf52.S.o
                0x000000000002364c                Reset_Handler
                0x0000000000023674                NMI_Handler
                0x0000000000023676                HardFault_Handler
                0x0000000000023678                MemoryManagement_Handler
                0x000000000002367a                BusFault_Handler
                0x000000000002367c                UsageFault_Handler
                0x000000000002367e                SVC_Handler
                0x0000000000023680                DebugMon_Handler
                0x0000000000023682                PendSV_Handler
                0x0000000000023684                SysTick_Handler
                0x0000000000023686                TIMER4_IRQHandler
                0x0000000000023686                I2S_IRQHandler
                0x0000000000023686                SWI4_EGU4_IRQHandler
                0x0000000000023686                TIMER0_IRQHandler
                0x0000000000023686                TIMER1_IRQHandler
                0x0000000000023686                PWM2_IRQHandler
                0x0000000000023686                ECB_IRQHandler
                0x0000000000023686                SPIM1_SPIS1_TWIM1_TWIS1_SPI1_TWI1_IRQHandler
                0x0000000000023686                Default_Handler
                0x0000000000023686                SAADC_IRQHandler
                0x0000000000023686                CCM_AAR_IRQHandler
                0x0000000000023686                WDT_IRQHandler
                0x0000000000023686                SWI5_EGU5_IRQHandler
                0x0000000000023686                RNG_IRQHandler
                0x0000000000023686                RTC2_IRQHandler
                0x0000000000023686                PWM0_IRQHandler
                0x0000000000023686                SWI3_EGU3_IRQHandler
                0x0000000000023686                SWI1_EGU1_IRQHandler
                0x0000000000023686                SPIM2_SPIS2_SPI2_IRQHandler
                0x0000000000023686                NFCT_IRQHandler
                0x0000000000023686                MWU_IRQHandler
                0x0000000000023686                TIMER2_IRQHandler
                0x0000000000023686                COMP_LPCOMP_IRQHandler
                0x0000000000023686                RTC0_IRQHandler
                0x0000000000023686                PWM1_IRQHandler
                0x0000000000023686                RADIO_IRQHandler
                0x0000000000023686                PDM_IRQHandler
                0x0000000000023686                TEMP_IRQHandler
                0x0000000000023686                QDEC_IRQHandler
                0x0000000000023686                TIMER3_IRQHandler
                0x0000000000023686                FPU_IRQHandler
                0x0000000000023686                SPIM0_SPIS0_TWIM0_TWIS0_SPI0_TWI0_IRQHandler
 .text.SystemInit
                0x0000000000023688      0x2f0 _build/nrf52832_xxaa_system_nrf52.c.o
                0x0000000000023688                SystemInit
 .text.sd_ble_gatts_service_add
                0x0000000000023978        0x4 _build/nrf52832_xxaa_ble_nus.c.o
 .text.sd_ble_gatts_characteristic_add
                0x000000000002397c        0x4 _build/nrf52832_xxaa_ble_nus.c.o
 .text.sd_ble_gatts_hvx
                0x0000000000023980        0x4 _build/nrf52832_xxaa_ble_nus.c.o
 .text.sd_ble_uuid_vs_add
                0x0000000000023984        0x4 _build/nrf52832_xxaa_ble_nus.c.o
 .text.ble_nus_on_ble_evt
                0x0000000000023988       0x5c _build/nrf52832_xxaa_ble_nus.c.o
                0x0000000000023988                ble_nus_on_ble_evt
 .text.ble_nus_init
                0x00000000000239e4      0x1f4 _build/nrf52832_xxaa_ble_nus.c.o
                0x00000000000239e4                ble_nus_init
 .text.ble_nus_string_send
                0x0000000000023bd8       0x60 _build/nrf52832_xxaa_ble_nus.c.o
                0x0000000000023bd8                ble_nus_string_send
 .text.sd_evt_get
                0x0000000000023c38        0x4 _build/nrf52832_xxaa_softdevice_handler.c.o
 .text.sd_softdevice_enable
                0x0000000000023c3c        0x4 _build/nrf52832_xxaa_softdevice_handler.c.o
 .text.sd_ble_enable
                0x0000000000023c40        0x4 _build/nrf52832_xxaa_softdevice_handler.c.o
 .text.sd_ble_evt_get
                0x0000000000023c44        0x4 _build/nrf52832_xxaa_softdevice_handler.c.o
 .text.softdevice_fault_handler
                0x0000000000023c48        0x4 _build/nrf52832_xxaa_softdevice_handler.c.o
                0x0000000000023c48                softdevice_fault_handler
 .text.intern_softdevice_events_execute.part.2
                0x0000000000023c4c       0xc4 _build/nrf52832_xxaa_softdevice_handler.c.o
 .text.softdevice_handler_is_enabled
                0x0000000000023d10        0xc _build/nrf52832_xxaa_softdevice_handler.c.o
                0x0000000000023d10                softdevice_handler_is_enabled
 .text.softdevice_handler_init
                0x0000000000023d1c       0x94 _build/nrf52832_xxaa_softdevice_handler.c.o
                0x0000000000023d1c                softdevice_handler_init
 .text.softdevice_ble_evt_handler_set
                0x0000000000023db0       0x14 _build/nrf52832_xxaa_softdevice_handler.c.o
                0x0000000000023db0                softdevice_ble_evt_handler_set
 .text.SWI2_EGU2_IRQHandler
                0x0000000000023dc4       0x30 _build/nrf52832_xxaa_softdevice_handler.c.o
                0x0000000000023dc4                SWI2_EGU2_IRQHandler
 .text.softdevice_enable_get_default_config
                0x0000000000023df4       0x30 _build/nrf52832_xxaa_softdevice_handler.c.o
                0x0000000000023df4                softdevice_enable_get_default_config
 .text.softdevice_enable
                0x0000000000023e24       0x20 _build/nrf52832_xxaa_softdevice_handler.c.o
                0x0000000000023e24                softdevice_enable
 .text.memcpy   0x0000000000023e44       0x16 /Users/lukashann/Documents/Imperial/Year_3/Project/fNIRS-Musketeers/nrf52/toolchain/arm_cm4/bin/../lib/gcc/arm-none-eabi/6.2.1/../../../../arm-none-eabi/lib/thumb/v7e-m/fpv4-sp/hard/libc_nano.a(lib_a-memcpy-stub.o)
                0x0000000000023e44                memcpy
 *fill*         0x0000000000023e5a        0x2 
 .text.printf   0x0000000000023e5c       0x30 /Users/lukashann/Documents/Imperial/Year_3/Project/fNIRS-Musketeers/nrf52/toolchain/arm_cm4/bin/../lib/gcc/arm-none-eabi/6.2.1/../../../../arm-none-eabi/lib/thumb/v7e-m/fpv4-sp/hard/libc_nano.a(lib_a-printf.o)
                0x0000000000023e5c                printf
                0x0000000000023e5c                iprintf
 .text          0x0000000000023e8c       0x10 /Users/lukashann/Documents/Imperial/Year_3/Project/fNIRS-Musketeers/nrf52/toolchain/arm_cm4/bin/../lib/gcc/arm-none-eabi/6.2.1/../../../../arm-none-eabi/lib/thumb/v7e-m/fpv4-sp/hard/libc_nano.a(lib_a-strlen.o)
                0x0000000000023e8c                strlen
 .text._cleanup_r
                0x0000000000023e9c        0xc /Users/lukashann/Documents/Imperial/Year_3/Project/fNIRS-Musketeers/nrf52/toolchain/arm_cm4/bin/../lib/gcc/arm-none-eabi/6.2.1/../../../../arm-none-eabi/lib/thumb/v7e-m/fpv4-sp/hard/libc_nano.a(lib_a-findfp.o)
                0x0000000000023e9c                _cleanup_r
 .text.std.isra.0
                0x0000000000023ea8       0x48 /Users/lukashann/Documents/Imperial/Year_3/Project/fNIRS-Musketeers/nrf52/toolchain/arm_cm4/bin/../lib/gcc/arm-none-eabi/6.2.1/../../../../arm-none-eabi/lib/thumb/v7e-m/fpv4-sp/hard/libc_nano.a(lib_a-findfp.o)
 .text.__sfmoreglue
                0x0000000000023ef0       0x2c /Users/lukashann/Documents/Imperial/Year_3/Project/fNIRS-Musketeers/nrf52/toolchain/arm_cm4/bin/../lib/gcc/arm-none-eabi/6.2.1/../../../../arm-none-eabi/lib/thumb/v7e-m/fpv4-sp/hard/libc_nano.a(lib_a-findfp.o)
                0x0000000000023ef0                __sfmoreglue
 .text.__sinit  0x0000000000023f1c       0x60 /Users/lukashann/Documents/Imperial/Year_3/Project/fNIRS-Musketeers/nrf52/toolchain/arm_cm4/bin/../lib/gcc/arm-none-eabi/6.2.1/../../../../arm-none-eabi/lib/thumb/v7e-m/fpv4-sp/hard/libc_nano.a(lib_a-findfp.o)
                0x0000000000023f1c                __sinit
 .text.__sfp    0x0000000000023f7c       0x78 /Users/lukashann/Documents/Imperial/Year_3/Project/fNIRS-Musketeers/nrf52/toolchain/arm_cm4/bin/../lib/gcc/arm-none-eabi/6.2.1/../../../../arm-none-eabi/lib/thumb/v7e-m/fpv4-sp/hard/libc_nano.a(lib_a-findfp.o)
                0x0000000000023f7c                __sfp
 .text._fwalk_reent
                0x0000000000023ff4       0x3c /Users/lukashann/Documents/Imperial/Year_3/Project/fNIRS-Musketeers/nrf52/toolchain/arm_cm4/bin/../lib/gcc/arm-none-eabi/6.2.1/../../../../arm-none-eabi/lib/thumb/v7e-m/fpv4-sp/hard/libc_nano.a(lib_a-fwalk.o)
                0x0000000000023ff4                _fwalk_reent
 .text._malloc_r
                0x0000000000024030       0xbc /Users/lukashann/Documents/Imperial/Year_3/Project/fNIRS-Musketeers/nrf52/toolchain/arm_cm4/bin/../lib/gcc/arm-none-eabi/6.2.1/../../../../arm-none-eabi/lib/thumb/v7e-m/fpv4-sp/hard/libc_nano.a(lib_a-nano-mallocr.o)
                0x0000000000024030                _malloc_r
 .text.__sfputc_r
                0x00000000000240ec       0x30 /Users/lukashann/Documents/Imperial/Year_3/Project/fNIRS-Musketeers/nrf52/toolchain/arm_cm4/bin/../lib/gcc/arm-none-eabi/6.2.1/../../../../arm-none-eabi/lib/thumb/v7e-m/fpv4-sp/hard/libc_nano.a(lib_a-nano-vfprintf.o)
 .text.__sfputs_r
                0x000000000002411c       0x24 /Users/lukashann/Documents/Imperial/Year_3/Project/fNIRS-Musketeers/nrf52/toolchain/arm_cm4/bin/../lib/gcc/arm-none-eabi/6.2.1/../../../../arm-none-eabi/lib/thumb/v7e-m/fpv4-sp/hard/libc_nano.a(lib_a-nano-vfprintf.o)
                0x000000000002411c                __sfputs_r
 .text._vfprintf_r
                0x0000000000024140      0x22c /Users/lukashann/Documents/Imperial/Year_3/Project/fNIRS-Musketeers/nrf52/toolchain/arm_cm4/bin/../lib/gcc/arm-none-eabi/6.2.1/../../../../arm-none-eabi/lib/thumb/v7e-m/fpv4-sp/hard/libc_nano.a(lib_a-nano-vfprintf.o)
                0x0000000000024140                _vfiprintf_r
                0x0000000000024140                _vfprintf_r
 .text._printf_common
                0x000000000002436c       0xec /Users/lukashann/Documents/Imperial/Year_3/Project/fNIRS-Musketeers/nrf52/toolchain/arm_cm4/bin/../lib/gcc/arm-none-eabi/6.2.1/../../../../arm-none-eabi/lib/thumb/v7e-m/fpv4-sp/hard/libc_nano.a(lib_a-nano-vfprintf_i.o)
                0x000000000002436c                _printf_common
 .text._printf_i
                0x0000000000024458      0x240 /Users/lukashann/Documents/Imperial/Year_3/Project/fNIRS-Musketeers/nrf52/toolchain/arm_cm4/bin/../lib/gcc/arm-none-eabi/6.2.1/../../../../arm-none-eabi/lib/thumb/v7e-m/fpv4-sp/hard/libc_nano.a(lib_a-nano-vfprintf_i.o)
                0x0000000000024458                _printf_i
 .text._sbrk_r  0x0000000000024698       0x20 /Users/lukashann/Documents/Imperial/Year_3/Project/fNIRS-Musketeers/nrf52/toolchain/arm_cm4/bin/../lib/gcc/arm-none-eabi/6.2.1/../../../../arm-none-eabi/lib/thumb/v7e-m/fpv4-sp/hard/libc_nano.a(lib_a-sbrkr.o)
                0x0000000000024698                _sbrk_r
 .text.__sread  0x00000000000246b8       0x22 /Users/lukashann/Documents/Imperial/Year_3/Project/fNIRS-Musketeers/nrf52/toolchain/arm_cm4/bin/../lib/gcc/arm-none-eabi/6.2.1/../../../../arm-none-eabi/lib/thumb/v7e-m/fpv4-sp/hard/libc_nano.a(lib_a-stdio.o)
                0x00000000000246b8                __sread
 .text.__swrite
                0x00000000000246da       0x38 /Users/lukashann/Documents/Imperial/Year_3/Project/fNIRS-Musketeers/nrf52/toolchain/arm_cm4/bin/../lib/gcc/arm-none-eabi/6.2.1/../../../../arm-none-eabi/lib/thumb/v7e-m/fpv4-sp/hard/libc_nano.a(lib_a-stdio.o)
                0x00000000000246da                __swrite
 .text.__sseek  0x0000000000024712       0x24 /Users/lukashann/Documents/Imperial/Year_3/Project/fNIRS-Musketeers/nrf52/toolchain/arm_cm4/bin/../lib/gcc/arm-none-eabi/6.2.1/../../../../arm-none-eabi/lib/thumb/v7e-m/fpv4-sp/hard/libc_nano.a(lib_a-stdio.o)
                0x0000000000024712                __sseek
 .text.__sclose
                0x0000000000024736        0x8 /Users/lukashann/Documents/Imperial/Year_3/Project/fNIRS-Musketeers/nrf52/toolchain/arm_cm4/bin/../lib/gcc/arm-none-eabi/6.2.1/../../../../arm-none-eabi/lib/thumb/v7e-m/fpv4-sp/hard/libc_nano.a(lib_a-stdio.o)
                0x0000000000024736                __sclose
 *fill*         0x000000000002473e        0x2 
 .text.__swbuf_r
                0x0000000000024740       0xa4 /Users/lukashann/Documents/Imperial/Year_3/Project/fNIRS-Musketeers/nrf52/toolchain/arm_cm4/bin/../lib/gcc/arm-none-eabi/6.2.1/../../../../arm-none-eabi/lib/thumb/v7e-m/fpv4-sp/hard/libc_nano.a(lib_a-wbuf.o)
                0x0000000000024740                __swbuf_r
 .text._write_r
                0x00000000000247e4       0x24 /Users/lukashann/Documents/Imperial/Year_3/Project/fNIRS-Musketeers/nrf52/toolchain/arm_cm4/bin/../lib/gcc/arm-none-eabi/6.2.1/../../../../arm-none-eabi/lib/thumb/v7e-m/fpv4-sp/hard/libc_nano.a(lib_a-writer.o)
                0x00000000000247e4                _write_r
 .text.__swsetup_r
                0x0000000000024808       0xdc /Users/lukashann/Documents/Imperial/Year_3/Project/fNIRS-Musketeers/nrf52/toolchain/arm_cm4/bin/../lib/gcc/arm-none-eabi/6.2.1/../../../../arm-none-eabi/lib/thumb/v7e-m/fpv4-sp/hard/libc_nano.a(lib_a-wsetup.o)
                0x0000000000024808                __swsetup_r
 .text._close_r
                0x00000000000248e4       0x20 /Users/lukashann/Documents/Imperial/Year_3/Project/fNIRS-Musketeers/nrf52/toolchain/arm_cm4/bin/../lib/gcc/arm-none-eabi/6.2.1/../../../../arm-none-eabi/lib/thumb/v7e-m/fpv4-sp/hard/libc_nano.a(lib_a-closer.o)
                0x00000000000248e4                _close_r
 .text.__sflush_r
                0x0000000000024904      0x110 /Users/lukashann/Documents/Imperial/Year_3/Project/fNIRS-Musketeers/nrf52/toolchain/arm_cm4/bin/../lib/gcc/arm-none-eabi/6.2.1/../../../../arm-none-eabi/lib/thumb/v7e-m/fpv4-sp/hard/libc_nano.a(lib_a-fflush.o)
                0x0000000000024904                __sflush_r
 .text._fflush_r
                0x0000000000024a14       0x54 /Users/lukashann/Documents/Imperial/Year_3/Project/fNIRS-Musketeers/nrf52/toolchain/arm_cm4/bin/../lib/gcc/arm-none-eabi/6.2.1/../../../../arm-none-eabi/lib/thumb/v7e-m/fpv4-sp/hard/libc_nano.a(lib_a-fflush.o)
                0x0000000000024a14                _fflush_r
 .text._lseek_r
                0x0000000000024a68       0x24 /Users/lukashann/Documents/Imperial/Year_3/Project/fNIRS-Musketeers/nrf52/toolchain/arm_cm4/bin/../lib/gcc/arm-none-eabi/6.2.1/../../../../arm-none-eabi/lib/thumb/v7e-m/fpv4-sp/hard/libc_nano.a(lib_a-lseekr.o)
                0x0000000000024a68                _lseek_r
 .text.__swhatbuf_r
                0x0000000000024a8c       0x48 /Users/lukashann/Documents/Imperial/Year_3/Project/fNIRS-Musketeers/nrf52/toolchain/arm_cm4/bin/../lib/gcc/arm-none-eabi/6.2.1/../../../../arm-none-eabi/lib/thumb/v7e-m/fpv4-sp/hard/libc_nano.a(lib_a-makebuf.o)
                0x0000000000024a8c                __swhatbuf_r
 .text.__smakebuf_r
                0x0000000000024ad4       0x78 /Users/lukashann/Documents/Imperial/Year_3/Project/fNIRS-Musketeers/nrf52/toolchain/arm_cm4/bin/../lib/gcc/arm-none-eabi/6.2.1/../../../../arm-none-eabi/lib/thumb/v7e-m/fpv4-sp/hard/libc_nano.a(lib_a-makebuf.o)
                0x0000000000024ad4                __smakebuf_r
 *fill*         0x0000000000024b4c        0x4 
 .text          0x0000000000024b50       0xa0 /Users/lukashann/Documents/Imperial/Year_3/Project/fNIRS-Musketeers/nrf52/toolchain/arm_cm4/bin/../lib/gcc/arm-none-eabi/6.2.1/../../../../arm-none-eabi/lib/thumb/v7e-m/fpv4-sp/hard/libc_nano.a(lib_a-memchr.o)
                0x0000000000024b50                memchr
 .text.__malloc_lock
                0x0000000000024bf0        0x2 /Users/lukashann/Documents/Imperial/Year_3/Project/fNIRS-Musketeers/nrf52/toolchain/arm_cm4/bin/../lib/gcc/arm-none-eabi/6.2.1/../../../../arm-none-eabi/lib/thumb/v7e-m/fpv4-sp/hard/libc_nano.a(lib_a-mlock.o)
                0x0000000000024bf0                __malloc_lock
 .text.__malloc_unlock
                0x0000000000024bf2        0x2 /Users/lukashann/Documents/Imperial/Year_3/Project/fNIRS-Musketeers/nrf52/toolchain/arm_cm4/bin/../lib/gcc/arm-none-eabi/6.2.1/../../../../arm-none-eabi/lib/thumb/v7e-m/fpv4-sp/hard/libc_nano.a(lib_a-mlock.o)
                0x0000000000024bf2                __malloc_unlock
 .text._free_r  0x0000000000024bf4       0x9c /Users/lukashann/Documents/Imperial/Year_3/Project/fNIRS-Musketeers/nrf52/toolchain/arm_cm4/bin/../lib/gcc/arm-none-eabi/6.2.1/../../../../arm-none-eabi/lib/thumb/v7e-m/fpv4-sp/hard/libc_nano.a(lib_a-nano-freer.o)
                0x0000000000024bf4                _free_r
 .text._read_r  0x0000000000024c90       0x24 /Users/lukashann/Documents/Imperial/Year_3/Project/fNIRS-Musketeers/nrf52/toolchain/arm_cm4/bin/../lib/gcc/arm-none-eabi/6.2.1/../../../../arm-none-eabi/lib/thumb/v7e-m/fpv4-sp/hard/libc_nano.a(lib_a-readr.o)
                0x0000000000024c90                _read_r
 .text._fstat_r
                0x0000000000024cb4       0x24 /Users/lukashann/Documents/Imperial/Year_3/Project/fNIRS-Musketeers/nrf52/toolchain/arm_cm4/bin/../lib/gcc/arm-none-eabi/6.2.1/../../../../arm-none-eabi/lib/thumb/v7e-m/fpv4-sp/hard/libc_nano.a(lib_a-fstatr.o)
                0x0000000000024cb4                _fstat_r
 .text._isatty_r
                0x0000000000024cd8       0x20 /Users/lukashann/Documents/Imperial/Year_3/Project/fNIRS-Musketeers/nrf52/toolchain/arm_cm4/bin/../lib/gcc/arm-none-eabi/6.2.1/../../../../arm-none-eabi/lib/thumb/v7e-m/fpv4-sp/hard/libc_nano.a(lib_a-isattyr.o)
                0x0000000000024cd8                _isatty_r
 .text._close   0x0000000000024cf8       0x10 /Users/lukashann/Documents/Imperial/Year_3/Project/fNIRS-Musketeers/nrf52/toolchain/arm_cm4/bin/../lib/gcc/arm-none-eabi/6.2.1/../../../../arm-none-eabi/lib/thumb/v7e-m/fpv4-sp/hard/libnosys.a(close.o)
                0x0000000000024cf8                _close
 .text._fstat   0x0000000000024d08       0x10 /Users/lukashann/Documents/Imperial/Year_3/Project/fNIRS-Musketeers/nrf52/toolchain/arm_cm4/bin/../lib/gcc/arm-none-eabi/6.2.1/../../../../arm-none-eabi/lib/thumb/v7e-m/fpv4-sp/hard/libnosys.a(fstat.o)
                0x0000000000024d08                _fstat
 .text._isatty  0x0000000000024d18       0x10 /Users/lukashann/Documents/Imperial/Year_3/Project/fNIRS-Musketeers/nrf52/toolchain/arm_cm4/bin/../lib/gcc/arm-none-eabi/6.2.1/../../../../arm-none-eabi/lib/thumb/v7e-m/fpv4-sp/hard/libnosys.a(isatty.o)
                0x0000000000024d18                _isatty
 .text._lseek   0x0000000000024d28       0x10 /Users/lukashann/Documents/Imperial/Year_3/Project/fNIRS-Musketeers/nrf52/toolchain/arm_cm4/bin/../lib/gcc/arm-none-eabi/6.2.1/../../../../arm-none-eabi/lib/thumb/v7e-m/fpv4-sp/hard/libnosys.a(lseek.o)
                0x0000000000024d28                _lseek
 .text._sbrk    0x0000000000024d38       0x1c /Users/lukashann/Documents/Imperial/Year_3/Project/fNIRS-Musketeers/nrf52/toolchain/arm_cm4/bin/../lib/gcc/arm-none-eabi/6.2.1/../../../../arm-none-eabi/lib/thumb/v7e-m/fpv4-sp/hard/libnosys.a(sbrk.o)
                0x0000000000024d38                _sbrk
 *(.init)
 .init          0x0000000000024d54        0x4 /Users/lukashann/Documents/Imperial/Year_3/Project/fNIRS-Musketeers/nrf52/toolchain/arm_cm4/bin/../lib/gcc/arm-none-eabi/6.2.1/thumb/v7e-m/fpv4-sp/hard/crti.o
                0x0000000000024d54                _init
 .init          0x0000000000024d58        0x8 /Users/lukashann/Documents/Imperial/Year_3/Project/fNIRS-Musketeers/nrf52/toolchain/arm_cm4/bin/../lib/gcc/arm-none-eabi/6.2.1/thumb/v7e-m/fpv4-sp/hard/crtn.o
 *(.fini)
 .fini          0x0000000000024d60        0x4 /Users/lukashann/Documents/Imperial/Year_3/Project/fNIRS-Musketeers/nrf52/toolchain/arm_cm4/bin/../lib/gcc/arm-none-eabi/6.2.1/thumb/v7e-m/fpv4-sp/hard/crti.o
                0x0000000000024d60                _fini
 .fini          0x0000000000024d64        0x8 /Users/lukashann/Documents/Imperial/Year_3/Project/fNIRS-Musketeers/nrf52/toolchain/arm_cm4/bin/../lib/gcc/arm-none-eabi/6.2.1/thumb/v7e-m/fpv4-sp/hard/crtn.o
 *crtbegin.o(.ctors)
 *crtbegin?.o(.ctors)
 *(EXCLUDE_FILE(*crtend.o *crtend?.o) .ctors)
 *(SORT(.ctors.*))
 *(.ctors)
 *crtbegin.o(.dtors)
 *crtbegin?.o(.dtors)
 *(EXCLUDE_FILE(*crtend.o *crtend?.o) .dtors)
 *(SORT(.dtors.*))
 *(.dtors)
 *(.rodata*)
 .rodata._global_impure_ptr
                0x0000000000024d6c        0x4 /Users/lukashann/Documents/Imperial/Year_3/Project/fNIRS-Musketeers/nrf52/toolchain/arm_cm4/bin/../lib/gcc/arm-none-eabi/6.2.1/../../../../arm-none-eabi/lib/thumb/v7e-m/fpv4-sp/hard/libc_nano.a(lib_a-impure.o)
                0x0000000000024d6c                _global_impure_ptr
 .rodata.m_detection_delay_timer_id
                0x0000000000024d70        0x4 _build/nrf52832_xxaa_app_button.c.o
 .rodata        0x0000000000024d74       0x20 _build/nrf52832_xxaa_app_uart_fifo.c.o
 .rodata.m_board_btn_list
                0x0000000000024d94        0x4 _build/nrf52832_xxaa_boards.c.o
 .rodata.m_board_led_list
                0x0000000000024d98        0x4 _build/nrf52832_xxaa_boards.c.o
 .rodata.app_buttons
                0x0000000000024d9c       0x20 _build/nrf52832_xxaa_bsp.c.o
 .rodata.m_alert_timer_id
                0x0000000000024dbc        0x4 _build/nrf52832_xxaa_bsp.c.o
 .rodata.m_button_timer_id
                0x0000000000024dc0        0x4 _build/nrf52832_xxaa_bsp.c.o
 .rodata.m_leds_timer_id
                0x0000000000024dc4        0x4 _build/nrf52832_xxaa_bsp.c.o
 .rodata        0x0000000000024dc8       0x1c _build/nrf52832_xxaa_main.c.o
 .rodata.main.str1.4
                0x0000000000024de4       0x1c _build/nrf52832_xxaa_main.c.o
 .rodata.m_conn_params_timer_id
                0x0000000000024e00        0x4 _build/nrf52832_xxaa_ble_conn_params.c.o
 .rodata        0x0000000000024e04       0x10 _build/nrf52832_xxaa_ble_nus.c.o
 .rodata.__sf_fake_stderr
                0x0000000000024e14       0x20 /Users/lukashann/Documents/Imperial/Year_3/Project/fNIRS-Musketeers/nrf52/toolchain/arm_cm4/bin/../lib/gcc/arm-none-eabi/6.2.1/../../../../arm-none-eabi/lib/thumb/v7e-m/fpv4-sp/hard/libc_nano.a(lib_a-findfp.o)
                0x0000000000024e14                __sf_fake_stderr
 .rodata.__sf_fake_stdin
                0x0000000000024e34       0x20 /Users/lukashann/Documents/Imperial/Year_3/Project/fNIRS-Musketeers/nrf52/toolchain/arm_cm4/bin/../lib/gcc/arm-none-eabi/6.2.1/../../../../arm-none-eabi/lib/thumb/v7e-m/fpv4-sp/hard/libc_nano.a(lib_a-findfp.o)
                0x0000000000024e34                __sf_fake_stdin
 .rodata.__sf_fake_stdout
                0x0000000000024e54       0x20 /Users/lukashann/Documents/Imperial/Year_3/Project/fNIRS-Musketeers/nrf52/toolchain/arm_cm4/bin/../lib/gcc/arm-none-eabi/6.2.1/../../../../arm-none-eabi/lib/thumb/v7e-m/fpv4-sp/hard/libc_nano.a(lib_a-findfp.o)
                0x0000000000024e54                __sf_fake_stdout
 .rodata._vfprintf_r.str1.1
                0x0000000000024e74       0x11 /Users/lukashann/Documents/Imperial/Year_3/Project/fNIRS-Musketeers/nrf52/toolchain/arm_cm4/bin/../lib/gcc/arm-none-eabi/6.2.1/../../../../arm-none-eabi/lib/thumb/v7e-m/fpv4-sp/hard/libc_nano.a(lib_a-nano-vfprintf.o)
 .rodata._printf_i.str1.1
                0x0000000000024e85       0x22 /Users/lukashann/Documents/Imperial/Year_3/Project/fNIRS-Musketeers/nrf52/toolchain/arm_cm4/bin/../lib/gcc/arm-none-eabi/6.2.1/../../../../arm-none-eabi/lib/thumb/v7e-m/fpv4-sp/hard/libc_nano.a(lib_a-nano-vfprintf_i.o)
 *(.eh_frame*)
 *fill*         0x0000000000024ea7        0x1 
 .eh_frame      0x0000000000024ea8        0x0 /Users/lukashann/Documents/Imperial/Year_3/Project/fNIRS-Musketeers/nrf52/toolchain/arm_cm4/bin/../lib/gcc/arm-none-eabi/6.2.1/thumb/v7e-m/fpv4-sp/hard/crtbegin.o
 .eh_frame      0x0000000000024ea8        0x4 /Users/lukashann/Documents/Imperial/Year_3/Project/fNIRS-Musketeers/nrf52/toolchain/arm_cm4/bin/../lib/gcc/arm-none-eabi/6.2.1/thumb/v7e-m/fpv4-sp/hard/crtend.o

.glue_7         0x0000000000024eac        0x0
 .glue_7        0x0000000000024eac        0x0 linker stubs

.glue_7t        0x0000000000024eac        0x0
 .glue_7t       0x0000000000024eac        0x0 linker stubs

.vfp11_veneer   0x0000000000024eac        0x0
 .vfp11_veneer  0x0000000000024eac        0x0 linker stubs

.v4_bx          0x0000000000024eac        0x0
 .v4_bx         0x0000000000024eac        0x0 linker stubs

.iplt           0x0000000000024eac        0x0
 .iplt          0x0000000000024eac        0x0 /Users/lukashann/Documents/Imperial/Year_3/Project/fNIRS-Musketeers/nrf52/toolchain/arm_cm4/bin/../lib/gcc/arm-none-eabi/6.2.1/thumb/v7e-m/fpv4-sp/hard/crtbegin.o

.ARM.extab
 *(.ARM.extab* .gnu.linkonce.armextab.*)
                0x0000000000024eac                __exidx_start = .

.ARM.exidx      0x0000000000024eac        0x8
 *(.ARM.exidx* .gnu.linkonce.armexidx.*)
 .ARM.exidx     0x0000000000024eac        0x8 /Users/lukashann/Documents/Imperial/Year_3/Project/fNIRS-Musketeers/nrf52/toolchain/arm_cm4/bin/../lib/gcc/arm-none-eabi/6.2.1/../../../../arm-none-eabi/lib/thumb/v7e-m/fpv4-sp/hard/crt0.o
                0x0000000000024eb4                __exidx_end = .
                0x0000000000024eb4                __etext = .

.rel.dyn        0x0000000000024eb4        0x0
 .rel.iplt      0x0000000000024eb4        0x0 /Users/lukashann/Documents/Imperial/Year_3/Project/fNIRS-Musketeers/nrf52/toolchain/arm_cm4/bin/../lib/gcc/arm-none-eabi/6.2.1/thumb/v7e-m/fpv4-sp/hard/crtbegin.o

.data           0x0000000020002128       0x84 load address 0x0000000000024eb4
                0x0000000020002128                __data_start__ = .
 *(vtable)
 *(.data*)
 .data._impure_ptr
                0x0000000020002128        0x4 /Users/lukashann/Documents/Imperial/Year_3/Project/fNIRS-Musketeers/nrf52/toolchain/arm_cm4/bin/../lib/gcc/arm-none-eabi/6.2.1/../../../../arm-none-eabi/lib/thumb/v7e-m/fpv4-sp/hard/libc_nano.a(lib_a-impure.o)
                0x0000000020002128                _impure_ptr
 .data.impure_data
                0x000000002000212c       0x60 /Users/lukashann/Documents/Imperial/Year_3/Project/fNIRS-Musketeers/nrf52/toolchain/arm_cm4/bin/../lib/gcc/arm-none-eabi/6.2.1/../../../../arm-none-eabi/lib/thumb/v7e-m/fpv4-sp/hard/libc_nano.a(lib_a-impure.o)
 .data.app_uart_inst
                0x000000002000218c        0x8 _build/nrf52832_xxaa_app_uart_fifo.c.o
 .data.m_adv_uuids
                0x0000000020002194        0x4 _build/nrf52832_xxaa_main.c.o
 .data.m_conn_handle
                0x0000000020002198        0x2 _build/nrf52832_xxaa_main.c.o
 *fill*         0x000000002000219a        0x2 
 .data.SystemCoreClock
                0x000000002000219c        0x4 _build/nrf52832_xxaa_system_nrf52.c.o
                0x000000002000219c                SystemCoreClock
                0x00000000200021a0                . = ALIGN (0x4)
                0x00000000200021a0                PROVIDE (__preinit_array_start, .)
 *(.preinit_array)
                0x00000000200021a0                PROVIDE (__preinit_array_end, .)
                0x00000000200021a0                . = ALIGN (0x4)
                0x00000000200021a0                PROVIDE (__init_array_start, .)
 *(SORT(.init_array.*))
 *(.init_array)
 .init_array    0x00000000200021a0        0x4 /Users/lukashann/Documents/Imperial/Year_3/Project/fNIRS-Musketeers/nrf52/toolchain/arm_cm4/bin/../lib/gcc/arm-none-eabi/6.2.1/thumb/v7e-m/fpv4-sp/hard/crtbegin.o
                0x00000000200021a4                PROVIDE (__init_array_end, .)
                0x00000000200021a4                . = ALIGN (0x4)
                [!provide]                        PROVIDE (__fini_array_start, .)
 *(SORT(.fini_array.*))
 *(.fini_array)
 .fini_array    0x00000000200021a4        0x4 /Users/lukashann/Documents/Imperial/Year_3/Project/fNIRS-Musketeers/nrf52/toolchain/arm_cm4/bin/../lib/gcc/arm-none-eabi/6.2.1/thumb/v7e-m/fpv4-sp/hard/crtbegin.o
                [!provide]                        PROVIDE (__fini_array_end, .)
 *(.jcr*)
 .jcr           0x00000000200021a8        0x0 /Users/lukashann/Documents/Imperial/Year_3/Project/fNIRS-Musketeers/nrf52/toolchain/arm_cm4/bin/../lib/gcc/arm-none-eabi/6.2.1/thumb/v7e-m/fpv4-sp/hard/crtbegin.o
 .jcr           0x00000000200021a8        0x4 /Users/lukashann/Documents/Imperial/Year_3/Project/fNIRS-Musketeers/nrf52/toolchain/arm_cm4/bin/../lib/gcc/arm-none-eabi/6.2.1/thumb/v7e-m/fpv4-sp/hard/crtend.o
                0x00000000200021ac                . = ALIGN (0x4)
                0x00000000200021ac                __data_end__ = .
LOAD /Users/lukashann/Documents/Imperial/Year_3/Project/fNIRS-Musketeers/nrf52/toolchain/arm_cm4/bin/../lib/gcc/arm-none-eabi/6.2.1/thumb/v7e-m/fpv4-sp/hard/crti.o
LOAD /Users/lukashann/Documents/Imperial/Year_3/Project/fNIRS-Musketeers/nrf52/toolchain/arm_cm4/bin/../lib/gcc/arm-none-eabi/6.2.1/thumb/v7e-m/fpv4-sp/hard/crtbegin.o
LOAD /Users/lukashann/Documents/Imperial/Year_3/Project/fNIRS-Musketeers/nrf52/toolchain/arm_cm4/bin/../lib/gcc/arm-none-eabi/6.2.1/../../../../arm-none-eabi/lib/thumb/v7e-m/fpv4-sp/hard/crt0.o
LOAD /Users/lukashann/Documents/Imperial/Year_3/Project/fNIRS-Musketeers/nrf52/toolchain/arm_cm4/bin/../lib/gcc/arm-none-eabi/6.2.1/../../../../arm-none-eabi/lib/thumb/v7e-m/fpv4-sp/hard/libc_nano.a
LOAD /Users/lukashann/Documents/Imperial/Year_3/Project/fNIRS-Musketeers/nrf52/toolchain/arm_cm4/bin/../lib/gcc/arm-none-eabi/6.2.1/../../../../arm-none-eabi/lib/thumb/v7e-m/fpv4-sp/hard/libnosys.a
LOAD _build/nrf52832_xxaa_nrf_log_backend_serial.c.o
LOAD _build/nrf52832_xxaa_nrf_log_frontend.c.o
LOAD _build/nrf52832_xxaa_app_button.c.o
LOAD _build/nrf52832_xxaa_app_error.c.o
LOAD _build/nrf52832_xxaa_app_error_weak.c.o
LOAD _build/nrf52832_xxaa_app_fifo.c.o
LOAD _build/nrf52832_xxaa_app_timer.c.o
LOAD _build/nrf52832_xxaa_app_uart_fifo.c.o
LOAD _build/nrf52832_xxaa_app_util_platform.c.o
LOAD _build/nrf52832_xxaa_fstorage.c.o
LOAD _build/nrf52832_xxaa_hardfault_implementation.c.o
LOAD _build/nrf52832_xxaa_nrf_assert.c.o
LOAD _build/nrf52832_xxaa_retarget.c.o
LOAD _build/nrf52832_xxaa_sdk_errors.c.o
LOAD _build/nrf52832_xxaa_boards.c.o
LOAD _build/nrf52832_xxaa_nrf_drv_clock.c.o
LOAD _build/nrf52832_xxaa_nrf_drv_common.c.o
LOAD _build/nrf52832_xxaa_nrf_drv_gpiote.c.o
LOAD _build/nrf52832_xxaa_nrf_drv_uart.c.o
LOAD _build/nrf52832_xxaa_bsp.c.o
LOAD _build/nrf52832_xxaa_bsp_btn_ble.c.o
LOAD _build/nrf52832_xxaa_bsp_nfc.c.o
LOAD _build/nrf52832_xxaa_main.c.o
LOAD _build/nrf52832_xxaa_RTT_Syscalls_GCC.c.o
LOAD _build/nrf52832_xxaa_SEGGER_RTT.c.o
LOAD _build/nrf52832_xxaa_SEGGER_RTT_printf.c.o
LOAD _build/nrf52832_xxaa_ble_advdata.c.o
LOAD _build/nrf52832_xxaa_ble_advertising.c.o
LOAD _build/nrf52832_xxaa_ble_conn_params.c.o
LOAD _build/nrf52832_xxaa_ble_srv_common.c.o
LOAD _build/nrf52832_xxaa_gcc_startup_nrf52.S.o
LOAD _build/nrf52832_xxaa_system_nrf52.c.o
LOAD _build/nrf52832_xxaa_ble_nus.c.o
LOAD _build/nrf52832_xxaa_softdevice_handler.c.o
LOAD /Users/lukashann/Documents/Imperial/Year_3/Project/fNIRS-Musketeers/nrf52/toolchain/arm_cm4/bin/../lib/gcc/arm-none-eabi/6.2.1/../../../../arm-none-eabi/lib/thumb/v7e-m/fpv4-sp/hard/libm.a
START GROUP
LOAD /Users/lukashann/Documents/Imperial/Year_3/Project/fNIRS-Musketeers/nrf52/toolchain/arm_cm4/bin/../lib/gcc/arm-none-eabi/6.2.1/thumb/v7e-m/fpv4-sp/hard/libgcc.a
LOAD /Users/lukashann/Documents/Imperial/Year_3/Project/fNIRS-Musketeers/nrf52/toolchain/arm_cm4/bin/../lib/gcc/arm-none-eabi/6.2.1/../../../../arm-none-eabi/lib/thumb/v7e-m/fpv4-sp/hard/libc_nano.a
END GROUP
START GROUP
LOAD /Users/lukashann/Documents/Imperial/Year_3/Project/fNIRS-Musketeers/nrf52/toolchain/arm_cm4/bin/../lib/gcc/arm-none-eabi/6.2.1/thumb/v7e-m/fpv4-sp/hard/libgcc.a
LOAD /Users/lukashann/Documents/Imperial/Year_3/Project/fNIRS-Musketeers/nrf52/toolchain/arm_cm4/bin/../lib/gcc/arm-none-eabi/6.2.1/../../../../arm-none-eabi/lib/thumb/v7e-m/fpv4-sp/hard/libc_nano.a
END GROUP
LOAD /Users/lukashann/Documents/Imperial/Year_3/Project/fNIRS-Musketeers/nrf52/toolchain/arm_cm4/bin/../lib/gcc/arm-none-eabi/6.2.1/thumb/v7e-m/fpv4-sp/hard/crtend.o
LOAD /Users/lukashann/Documents/Imperial/Year_3/Project/fNIRS-Musketeers/nrf52/toolchain/arm_cm4/bin/../lib/gcc/arm-none-eabi/6.2.1/thumb/v7e-m/fpv4-sp/hard/crtn.o
START GROUP
LOAD /Users/lukashann/Documents/Imperial/Year_3/Project/fNIRS-Musketeers/nrf52/toolchain/arm_cm4/bin/../lib/gcc/arm-none-eabi/6.2.1/thumb/v7e-m/fpv4-sp/hard/libgcc.a
LOAD /Users/lukashann/Documents/Imperial/Year_3/Project/fNIRS-Musketeers/nrf52/toolchain/arm_cm4/bin/../lib/gcc/arm-none-eabi/6.2.1/../../../../arm-none-eabi/lib/thumb/v7e-m/fpv4-sp/hard/libc.a
LOAD /Users/lukashann/Documents/Imperial/Year_3/Project/fNIRS-Musketeers/nrf52/toolchain/arm_cm4/bin/../lib/gcc/arm-none-eabi/6.2.1/../../../../arm-none-eabi/lib/thumb/v7e-m/fpv4-sp/hard/libnosys.a
END GROUP

.igot.plt       0x00000000200021ac        0x0 load address 0x0000000000024f38
 .igot.plt      0x00000000200021ac        0x0 /Users/lukashann/Documents/Imperial/Year_3/Project/fNIRS-Musketeers/nrf52/toolchain/arm_cm4/bin/../lib/gcc/arm-none-eabi/6.2.1/thumb/v7e-m/fpv4-sp/hard/crtbegin.o

.fs_data        0x00000000200021ac        0x0
                0x00000000200021ac                PROVIDE (__start_fs_data, .)
 *(.fs_data)
                0x00000000200021ac                PROVIDE (__stop_fs_data, .)

.pwr_mgmt_data  0x00000000200021ac        0x0
                [!provide]                        PROVIDE (__start_pwr_mgmt_data, .)
 *(.pwr_mgmt_data)
                [!provide]                        PROVIDE (__stop_pwr_mgmt_data, .)

.bss            0x00000000200021ac      0x684 load address 0x0000000000024f38
                0x00000000200021ac                . = ALIGN (0x4)
                0x00000000200021ac                __bss_start__ = .
 *(.bss*)
 .bss           0x00000000200021ac       0x1c /Users/lukashann/Documents/Imperial/Year_3/Project/fNIRS-Musketeers/nrf52/toolchain/arm_cm4/bin/../lib/gcc/arm-none-eabi/6.2.1/thumb/v7e-m/fpv4-sp/hard/crtbegin.o
 .bss.m_button_count
                0x00000000200021c8        0x1 _build/nrf52832_xxaa_app_button.c.o
 *fill*         0x00000000200021c9        0x3 
 .bss.m_detection_delay
                0x00000000200021cc        0x4 _build/nrf52832_xxaa_app_button.c.o
 .bss.m_detection_delay_timer_id_data
                0x00000000200021d0       0x20 _build/nrf52832_xxaa_app_button.c.o
 .bss.m_pin_state
                0x00000000200021f0        0x4 _build/nrf52832_xxaa_app_button.c.o
 .bss.m_pin_transition
                0x00000000200021f4        0x4 _build/nrf52832_xxaa_app_button.c.o
 .bss.mp_buttons
                0x00000000200021f8        0x4 _build/nrf52832_xxaa_app_button.c.o
 .bss.m_evt_schedule_func
                0x00000000200021fc        0x4 _build/nrf52832_xxaa_app_timer.c.o
 .bss.m_op_queue
                0x0000000020002200        0x8 _build/nrf52832_xxaa_app_timer.c.o
 .bss.m_rtc1_reset
                0x0000000020002208        0x1 _build/nrf52832_xxaa_app_timer.c.o
 .bss.m_rtc1_running
                0x0000000020002209        0x1 _build/nrf52832_xxaa_app_timer.c.o
 *fill*         0x000000002000220a        0x2 
 .bss.m_ticks_elapsed
                0x000000002000220c        0x8 _build/nrf52832_xxaa_app_timer.c.o
 .bss.m_ticks_elapsed_q_read_ind
                0x0000000020002214        0x1 _build/nrf52832_xxaa_app_timer.c.o
 .bss.m_ticks_elapsed_q_write_ind
                0x0000000020002215        0x1 _build/nrf52832_xxaa_app_timer.c.o
 *fill*         0x0000000020002216        0x2 
 .bss.m_ticks_latest
                0x0000000020002218        0x4 _build/nrf52832_xxaa_app_timer.c.o
 .bss.mp_timer_id_head
                0x000000002000221c        0x4 _build/nrf52832_xxaa_app_timer.c.o
 .bss.m_event_handler
                0x0000000020002220        0x4 _build/nrf52832_xxaa_app_uart_fifo.c.o
 .bss.m_rx_fifo
                0x0000000020002224       0x10 _build/nrf52832_xxaa_app_uart_fifo.c.o
 .bss.m_rx_ovf  0x0000000020002234        0x1 _build/nrf52832_xxaa_app_uart_fifo.c.o
 *fill*         0x0000000020002235        0x3 
 .bss.m_tx_fifo
                0x0000000020002238       0x10 _build/nrf52832_xxaa_app_uart_fifo.c.o
 .bss.rx_buffer
                0x0000000020002248        0x1 _build/nrf52832_xxaa_app_uart_fifo.c.o
 *fill*         0x0000000020002249        0x3 
 .bss.tx_buffer
                0x000000002000224c        0x1 _build/nrf52832_xxaa_app_uart_fifo.c.o
 *fill*         0x000000002000224d        0x3 
 .bss.m_queue   0x0000000020002250       0x68 _build/nrf52832_xxaa_fstorage.c.o
 .bss.m_clock_cb
                0x00000000200022b8       0x14 _build/nrf52832_xxaa_nrf_drv_clock.c.o
 .bss.m_cb      0x00000000200022cc       0x58 _build/nrf52832_xxaa_nrf_drv_gpiote.c.o
 .bss.m_cb      0x0000000020002324       0x20 _build/nrf52832_xxaa_nrf_drv_uart.c.o
 .bss.current_long_push_pin_no.8403
                0x0000000020002344        0x1 _build/nrf52832_xxaa_bsp.c.o
 *fill*         0x0000000020002345        0x3 
 .bss.m_alert_timer_id_data
                0x0000000020002348       0x20 _build/nrf52832_xxaa_bsp.c.o
 .bss.m_app_ticks_per_100ms
                0x0000000020002368        0x4 _build/nrf52832_xxaa_bsp.c.o
 .bss.m_button_timer_id_data
                0x000000002000236c       0x20 _build/nrf52832_xxaa_bsp.c.o
 .bss.m_events_list
                0x000000002000238c        0xc _build/nrf52832_xxaa_bsp.c.o
 .bss.m_indication_type
                0x0000000020002398        0x4 _build/nrf52832_xxaa_bsp.c.o
 .bss.m_leds_clear
                0x000000002000239c        0x1 _build/nrf52832_xxaa_bsp.c.o
 *fill*         0x000000002000239d        0x3 
 .bss.m_leds_timer_id_data
                0x00000000200023a0       0x20 _build/nrf52832_xxaa_bsp.c.o
 .bss.m_registered_callback
                0x00000000200023c0        0x4 _build/nrf52832_xxaa_bsp.c.o
 .bss.m_stable_state
                0x00000000200023c4        0x1 _build/nrf52832_xxaa_bsp.c.o
 *fill*         0x00000000200023c5        0x3 
 .bss.release_event_at_push.8404
                0x00000000200023c8        0x4 _build/nrf52832_xxaa_bsp.c.o
 .bss.m_error_handler
                0x00000000200023cc        0x4 _build/nrf52832_xxaa_bsp_btn_ble.c.o
 .bss.m_num_connections
                0x00000000200023d0        0x4 _build/nrf52832_xxaa_bsp_btn_ble.c.o
 .bss.APP_TIMER_BUF.10495
                0x00000000200023d4       0x78 _build/nrf52832_xxaa_main.c.o
 .bss.BLE_EVT_BUFFER.10431
                0x000000002000244c       0x50 _build/nrf52832_xxaa_main.c.o
 .bss.data_array.10452
                0x000000002000249c       0x14 _build/nrf52832_xxaa_main.c.o
 .bss.index.10453
                0x00000000200024b0        0x1 _build/nrf52832_xxaa_main.c.o
 *fill*         0x00000000200024b1        0x3 
 .bss.m_nus     0x00000000200024b4       0x1c _build/nrf52832_xxaa_main.c.o
 .bss.rx_buf.10467
                0x00000000200024d0      0x100 _build/nrf52832_xxaa_main.c.o
 .bss.tx_buf.10468
                0x00000000200025d0      0x100 _build/nrf52832_xxaa_main.c.o
 .bss.m_adv_evt
                0x00000000200026d0        0x1 _build/nrf52832_xxaa_ble_advertising.c.o
 .bss.m_adv_mode_current
                0x00000000200026d1        0x1 _build/nrf52832_xxaa_ble_advertising.c.o
 *fill*         0x00000000200026d2        0x2 
 .bss.m_adv_modes_config
                0x00000000200026d4       0x20 _build/nrf52832_xxaa_ble_advertising.c.o
 .bss.m_advdata
                0x00000000200026f4       0x3c _build/nrf52832_xxaa_ble_advertising.c.o
 .bss.m_advertising_start_pending
                0x0000000020002730        0x1 _build/nrf52832_xxaa_ble_advertising.c.o
 *fill*         0x0000000020002731        0x1 
 .bss.m_current_slave_link_conn_handle
                0x0000000020002732        0x2 _build/nrf52832_xxaa_ble_advertising.c.o
 .bss.m_error_handler
                0x0000000020002734        0x4 _build/nrf52832_xxaa_ble_advertising.c.o
 .bss.m_evt_handler
                0x0000000020002738        0x4 _build/nrf52832_xxaa_ble_advertising.c.o
 .bss.m_initialized
                0x000000002000273c        0x1 _build/nrf52832_xxaa_ble_advertising.c.o
 *fill*         0x000000002000273d        0x3 
 .bss.m_manuf_data_array
                0x0000000020002740       0x1f _build/nrf52832_xxaa_ble_advertising.c.o
 *fill*         0x000000002000275f        0x1 
 .bss.m_manuf_specific_data
                0x0000000020002760        0xc _build/nrf52832_xxaa_ble_advertising.c.o
 .bss.m_peer_addr_reply_expected
                0x000000002000276c        0x1 _build/nrf52832_xxaa_ble_advertising.c.o
 *fill*         0x000000002000276d        0x3 
 .bss.m_peer_address
                0x0000000020002770        0x7 _build/nrf52832_xxaa_ble_advertising.c.o
 *fill*         0x0000000020002777        0x1 
 .bss.m_service_data
                0x0000000020002778        0xc _build/nrf52832_xxaa_ble_advertising.c.o
 .bss.m_service_data_array
                0x0000000020002784       0x1f _build/nrf52832_xxaa_ble_advertising.c.o
 *fill*         0x00000000200027a3        0x1 
 .bss.m_slave_conn_int
                0x00000000200027a4        0x4 _build/nrf52832_xxaa_ble_advertising.c.o
 .bss.m_whitelist_in_use
                0x00000000200027a8        0x1 _build/nrf52832_xxaa_ble_advertising.c.o
 .bss.m_whitelist_reply_expected
                0x00000000200027a9        0x1 _build/nrf52832_xxaa_ble_advertising.c.o
 .bss.m_whitelist_temporarily_disabled
                0x00000000200027aa        0x1 _build/nrf52832_xxaa_ble_advertising.c.o
 .bss.m_change_param
                0x00000000200027ab        0x1 _build/nrf52832_xxaa_ble_conn_params.c.o
 .bss.m_conn_handle
                0x00000000200027ac        0x2 _build/nrf52832_xxaa_ble_conn_params.c.o
 *fill*         0x00000000200027ae        0x2 
 .bss.m_conn_params_config
                0x00000000200027b0       0x1c _build/nrf52832_xxaa_ble_conn_params.c.o
 .bss.m_conn_params_timer_id_data
                0x00000000200027cc       0x20 _build/nrf52832_xxaa_ble_conn_params.c.o
 .bss.m_current_conn_params
                0x00000000200027ec        0x8 _build/nrf52832_xxaa_ble_conn_params.c.o
 .bss.m_preferred_conn_params
                0x00000000200027f4        0x8 _build/nrf52832_xxaa_ble_conn_params.c.o
 .bss.m_update_count
                0x00000000200027fc        0x1 _build/nrf52832_xxaa_ble_conn_params.c.o
 *fill*         0x00000000200027fd        0x1 
 .bss.m_ble_evt_buffer_size
                0x00000000200027fe        0x2 _build/nrf52832_xxaa_softdevice_handler.c.o
 .bss.m_ble_evt_handler
                0x0000000020002800        0x4 _build/nrf52832_xxaa_softdevice_handler.c.o
 .bss.m_evt_schedule_func
                0x0000000020002804        0x4 _build/nrf52832_xxaa_softdevice_handler.c.o
 .bss.m_softdevice_enabled
                0x0000000020002808        0x1 _build/nrf52832_xxaa_softdevice_handler.c.o
 .bss.m_suspended
                0x0000000020002809        0x1 _build/nrf52832_xxaa_softdevice_handler.c.o
 *fill*         0x000000002000280a        0x2 
 .bss.m_sys_evt_handler
                0x000000002000280c        0x4 _build/nrf52832_xxaa_softdevice_handler.c.o
 .bss.mp_ble_evt_buffer
                0x0000000020002810        0x4 _build/nrf52832_xxaa_softdevice_handler.c.o
 .bss.__malloc_free_list
                0x0000000020002814        0x4 /Users/lukashann/Documents/Imperial/Year_3/Project/fNIRS-Musketeers/nrf52/toolchain/arm_cm4/bin/../lib/gcc/arm-none-eabi/6.2.1/../../../../arm-none-eabi/lib/thumb/v7e-m/fpv4-sp/hard/libc_nano.a(lib_a-nano-mallocr.o)
                0x0000000020002814                __malloc_free_list
 .bss.__malloc_sbrk_start
                0x0000000020002818        0x4 /Users/lukashann/Documents/Imperial/Year_3/Project/fNIRS-Musketeers/nrf52/toolchain/arm_cm4/bin/../lib/gcc/arm-none-eabi/6.2.1/../../../../arm-none-eabi/lib/thumb/v7e-m/fpv4-sp/hard/libc_nano.a(lib_a-nano-mallocr.o)
                0x0000000020002818                __malloc_sbrk_start
 .bss.heap_end.5239
                0x000000002000281c        0x4 /Users/lukashann/Documents/Imperial/Year_3/Project/fNIRS-Musketeers/nrf52/toolchain/arm_cm4/bin/../lib/gcc/arm-none-eabi/6.2.1/../../../../arm-none-eabi/lib/thumb/v7e-m/fpv4-sp/hard/libnosys.a(sbrk.o)
 *(COMMON)
 COMMON         0x0000000020002820        0xc _build/nrf52832_xxaa_app_util_platform.c.o
                0x0000000020002820                nrf_nvic_state
 COMMON         0x000000002000282c        0x4 /Users/lukashann/Documents/Imperial/Year_3/Project/fNIRS-Musketeers/nrf52/toolchain/arm_cm4/bin/../lib/gcc/arm-none-eabi/6.2.1/../../../../arm-none-eabi/lib/thumb/v7e-m/fpv4-sp/hard/libc_nano.a(lib_a-reent.o)
                0x000000002000282c                errno
                0x0000000020002830                . = ALIGN (0x4)
                0x0000000020002830                __bss_end__ = .

.heap           0x0000000020002830     0x2000
                0x0000000020002830                __HeapBase = .
                0x0000000020002830                __end__ = .
                0x0000000020002830                PROVIDE (end, .)
 *(.heap*)
 .heap          0x0000000020002830     0x2000 _build/nrf52832_xxaa_gcc_startup_nrf52.S.o
                0x0000000020004830                __HeapLimit = .

.stack_dummy    0x0000000020002830     0x2000
 *(.stack*)
 .stack         0x0000000020002830     0x2000 _build/nrf52832_xxaa_gcc_startup_nrf52.S.o
                0x0000000020010000                __StackTop = (ORIGIN (RAM) + LENGTH (RAM))
                0x000000002000e000                __StackLimit = (__StackTop - SIZEOF (.stack_dummy))
                0x0000000020010000                PROVIDE (__stack, __StackTop)
                0x0000000000000001                ASSERT ((__StackLimit >= __HeapLimit), region RAM overflowed with stack)
OUTPUT(_build/nrf52832_xxaa.out elf32-littlearm)

.ARM.attributes
                0x0000000000000000       0x30
 .ARM.attributes
                0x0000000000000000       0x22 /Users/lukashann/Documents/Imperial/Year_3/Project/fNIRS-Musketeers/nrf52/toolchain/arm_cm4/bin/../lib/gcc/arm-none-eabi/6.2.1/thumb/v7e-m/fpv4-sp/hard/crti.o
 .ARM.attributes
                0x0000000000000022       0x34 /Users/lukashann/Documents/Imperial/Year_3/Project/fNIRS-Musketeers/nrf52/toolchain/arm_cm4/bin/../lib/gcc/arm-none-eabi/6.2.1/thumb/v7e-m/fpv4-sp/hard/crtbegin.o
 .ARM.attributes
                0x0000000000000056       0x20 /Users/lukashann/Documents/Imperial/Year_3/Project/fNIRS-Musketeers/nrf52/toolchain/arm_cm4/bin/../lib/gcc/arm-none-eabi/6.2.1/../../../../arm-none-eabi/lib/thumb/v7e-m/fpv4-sp/hard/crt0.o
 .ARM.attributes
                0x0000000000000076       0x34 /Users/lukashann/Documents/Imperial/Year_3/Project/fNIRS-Musketeers/nrf52/toolchain/arm_cm4/bin/../lib/gcc/arm-none-eabi/6.2.1/../../../../arm-none-eabi/lib/thumb/v7e-m/fpv4-sp/hard/libc_nano.a(lib_a-exit.o)
 .ARM.attributes
                0x00000000000000aa       0x34 /Users/lukashann/Documents/Imperial/Year_3/Project/fNIRS-Musketeers/nrf52/toolchain/arm_cm4/bin/../lib/gcc/arm-none-eabi/6.2.1/../../../../arm-none-eabi/lib/thumb/v7e-m/fpv4-sp/hard/libc_nano.a(lib_a-impure.o)
 .ARM.attributes
                0x00000000000000de       0x34 /Users/lukashann/Documents/Imperial/Year_3/Project/fNIRS-Musketeers/nrf52/toolchain/arm_cm4/bin/../lib/gcc/arm-none-eabi/6.2.1/../../../../arm-none-eabi/lib/thumb/v7e-m/fpv4-sp/hard/libc_nano.a(lib_a-init.o)
 .ARM.attributes
                0x0000000000000112       0x34 /Users/lukashann/Documents/Imperial/Year_3/Project/fNIRS-Musketeers/nrf52/toolchain/arm_cm4/bin/../lib/gcc/arm-none-eabi/6.2.1/../../../../arm-none-eabi/lib/thumb/v7e-m/fpv4-sp/hard/libc_nano.a(lib_a-memset.o)
 .ARM.attributes
                0x0000000000000146       0x34 /Users/lukashann/Documents/Imperial/Year_3/Project/fNIRS-Musketeers/nrf52/toolchain/arm_cm4/bin/../lib/gcc/arm-none-eabi/6.2.1/../../../../arm-none-eabi/lib/thumb/v7e-m/fpv4-sp/hard/libnosys.a(_exit.o)
 .ARM.attributes
                0x000000000000017a       0x39 _build/nrf52832_xxaa_app_button.c.o
 .ARM.attributes
                0x00000000000001b3       0x39 _build/nrf52832_xxaa_app_error.c.o
 .ARM.attributes
                0x00000000000001ec       0x39 _build/nrf52832_xxaa_app_error_weak.c.o
 .ARM.attributes
                0x0000000000000225       0x39 _build/nrf52832_xxaa_app_fifo.c.o
 .ARM.attributes
                0x000000000000025e       0x39 _build/nrf52832_xxaa_app_timer.c.o
 .ARM.attributes
                0x0000000000000297       0x39 _build/nrf52832_xxaa_app_uart_fifo.c.o
 .ARM.attributes
                0x00000000000002d0       0x39 _build/nrf52832_xxaa_app_util_platform.c.o
 .ARM.attributes
                0x0000000000000309       0x39 _build/nrf52832_xxaa_fstorage.c.o
 .ARM.attributes
                0x0000000000000342       0x39 _build/nrf52832_xxaa_retarget.c.o
 .ARM.attributes
                0x000000000000037b       0x39 _build/nrf52832_xxaa_boards.c.o
 .ARM.attributes
                0x00000000000003b4       0x39 _build/nrf52832_xxaa_nrf_drv_clock.c.o
 .ARM.attributes
                0x00000000000003ed       0x39 _build/nrf52832_xxaa_nrf_drv_common.c.o
 .ARM.attributes
                0x0000000000000426       0x39 _build/nrf52832_xxaa_nrf_drv_gpiote.c.o
 .ARM.attributes
                0x000000000000045f       0x39 _build/nrf52832_xxaa_nrf_drv_uart.c.o
 .ARM.attributes
                0x0000000000000498       0x39 _build/nrf52832_xxaa_bsp.c.o
 .ARM.attributes
                0x00000000000004d1       0x39 _build/nrf52832_xxaa_bsp_btn_ble.c.o
 .ARM.attributes
                0x000000000000050a       0x39 _build/nrf52832_xxaa_main.c.o
 .ARM.attributes
                0x0000000000000543       0x39 _build/nrf52832_xxaa_ble_advdata.c.o
 .ARM.attributes
                0x000000000000057c       0x39 _build/nrf52832_xxaa_ble_advertising.c.o
 .ARM.attributes
                0x00000000000005b5       0x39 _build/nrf52832_xxaa_ble_conn_params.c.o
 .ARM.attributes
                0x00000000000005ee       0x39 _build/nrf52832_xxaa_ble_srv_common.c.o
 .ARM.attributes
                0x0000000000000627       0x1c _build/nrf52832_xxaa_gcc_startup_nrf52.S.o
 .ARM.attributes
                0x0000000000000643       0x39 _build/nrf52832_xxaa_system_nrf52.c.o
 .ARM.attributes
                0x000000000000067c       0x39 _build/nrf52832_xxaa_ble_nus.c.o
 .ARM.attributes
                0x00000000000006b5       0x39 _build/nrf52832_xxaa_softdevice_handler.c.o
 .ARM.attributes
                0x00000000000006ee       0x34 /Users/lukashann/Documents/Imperial/Year_3/Project/fNIRS-Musketeers/nrf52/toolchain/arm_cm4/bin/../lib/gcc/arm-none-eabi/6.2.1/../../../../arm-none-eabi/lib/thumb/v7e-m/fpv4-sp/hard/libc_nano.a(lib_a-memcpy-stub.o)
 .ARM.attributes
                0x0000000000000722       0x34 /Users/lukashann/Documents/Imperial/Year_3/Project/fNIRS-Musketeers/nrf52/toolchain/arm_cm4/bin/../lib/gcc/arm-none-eabi/6.2.1/../../../../arm-none-eabi/lib/thumb/v7e-m/fpv4-sp/hard/libc_nano.a(lib_a-printf.o)
 .ARM.attributes
                0x0000000000000756       0x1b /Users/lukashann/Documents/Imperial/Year_3/Project/fNIRS-Musketeers/nrf52/toolchain/arm_cm4/bin/../lib/gcc/arm-none-eabi/6.2.1/../../../../arm-none-eabi/lib/thumb/v7e-m/fpv4-sp/hard/libc_nano.a(lib_a-strlen.o)
 .ARM.attributes
                0x0000000000000771       0x34 /Users/lukashann/Documents/Imperial/Year_3/Project/fNIRS-Musketeers/nrf52/toolchain/arm_cm4/bin/../lib/gcc/arm-none-eabi/6.2.1/../../../../arm-none-eabi/lib/thumb/v7e-m/fpv4-sp/hard/libc_nano.a(lib_a-findfp.o)
 .ARM.attributes
                0x00000000000007a5       0x34 /Users/lukashann/Documents/Imperial/Year_3/Project/fNIRS-Musketeers/nrf52/toolchain/arm_cm4/bin/../lib/gcc/arm-none-eabi/6.2.1/../../../../arm-none-eabi/lib/thumb/v7e-m/fpv4-sp/hard/libc_nano.a(lib_a-fwalk.o)
 .ARM.attributes
                0x00000000000007d9       0x34 /Users/lukashann/Documents/Imperial/Year_3/Project/fNIRS-Musketeers/nrf52/toolchain/arm_cm4/bin/../lib/gcc/arm-none-eabi/6.2.1/../../../../arm-none-eabi/lib/thumb/v7e-m/fpv4-sp/hard/libc_nano.a(lib_a-nano-mallocr.o)
 .ARM.attributes
                0x000000000000080d       0x34 /Users/lukashann/Documents/Imperial/Year_3/Project/fNIRS-Musketeers/nrf52/toolchain/arm_cm4/bin/../lib/gcc/arm-none-eabi/6.2.1/../../../../arm-none-eabi/lib/thumb/v7e-m/fpv4-sp/hard/libc_nano.a(lib_a-nano-vfprintf.o)
 .ARM.attributes
                0x0000000000000841       0x34 /Users/lukashann/Documents/Imperial/Year_3/Project/fNIRS-Musketeers/nrf52/toolchain/arm_cm4/bin/../lib/gcc/arm-none-eabi/6.2.1/../../../../arm-none-eabi/lib/thumb/v7e-m/fpv4-sp/hard/libc_nano.a(lib_a-nano-vfprintf_i.o)
 .ARM.attributes
                0x0000000000000875       0x34 /Users/lukashann/Documents/Imperial/Year_3/Project/fNIRS-Musketeers/nrf52/toolchain/arm_cm4/bin/../lib/gcc/arm-none-eabi/6.2.1/../../../../arm-none-eabi/lib/thumb/v7e-m/fpv4-sp/hard/libc_nano.a(lib_a-sbrkr.o)
 .ARM.attributes
                0x00000000000008a9       0x34 /Users/lukashann/Documents/Imperial/Year_3/Project/fNIRS-Musketeers/nrf52/toolchain/arm_cm4/bin/../lib/gcc/arm-none-eabi/6.2.1/../../../../arm-none-eabi/lib/thumb/v7e-m/fpv4-sp/hard/libc_nano.a(lib_a-stdio.o)
 .ARM.attributes
                0x00000000000008dd       0x34 /Users/lukashann/Documents/Imperial/Year_3/Project/fNIRS-Musketeers/nrf52/toolchain/arm_cm4/bin/../lib/gcc/arm-none-eabi/6.2.1/../../../../arm-none-eabi/lib/thumb/v7e-m/fpv4-sp/hard/libc_nano.a(lib_a-wbuf.o)
 .ARM.attributes
                0x0000000000000911       0x34 /Users/lukashann/Documents/Imperial/Year_3/Project/fNIRS-Musketeers/nrf52/toolchain/arm_cm4/bin/../lib/gcc/arm-none-eabi/6.2.1/../../../../arm-none-eabi/lib/thumb/v7e-m/fpv4-sp/hard/libc_nano.a(lib_a-writer.o)
 .ARM.attributes
                0x0000000000000945       0x34 /Users/lukashann/Documents/Imperial/Year_3/Project/fNIRS-Musketeers/nrf52/toolchain/arm_cm4/bin/../lib/gcc/arm-none-eabi/6.2.1/../../../../arm-none-eabi/lib/thumb/v7e-m/fpv4-sp/hard/libc_nano.a(lib_a-wsetup.o)
 .ARM.attributes
                0x0000000000000979       0x34 /Users/lukashann/Documents/Imperial/Year_3/Project/fNIRS-Musketeers/nrf52/toolchain/arm_cm4/bin/../lib/gcc/arm-none-eabi/6.2.1/../../../../arm-none-eabi/lib/thumb/v7e-m/fpv4-sp/hard/libc_nano.a(lib_a-closer.o)
 .ARM.attributes
                0x00000000000009ad       0x34 /Users/lukashann/Documents/Imperial/Year_3/Project/fNIRS-Musketeers/nrf52/toolchain/arm_cm4/bin/../lib/gcc/arm-none-eabi/6.2.1/../../../../arm-none-eabi/lib/thumb/v7e-m/fpv4-sp/hard/libc_nano.a(lib_a-fflush.o)
 .ARM.attributes
                0x00000000000009e1       0x34 /Users/lukashann/Documents/Imperial/Year_3/Project/fNIRS-Musketeers/nrf52/toolchain/arm_cm4/bin/../lib/gcc/arm-none-eabi/6.2.1/../../../../arm-none-eabi/lib/thumb/v7e-m/fpv4-sp/hard/libc_nano.a(lib_a-lseekr.o)
 .ARM.attributes
                0x0000000000000a15       0x34 /Users/lukashann/Documents/Imperial/Year_3/Project/fNIRS-Musketeers/nrf52/toolchain/arm_cm4/bin/../lib/gcc/arm-none-eabi/6.2.1/../../../../arm-none-eabi/lib/thumb/v7e-m/fpv4-sp/hard/libc_nano.a(lib_a-makebuf.o)
 .ARM.attributes
                0x0000000000000a49       0x20 /Users/lukashann/Documents/Imperial/Year_3/Project/fNIRS-Musketeers/nrf52/toolchain/arm_cm4/bin/../lib/gcc/arm-none-eabi/6.2.1/../../../../arm-none-eabi/lib/thumb/v7e-m/fpv4-sp/hard/libc_nano.a(lib_a-memchr.o)
 .ARM.attributes
                0x0000000000000a69       0x34 /Users/lukashann/Documents/Imperial/Year_3/Project/fNIRS-Musketeers/nrf52/toolchain/arm_cm4/bin/../lib/gcc/arm-none-eabi/6.2.1/../../../../arm-none-eabi/lib/thumb/v7e-m/fpv4-sp/hard/libc_nano.a(lib_a-mlock.o)
 .ARM.attributes
                0x0000000000000a9d       0x34 /Users/lukashann/Documents/Imperial/Year_3/Project/fNIRS-Musketeers/nrf52/toolchain/arm_cm4/bin/../lib/gcc/arm-none-eabi/6.2.1/../../../../arm-none-eabi/lib/thumb/v7e-m/fpv4-sp/hard/libc_nano.a(lib_a-nano-freer.o)
 .ARM.attributes
                0x0000000000000ad1       0x34 /Users/lukashann/Documents/Imperial/Year_3/Project/fNIRS-Musketeers/nrf52/toolchain/arm_cm4/bin/../lib/gcc/arm-none-eabi/6.2.1/../../../../arm-none-eabi/lib/thumb/v7e-m/fpv4-sp/hard/libc_nano.a(lib_a-readr.o)
 .ARM.attributes
                0x0000000000000b05       0x34 /Users/lukashann/Documents/Imperial/Year_3/Project/fNIRS-Musketeers/nrf52/toolchain/arm_cm4/bin/../lib/gcc/arm-none-eabi/6.2.1/../../../../arm-none-eabi/lib/thumb/v7e-m/fpv4-sp/hard/libc_nano.a(lib_a-reent.o)
 .ARM.attributes
                0x0000000000000b39       0x34 /Users/lukashann/Documents/Imperial/Year_3/Project/fNIRS-Musketeers/nrf52/toolchain/arm_cm4/bin/../lib/gcc/arm-none-eabi/6.2.1/../../../../arm-none-eabi/lib/thumb/v7e-m/fpv4-sp/hard/libc_nano.a(lib_a-fstatr.o)
 .ARM.attributes
                0x0000000000000b6d       0x34 /Users/lukashann/Documents/Imperial/Year_3/Project/fNIRS-Musketeers/nrf52/toolchain/arm_cm4/bin/../lib/gcc/arm-none-eabi/6.2.1/../../../../arm-none-eabi/lib/thumb/v7e-m/fpv4-sp/hard/libc_nano.a(lib_a-isattyr.o)
 .ARM.attributes
                0x0000000000000ba1       0x34 /Users/lukashann/Documents/Imperial/Year_3/Project/fNIRS-Musketeers/nrf52/toolchain/arm_cm4/bin/../lib/gcc/arm-none-eabi/6.2.1/thumb/v7e-m/fpv4-sp/hard/crtend.o
 .ARM.attributes
                0x0000000000000bd5       0x22 /Users/lukashann/Documents/Imperial/Year_3/Project/fNIRS-Musketeers/nrf52/toolchain/arm_cm4/bin/../lib/gcc/arm-none-eabi/6.2.1/thumb/v7e-m/fpv4-sp/hard/crtn.o
 .ARM.attributes
                0x0000000000000bf7       0x34 /Users/lukashann/Documents/Imperial/Year_3/Project/fNIRS-Musketeers/nrf52/toolchain/arm_cm4/bin/../lib/gcc/arm-none-eabi/6.2.1/../../../../arm-none-eabi/lib/thumb/v7e-m/fpv4-sp/hard/libnosys.a(close.o)
 .ARM.attributes
                0x0000000000000c2b       0x34 /Users/lukashann/Documents/Imperial/Year_3/Project/fNIRS-Musketeers/nrf52/toolchain/arm_cm4/bin/../lib/gcc/arm-none-eabi/6.2.1/../../../../arm-none-eabi/lib/thumb/v7e-m/fpv4-sp/hard/libnosys.a(fstat.o)
 .ARM.attributes
                0x0000000000000c5f       0x34 /Users/lukashann/Documents/Imperial/Year_3/Project/fNIRS-Musketeers/nrf52/toolchain/arm_cm4/bin/../lib/gcc/arm-none-eabi/6.2.1/../../../../arm-none-eabi/lib/thumb/v7e-m/fpv4-sp/hard/libnosys.a(isatty.o)
 .ARM.attributes
                0x0000000000000c93       0x34 /Users/lukashann/Documents/Imperial/Year_3/Project/fNIRS-Musketeers/nrf52/toolchain/arm_cm4/bin/../lib/gcc/arm-none-eabi/6.2.1/../../../../arm-none-eabi/lib/thumb/v7e-m/fpv4-sp/hard/libnosys.a(lseek.o)
 .ARM.attributes
                0x0000000000000cc7       0x34 /Users/lukashann/Documents/Imperial/Year_3/Project/fNIRS-Musketeers/nrf52/toolchain/arm_cm4/bin/../lib/gcc/arm-none-eabi/6.2.1/../../../../arm-none-eabi/lib/thumb/v7e-m/fpv4-sp/hard/libnosys.a(sbrk.o)

.comment        0x0000000000000000       0x6e
 .comment       0x0000000000000000       0x6e _build/nrf52832_xxaa_app_button.c.o
                                         0x6f (size before relaxing)
 .comment       0x000000000000006e       0x6f _build/nrf52832_xxaa_app_error.c.o
 .comment       0x000000000000006e       0x6f _build/nrf52832_xxaa_app_error_weak.c.o
 .comment       0x000000000000006e       0x6f _build/nrf52832_xxaa_app_fifo.c.o
 .comment       0x000000000000006e       0x6f _build/nrf52832_xxaa_app_timer.c.o
 .comment       0x000000000000006e       0x6f _build/nrf52832_xxaa_app_uart_fifo.c.o
 .comment       0x000000000000006e       0x6f _build/nrf52832_xxaa_app_util_platform.c.o
 .comment       0x000000000000006e       0x6f _build/nrf52832_xxaa_fstorage.c.o
 .comment       0x000000000000006e       0x6f _build/nrf52832_xxaa_retarget.c.o
 .comment       0x000000000000006e       0x6f _build/nrf52832_xxaa_boards.c.o
 .comment       0x000000000000006e       0x6f _build/nrf52832_xxaa_nrf_drv_clock.c.o
 .comment       0x000000000000006e       0x6f _build/nrf52832_xxaa_nrf_drv_common.c.o
 .comment       0x000000000000006e       0x6f _build/nrf52832_xxaa_nrf_drv_gpiote.c.o
 .comment       0x000000000000006e       0x6f _build/nrf52832_xxaa_nrf_drv_uart.c.o
 .comment       0x000000000000006e       0x6f _build/nrf52832_xxaa_bsp.c.o
 .comment       0x000000000000006e       0x6f _build/nrf52832_xxaa_bsp_btn_ble.c.o
 .comment       0x000000000000006e       0x6f _build/nrf52832_xxaa_main.c.o
 .comment       0x000000000000006e       0x6f _build/nrf52832_xxaa_ble_advdata.c.o
 .comment       0x000000000000006e       0x6f _build/nrf52832_xxaa_ble_advertising.c.o
 .comment       0x000000000000006e       0x6f _build/nrf52832_xxaa_ble_conn_params.c.o
 .comment       0x000000000000006e       0x6f _build/nrf52832_xxaa_ble_srv_common.c.o
 .comment       0x000000000000006e       0x6f _build/nrf52832_xxaa_system_nrf52.c.o
 .comment       0x000000000000006e       0x6f _build/nrf52832_xxaa_ble_nus.c.o
 .comment       0x000000000000006e       0x6f _build/nrf52832_xxaa_softdevice_handler.c.o

.debug_frame    0x0000000000000000     0x2134
 .debug_frame   0x0000000000000000       0x28 /Users/lukashann/Documents/Imperial/Year_3/Project/fNIRS-Musketeers/nrf52/toolchain/arm_cm4/bin/../lib/gcc/arm-none-eabi/6.2.1/../../../../arm-none-eabi/lib/thumb/v7e-m/fpv4-sp/hard/libc_nano.a(lib_a-exit.o)
 .debug_frame   0x0000000000000028       0x2c /Users/lukashann/Documents/Imperial/Year_3/Project/fNIRS-Musketeers/nrf52/toolchain/arm_cm4/bin/../lib/gcc/arm-none-eabi/6.2.1/../../../../arm-none-eabi/lib/thumb/v7e-m/fpv4-sp/hard/libc_nano.a(lib_a-init.o)
 .debug_frame   0x0000000000000054       0x20 /Users/lukashann/Documents/Imperial/Year_3/Project/fNIRS-Musketeers/nrf52/toolchain/arm_cm4/bin/../lib/gcc/arm-none-eabi/6.2.1/../../../../arm-none-eabi/lib/thumb/v7e-m/fpv4-sp/hard/libc_nano.a(lib_a-memset.o)
 .debug_frame   0x0000000000000074       0x20 /Users/lukashann/Documents/Imperial/Year_3/Project/fNIRS-Musketeers/nrf52/toolchain/arm_cm4/bin/../lib/gcc/arm-none-eabi/6.2.1/../../../../arm-none-eabi/lib/thumb/v7e-m/fpv4-sp/hard/libnosys.a(_exit.o)
 .debug_frame   0x0000000000000094       0xe0 _build/nrf52832_xxaa_app_button.c.o
 .debug_frame   0x0000000000000174       0x70 _build/nrf52832_xxaa_app_error.c.o
 .debug_frame   0x00000000000001e4       0x20 _build/nrf52832_xxaa_app_error_weak.c.o
 .debug_frame   0x0000000000000204       0xfc _build/nrf52832_xxaa_app_fifo.c.o
 .debug_frame   0x0000000000000300      0x144 _build/nrf52832_xxaa_app_timer.c.o
 .debug_frame   0x0000000000000444       0xe0 _build/nrf52832_xxaa_app_uart_fifo.c.o
 .debug_frame   0x0000000000000524       0x70 _build/nrf52832_xxaa_app_util_platform.c.o
 .debug_frame   0x0000000000000594      0x17c _build/nrf52832_xxaa_fstorage.c.o
 .debug_frame   0x0000000000000710       0x44 _build/nrf52832_xxaa_retarget.c.o
 .debug_frame   0x0000000000000754      0x104 _build/nrf52832_xxaa_boards.c.o
 .debug_frame   0x0000000000000858      0x1f8 _build/nrf52832_xxaa_nrf_drv_clock.c.o
 .debug_frame   0x0000000000000a50       0x3c _build/nrf52832_xxaa_nrf_drv_common.c.o
 .debug_frame   0x0000000000000a8c      0x268 _build/nrf52832_xxaa_nrf_drv_gpiote.c.o
 .debug_frame   0x0000000000000cf4      0x1b0 _build/nrf52832_xxaa_nrf_drv_uart.c.o
 .debug_frame   0x0000000000000ea4      0x1b8 _build/nrf52832_xxaa_bsp.c.o
 .debug_frame   0x000000000000105c       0x60 _build/nrf52832_xxaa_bsp_btn_ble.c.o
 .debug_frame   0x00000000000010bc      0x1b4 _build/nrf52832_xxaa_main.c.o
 .debug_frame   0x0000000000001270      0x104 _build/nrf52832_xxaa_ble_advdata.c.o
 .debug_frame   0x0000000000001374      0x164 _build/nrf52832_xxaa_ble_advertising.c.o
 .debug_frame   0x00000000000014d8      0x138 _build/nrf52832_xxaa_ble_conn_params.c.o
 .debug_frame   0x0000000000001610       0xcc _build/nrf52832_xxaa_ble_srv_common.c.o
 .debug_frame   0x00000000000016dc       0x48 _build/nrf52832_xxaa_system_nrf52.c.o
 .debug_frame   0x0000000000001724       0xc4 _build/nrf52832_xxaa_ble_nus.c.o
 .debug_frame   0x00000000000017e8      0x1bc _build/nrf52832_xxaa_softdevice_handler.c.o
 .debug_frame   0x00000000000019a4       0x28 /Users/lukashann/Documents/Imperial/Year_3/Project/fNIRS-Musketeers/nrf52/toolchain/arm_cm4/bin/../lib/gcc/arm-none-eabi/6.2.1/../../../../arm-none-eabi/lib/thumb/v7e-m/fpv4-sp/hard/libc_nano.a(lib_a-memcpy-stub.o)
 .debug_frame   0x00000000000019cc       0x74 /Users/lukashann/Documents/Imperial/Year_3/Project/fNIRS-Musketeers/nrf52/toolchain/arm_cm4/bin/../lib/gcc/arm-none-eabi/6.2.1/../../../../arm-none-eabi/lib/thumb/v7e-m/fpv4-sp/hard/libc_nano.a(lib_a-printf.o)
 .debug_frame   0x0000000000001a40      0x11c /Users/lukashann/Documents/Imperial/Year_3/Project/fNIRS-Musketeers/nrf52/toolchain/arm_cm4/bin/../lib/gcc/arm-none-eabi/6.2.1/../../../../arm-none-eabi/lib/thumb/v7e-m/fpv4-sp/hard/libc_nano.a(lib_a-findfp.o)
 .debug_frame   0x0000000000001b5c       0x54 /Users/lukashann/Documents/Imperial/Year_3/Project/fNIRS-Musketeers/nrf52/toolchain/arm_cm4/bin/../lib/gcc/arm-none-eabi/6.2.1/../../../../arm-none-eabi/lib/thumb/v7e-m/fpv4-sp/hard/libc_nano.a(lib_a-fwalk.o)
 .debug_frame   0x0000000000001bb0       0x2c /Users/lukashann/Documents/Imperial/Year_3/Project/fNIRS-Musketeers/nrf52/toolchain/arm_cm4/bin/../lib/gcc/arm-none-eabi/6.2.1/../../../../arm-none-eabi/lib/thumb/v7e-m/fpv4-sp/hard/libc_nano.a(lib_a-nano-mallocr.o)
 .debug_frame   0x0000000000001bdc       0xac /Users/lukashann/Documents/Imperial/Year_3/Project/fNIRS-Musketeers/nrf52/toolchain/arm_cm4/bin/../lib/gcc/arm-none-eabi/6.2.1/../../../../arm-none-eabi/lib/thumb/v7e-m/fpv4-sp/hard/libc_nano.a(lib_a-nano-vfprintf.o)
 .debug_frame   0x0000000000001c88       0x60 /Users/lukashann/Documents/Imperial/Year_3/Project/fNIRS-Musketeers/nrf52/toolchain/arm_cm4/bin/../lib/gcc/arm-none-eabi/6.2.1/../../../../arm-none-eabi/lib/thumb/v7e-m/fpv4-sp/hard/libc_nano.a(lib_a-nano-vfprintf_i.o)
 .debug_frame   0x0000000000001ce8       0x2c /Users/lukashann/Documents/Imperial/Year_3/Project/fNIRS-Musketeers/nrf52/toolchain/arm_cm4/bin/../lib/gcc/arm-none-eabi/6.2.1/../../../../arm-none-eabi/lib/thumb/v7e-m/fpv4-sp/hard/libc_nano.a(lib_a-sbrkr.o)
 .debug_frame   0x0000000000001d14       0x88 /Users/lukashann/Documents/Imperial/Year_3/Project/fNIRS-Musketeers/nrf52/toolchain/arm_cm4/bin/../lib/gcc/arm-none-eabi/6.2.1/../../../../arm-none-eabi/lib/thumb/v7e-m/fpv4-sp/hard/libc_nano.a(lib_a-stdio.o)
 .debug_frame   0x0000000000001d9c       0x40 /Users/lukashann/Documents/Imperial/Year_3/Project/fNIRS-Musketeers/nrf52/toolchain/arm_cm4/bin/../lib/gcc/arm-none-eabi/6.2.1/../../../../arm-none-eabi/lib/thumb/v7e-m/fpv4-sp/hard/libc_nano.a(lib_a-wbuf.o)
 .debug_frame   0x0000000000001ddc       0x2c /Users/lukashann/Documents/Imperial/Year_3/Project/fNIRS-Musketeers/nrf52/toolchain/arm_cm4/bin/../lib/gcc/arm-none-eabi/6.2.1/../../../../arm-none-eabi/lib/thumb/v7e-m/fpv4-sp/hard/libc_nano.a(lib_a-writer.o)
 .debug_frame   0x0000000000001e08       0x2c /Users/lukashann/Documents/Imperial/Year_3/Project/fNIRS-Musketeers/nrf52/toolchain/arm_cm4/bin/../lib/gcc/arm-none-eabi/6.2.1/../../../../arm-none-eabi/lib/thumb/v7e-m/fpv4-sp/hard/libc_nano.a(lib_a-wsetup.o)
 .debug_frame   0x0000000000001e34       0x2c /Users/lukashann/Documents/Imperial/Year_3/Project/fNIRS-Musketeers/nrf52/toolchain/arm_cm4/bin/../lib/gcc/arm-none-eabi/6.2.1/../../../../arm-none-eabi/lib/thumb/v7e-m/fpv4-sp/hard/libc_nano.a(lib_a-closer.o)
 .debug_frame   0x0000000000001e60       0x68 /Users/lukashann/Documents/Imperial/Year_3/Project/fNIRS-Musketeers/nrf52/toolchain/arm_cm4/bin/../lib/gcc/arm-none-eabi/6.2.1/../../../../arm-none-eabi/lib/thumb/v7e-m/fpv4-sp/hard/libc_nano.a(lib_a-fflush.o)
 .debug_frame   0x0000000000001ec8       0x2c /Users/lukashann/Documents/Imperial/Year_3/Project/fNIRS-Musketeers/nrf52/toolchain/arm_cm4/bin/../lib/gcc/arm-none-eabi/6.2.1/../../../../arm-none-eabi/lib/thumb/v7e-m/fpv4-sp/hard/libc_nano.a(lib_a-lseekr.o)
 .debug_frame   0x0000000000001ef4       0x58 /Users/lukashann/Documents/Imperial/Year_3/Project/fNIRS-Musketeers/nrf52/toolchain/arm_cm4/bin/../lib/gcc/arm-none-eabi/6.2.1/../../../../arm-none-eabi/lib/thumb/v7e-m/fpv4-sp/hard/libc_nano.a(lib_a-makebuf.o)
 .debug_frame   0x0000000000001f4c       0x30 /Users/lukashann/Documents/Imperial/Year_3/Project/fNIRS-Musketeers/nrf52/toolchain/arm_cm4/bin/../lib/gcc/arm-none-eabi/6.2.1/../../../../arm-none-eabi/lib/thumb/v7e-m/fpv4-sp/hard/libc_nano.a(lib_a-mlock.o)
 .debug_frame   0x0000000000001f7c       0x38 /Users/lukashann/Documents/Imperial/Year_3/Project/fNIRS-Musketeers/nrf52/toolchain/arm_cm4/bin/../lib/gcc/arm-none-eabi/6.2.1/../../../../arm-none-eabi/lib/thumb/v7e-m/fpv4-sp/hard/libc_nano.a(lib_a-nano-freer.o)
 .debug_frame   0x0000000000001fb4       0x2c /Users/lukashann/Documents/Imperial/Year_3/Project/fNIRS-Musketeers/nrf52/toolchain/arm_cm4/bin/../lib/gcc/arm-none-eabi/6.2.1/../../../../arm-none-eabi/lib/thumb/v7e-m/fpv4-sp/hard/libc_nano.a(lib_a-readr.o)
 .debug_frame   0x0000000000001fe0       0x5c /Users/lukashann/Documents/Imperial/Year_3/Project/fNIRS-Musketeers/nrf52/toolchain/arm_cm4/bin/../lib/gcc/arm-none-eabi/6.2.1/../../../../arm-none-eabi/lib/thumb/v7e-m/fpv4-sp/hard/libc_nano.a(lib_a-reent.o)
 .debug_frame   0x000000000000203c       0x2c /Users/lukashann/Documents/Imperial/Year_3/Project/fNIRS-Musketeers/nrf52/toolchain/arm_cm4/bin/../lib/gcc/arm-none-eabi/6.2.1/../../../../arm-none-eabi/lib/thumb/v7e-m/fpv4-sp/hard/libc_nano.a(lib_a-fstatr.o)
 .debug_frame   0x0000000000002068       0x2c /Users/lukashann/Documents/Imperial/Year_3/Project/fNIRS-Musketeers/nrf52/toolchain/arm_cm4/bin/../lib/gcc/arm-none-eabi/6.2.1/../../../../arm-none-eabi/lib/thumb/v7e-m/fpv4-sp/hard/libc_nano.a(lib_a-isattyr.o)
 .debug_frame   0x0000000000002094       0x20 /Users/lukashann/Documents/Imperial/Year_3/Project/fNIRS-Musketeers/nrf52/toolchain/arm_cm4/bin/../lib/gcc/arm-none-eabi/6.2.1/../../../../arm-none-eabi/lib/thumb/v7e-m/fpv4-sp/hard/libnosys.a(close.o)
 .debug_frame   0x00000000000020b4       0x20 /Users/lukashann/Documents/Imperial/Year_3/Project/fNIRS-Musketeers/nrf52/toolchain/arm_cm4/bin/../lib/gcc/arm-none-eabi/6.2.1/../../../../arm-none-eabi/lib/thumb/v7e-m/fpv4-sp/hard/libnosys.a(fstat.o)
 .debug_frame   0x00000000000020d4       0x20 /Users/lukashann/Documents/Imperial/Year_3/Project/fNIRS-Musketeers/nrf52/toolchain/arm_cm4/bin/../lib/gcc/arm-none-eabi/6.2.1/../../../../arm-none-eabi/lib/thumb/v7e-m/fpv4-sp/hard/libnosys.a(isatty.o)
 .debug_frame   0x00000000000020f4       0x20 /Users/lukashann/Documents/Imperial/Year_3/Project/fNIRS-Musketeers/nrf52/toolchain/arm_cm4/bin/../lib/gcc/arm-none-eabi/6.2.1/../../../../arm-none-eabi/lib/thumb/v7e-m/fpv4-sp/hard/libnosys.a(lseek.o)
 .debug_frame   0x0000000000002114       0x20 /Users/lukashann/Documents/Imperial/Year_3/Project/fNIRS-Musketeers/nrf52/toolchain/arm_cm4/bin/../lib/gcc/arm-none-eabi/6.2.1/../../../../arm-none-eabi/lib/thumb/v7e-m/fpv4-sp/hard/libnosys.a(sbrk.o)

.debug_info     0x0000000000000000    0x2c9d9
 .debug_info    0x0000000000000000      0xe39 _build/nrf52832_xxaa_app_button.c.o
 .debug_info    0x0000000000000e39      0xb6a _build/nrf52832_xxaa_app_error.c.o
 .debug_info    0x00000000000019a3      0xb4c _build/nrf52832_xxaa_app_error_weak.c.o
 .debug_info    0x00000000000024ef      0xe1c _build/nrf52832_xxaa_app_fifo.c.o
 .debug_info    0x000000000000330b     0x242a _build/nrf52832_xxaa_app_timer.c.o
 .debug_info    0x0000000000005735     0x1a88 _build/nrf52832_xxaa_app_uart_fifo.c.o
 .debug_info    0x00000000000071bd      0xe52 _build/nrf52832_xxaa_app_util_platform.c.o
 .debug_info    0x000000000000800f     0x1abb _build/nrf52832_xxaa_fstorage.c.o
 .debug_info    0x0000000000009aca      0xa51 _build/nrf52832_xxaa_retarget.c.o
 .debug_info    0x000000000000a51b     0x13fc _build/nrf52832_xxaa_boards.c.o
 .debug_info    0x000000000000b917     0x1f0c _build/nrf52832_xxaa_nrf_drv_clock.c.o
 .debug_info    0x000000000000d823      0xec7 _build/nrf52832_xxaa_nrf_drv_common.c.o
 .debug_info    0x000000000000e6ea     0x2ffe _build/nrf52832_xxaa_nrf_drv_gpiote.c.o
 .debug_info    0x00000000000116e8     0x4b8d _build/nrf52832_xxaa_nrf_drv_uart.c.o
 .debug_info    0x0000000000016275     0x19de _build/nrf52832_xxaa_bsp.c.o
 .debug_info    0x0000000000017c53     0x1f85 _build/nrf52832_xxaa_bsp_btn_ble.c.o
 .debug_info    0x0000000000019bd8     0x42d5 _build/nrf52832_xxaa_main.c.o
 .debug_info    0x000000000001dead     0x235b _build/nrf52832_xxaa_ble_advdata.c.o
 .debug_info    0x0000000000020208     0x2c6e _build/nrf52832_xxaa_ble_advertising.c.o
 .debug_info    0x0000000000022e76     0x245f _build/nrf52832_xxaa_ble_conn_params.c.o
 .debug_info    0x00000000000252d5     0x14de _build/nrf52832_xxaa_ble_srv_common.c.o
 .debug_info    0x00000000000267b3      0xdd6 _build/nrf52832_xxaa_system_nrf52.c.o
 .debug_info    0x0000000000027589     0x266c _build/nrf52832_xxaa_ble_nus.c.o
 .debug_info    0x0000000000029bf5     0x2de4 _build/nrf52832_xxaa_softdevice_handler.c.o

.debug_abbrev   0x0000000000000000     0x5868
 .debug_abbrev  0x0000000000000000      0x2b3 _build/nrf52832_xxaa_app_button.c.o
 .debug_abbrev  0x00000000000002b3      0x235 _build/nrf52832_xxaa_app_error.c.o
 .debug_abbrev  0x00000000000004e8      0x21c _build/nrf52832_xxaa_app_error_weak.c.o
 .debug_abbrev  0x0000000000000704      0x29b _build/nrf52832_xxaa_app_fifo.c.o
 .debug_abbrev  0x000000000000099f      0x47a _build/nrf52832_xxaa_app_timer.c.o
 .debug_abbrev  0x0000000000000e19      0x31d _build/nrf52832_xxaa_app_uart_fifo.c.o
 .debug_abbrev  0x0000000000001136      0x313 _build/nrf52832_xxaa_app_util_platform.c.o
 .debug_abbrev  0x0000000000001449      0x498 _build/nrf52832_xxaa_fstorage.c.o
 .debug_abbrev  0x00000000000018e1      0x226 _build/nrf52832_xxaa_retarget.c.o
 .debug_abbrev  0x0000000000001b07      0x382 _build/nrf52832_xxaa_boards.c.o
 .debug_abbrev  0x0000000000001e89      0x51f _build/nrf52832_xxaa_nrf_drv_clock.c.o
 .debug_abbrev  0x00000000000023a8      0x2ae _build/nrf52832_xxaa_nrf_drv_common.c.o
 .debug_abbrev  0x0000000000002656      0x500 _build/nrf52832_xxaa_nrf_drv_gpiote.c.o
 .debug_abbrev  0x0000000000002b56      0x495 _build/nrf52832_xxaa_nrf_drv_uart.c.o
 .debug_abbrev  0x0000000000002feb      0x444 _build/nrf52832_xxaa_bsp.c.o
 .debug_abbrev  0x000000000000342f      0x37c _build/nrf52832_xxaa_bsp_btn_ble.c.o
 .debug_abbrev  0x00000000000037ab      0x4aa _build/nrf52832_xxaa_main.c.o
 .debug_abbrev  0x0000000000003c55      0x429 _build/nrf52832_xxaa_ble_advdata.c.o
 .debug_abbrev  0x000000000000407e      0x4e8 _build/nrf52832_xxaa_ble_advertising.c.o
 .debug_abbrev  0x0000000000004566      0x46d _build/nrf52832_xxaa_ble_conn_params.c.o
 .debug_abbrev  0x00000000000049d3      0x34b _build/nrf52832_xxaa_ble_srv_common.c.o
 .debug_abbrev  0x0000000000004d1e      0x1e2 _build/nrf52832_xxaa_system_nrf52.c.o
 .debug_abbrev  0x0000000000004f00      0x3cf _build/nrf52832_xxaa_ble_nus.c.o
 .debug_abbrev  0x00000000000052cf      0x599 _build/nrf52832_xxaa_softdevice_handler.c.o

.debug_loc      0x0000000000000000     0xc7f8
 .debug_loc     0x0000000000000000      0x35e _build/nrf52832_xxaa_app_button.c.o
 .debug_loc     0x000000000000035e      0x145 _build/nrf52832_xxaa_app_error.c.o
 .debug_loc     0x00000000000004a3       0x42 _build/nrf52832_xxaa_app_error_weak.c.o
 .debug_loc     0x00000000000004e5      0x605 _build/nrf52832_xxaa_app_fifo.c.o
 .debug_loc     0x0000000000000aea      0xd43 _build/nrf52832_xxaa_app_timer.c.o
 .debug_loc     0x000000000000182d      0x381 _build/nrf52832_xxaa_app_uart_fifo.c.o
 .debug_loc     0x0000000000001bae       0x44 _build/nrf52832_xxaa_app_util_platform.c.o
 .debug_loc     0x0000000000001bf2      0x938 _build/nrf52832_xxaa_fstorage.c.o
 .debug_loc     0x000000000000252a       0xe9 _build/nrf52832_xxaa_retarget.c.o
 .debug_loc     0x0000000000002613      0x845 _build/nrf52832_xxaa_boards.c.o
 .debug_loc     0x0000000000002e58      0x4f3 _build/nrf52832_xxaa_nrf_drv_clock.c.o
 .debug_loc     0x000000000000334b       0xea _build/nrf52832_xxaa_nrf_drv_common.c.o
 .debug_loc     0x0000000000003435     0x24de _build/nrf52832_xxaa_nrf_drv_gpiote.c.o