<html>
<body>
<pre>
<h1>µVision Build Log</h1>
<h2>Project:</h2>
C:\Users\lukashann\Documents\Uni Stuff\Year 3\Project\TM4C DataLogger Test 2\DataLogger.uvproj
Project File Date:  01/18/2017

<h2>Output:</h2>
Rebuild target 'Target 1'
compiling main.c...
assembling startup.s...
compiling PLL.c...
compiling UART0.c...
compiling ADCT0ATrigger.c...
linking...
Program Size: Code=4052 RO-data=32 RW-data=16 ZI-data=1152  
".\DataLogger.axf" - 0 Error(s), 0 Warning(s).
Load "C:\\Users\\lukashann\\Documents\\Uni Stuff\\Year 3\\Project\\TM4C DataLogger Test 2\\DataLogger.axf" 
Connecting: Mode=JTAG, Speed=1000000Hz
Erase Done.
Programming Done.
Verify OK.
</pre>
</body>
</html>
r.axf" - 0 Error(s), 2 Warning(s).
Load "C:\\Users\\lukashann\\Documents\\Uni Stuff\\Year 3\\Project\\TM4C DataLogger Test 2\\DataLogger.axf" 
Connecting: Mode=JTAG, Speed=1000000Hz
Erase Done.
Programming Done.
Verify OK.
