ARM GAS  /var/folders/nl/q97gxh4d5b321tqt4kfb6yzh0000gn/T//ccYA7FW4.s 			page 1


   1              		.cpu cortex-m4
   2              		.eabi_attribute 20, 1	@ Tag_ABI_FP_denormal
   3              		.eabi_attribute 21, 1	@ Tag_ABI_FP_exceptions
   4              		.eabi_attribute 23, 3	@ Tag_ABI_FP_number_model
   5              		.eabi_attribute 24, 1	@ Tag_ABI_align8_needed
   6              		.eabi_attribute 25, 1	@ Tag_ABI_align8_preserved
   7              		.eabi_attribute 26, 1	@ Tag_ABI_enum_size
   8              		.eabi_attribute 30, 4	@ Tag_ABI_optimization_goals
   9              		.eabi_attribute 34, 1	@ Tag_CPU_unaligned_access
  10              		.eabi_attribute 18, 4	@ Tag_ABI_PCS_wchar_t
  11              		.file	"startup.c"
  12              	@ GNU C11 (GNU Tools for ARM Embedded Processors) version 6.2.1 20161205 (release) [ARM/embedded-6-
  13              	@	compiled by GNU C version 5.4.0, GMP version 6.1.0, MPFR version 3.1.4, MPC version 1.0.3, isl ve
  14              	@ GGC heuristics: --param ggc-min-expand=100 --param ggc-min-heapsize=131072
  15              	@ options passed:  -I . -I include/ -I cfg/
  16              	@ -I ../sdk/nRF5_SDK_12.2.0_f012efa/components/toolchain
  17              	@ -I ../sdk/nRF5_SDK_12.2.0_f012efa/components/toolchain/arm
  18              	@ -I ../sdk/nRF5_SDK_12.2.0_f012efa/components/toolchain/gcc
  19              	@ -I ../sdk/nRF5_SDK_12.2.0_f012efa/components/device
  20              	@ -I ../sdk/nRF5_SDK_12.2.0_f012efa/components/toolchain/cmsis/include
  21              	@ -I ../sdk/nRF5_SDK_12.2.0_f012efa/components/libraries/log
  22              	@ -I ../sdk/nRF5_SDK_12.2.0_f012efa/components/libraries/log/src
  23              	@ -I ../sdk/nRF5_SDK_12.2.0_f012efa/components/drivers_nrf/nrf_soc_nosd
  24              	@ -I ../sdk/nRF5_SDK_12.2.0_f012efa/components/drivers_nrf/hal
  25              	@ -I ../sdk/nRF5_SDK_12.2.0_f012efa/components/drivers_nrf/common
  26              	@ -I ../sdk/nRF5_SDK_12.2.0_f012efa/components/libraries/util
  27              	@ -imultilib thumb/v7e-m
  28              	@ -iprefix /Users/lukashann/Documents/Imperial College London/Year 3/Project/fNIRS-Musketeers/nrf52
  29              	@ -isysroot /Users/lukashann/Documents/Imperial College London/Year 3/Project/fNIRS-Musketeers/nrf5
  30              	@ -MD ../startup/startup.d -MF .depstartup.o.d -MP -MQ ../startup/startup.o
  31              	@ -D__USES_INITFINI__ -D NRF52 ../startup/startup.c -mcpu=cortex-m4 -mthumb
  32              	@ -auxbase-strip ../startup/startup.o -gdwarf-2 -Os -Wall
  33              	@ -Wstrict-prototypes -fomit-frame-pointer -fverbose-asm
  34              	@ options enabled:  -faggressive-loop-optimizations -falign-jumps
  35              	@ -falign-labels -falign-loops -fauto-inc-dec -fbranch-count-reg
  36              	@ -fcaller-saves -fchkp-check-incomplete-type -fchkp-check-read
  37              	@ -fchkp-check-write -fchkp-instrument-calls -fchkp-narrow-bounds
  38              	@ -fchkp-optimize -fchkp-store-bounds -fchkp-use-static-bounds
  39              	@ -fchkp-use-static-const-bounds -fchkp-use-wrappers
  40              	@ -fcombine-stack-adjustments -fcommon -fcompare-elim -fcprop-registers
  41              	@ -fcrossjumping -fcse-follow-jumps -fdefer-pop
  42              	@ -fdelete-null-pointer-checks -fdevirtualize -fdevirtualize-speculatively
  43              	@ -fdwarf2-cfi-asm -fearly-inlining -feliminate-unused-debug-types
  44              	@ -fexpensive-optimizations -fforward-propagate -ffunction-cse -fgcse
  45              	@ -fgcse-lm -fgnu-runtime -fgnu-unique -fguess-branch-probability
  46              	@ -fhoist-adjacent-loads -fident -fif-conversion -fif-conversion2
  47              	@ -findirect-inlining -finline -finline-atomics -finline-functions
  48              	@ -finline-functions-called-once -finline-small-functions -fipa-cp
  49              	@ -fipa-cp-alignment -fipa-icf -fipa-icf-functions -fipa-icf-variables
  50              	@ -fipa-profile -fipa-pure-const -fipa-ra -fipa-reference -fipa-sra
  51              	@ -fira-hoist-pressure -fira-share-save-slots -fira-share-spill-slots
  52              	@ -fisolate-erroneous-paths-dereference -fivopts -fkeep-static-consts
  53              	@ -fleading-underscore -flifetime-dse -flra-remat -flto-odr-type-merging
  54              	@ -fmath-errno -fmerge-constants -fmerge-debug-strings
  55              	@ -fmove-loop-invariants -fomit-frame-pointer -foptimize-sibling-calls
  56              	@ -fpartial-inlining -fpeephole -fpeephole2 -fplt -fprefetch-loop-arrays
  57              	@ -freg-struct-return -freorder-blocks -freorder-functions
ARM GAS  /var/folders/nl/q97gxh4d5b321tqt4kfb6yzh0000gn/T//ccYA7FW4.s 			page 2


  58              	@ -frerun-cse-after-loop -fsched-critical-path-heuristic
  59              	@ -fsched-dep-count-heuristic -fsched-group-heuristic -fsched-interblock
  60              	@ -fsched-last-insn-heuristic -fsched-pressure -fsched-rank-heuristic
  61              	@ -fsched-spec -fsched-spec-insn-heuristic -fsched-stalled-insns-dep
  62              	@ -fschedule-insns2 -fsection-anchors -fsemantic-interposition
  63              	@ -fshow-column -fsigned-zeros -fsplit-ivs-in-unroller -fsplit-wide-types
  64              	@ -fssa-backprop -fssa-phiopt -fstdarg-opt -fstrict-aliasing
  65              	@ -fstrict-overflow -fstrict-volatile-bitfields -fsync-libcalls
  66              	@ -fthread-jumps -ftoplevel-reorder -ftrapping-math -ftree-bit-ccp
  67              	@ -ftree-builtin-call-dce -ftree-ccp -ftree-ch -ftree-coalesce-vars
  68              	@ -ftree-copy-prop -ftree-cselim -ftree-dce -ftree-dominator-opts
  69              	@ -ftree-dse -ftree-forwprop -ftree-fre -ftree-loop-if-convert
  70              	@ -ftree-loop-im -ftree-loop-ivcanon -ftree-loop-optimize
  71              	@ -ftree-parallelize-loops= -ftree-phiprop -ftree-pre -ftree-pta
  72              	@ -ftree-reassoc -ftree-scev-cprop -ftree-sink -ftree-slsr -ftree-sra
  73              	@ -ftree-switch-conversion -ftree-tail-merge -ftree-ter -ftree-vrp
  74              	@ -funit-at-a-time -fvar-tracking -fvar-tracking-assignments -fverbose-asm
  75              	@ -fzero-initialized-in-bss -masm-syntax-unified -mlittle-endian
  76              	@ -mpic-data-is-text-relative -msched-prolog -mthumb -munaligned-access
  77              	@ -mvectorize-with-neon-quad
  78              	
  79              		.text
  80              	.Ltext0:
  81              		.cfi_sections	.debug_frame
  82              		.align	1
  83              		.global	default_irq
  84              		.syntax unified
  85              		.thumb
  86              		.thumb_func
  87              		.fpu softvfp
  88              		.type	default_irq, %function
  89              	default_irq:
  90              	.LFB1:
  91              		.file 1 "../startup/startup.c"
   1:../startup/startup.c **** extern unsigned long _etext;	// End of the code section
   2:../startup/startup.c **** extern unsigned long _sbss;		// Start address of .bss section
   3:../startup/startup.c **** extern unsigned long _ebss;		// End address of .bss section
   4:../startup/startup.c **** extern unsigned long _sdata;	// Start address of .data section
   5:../startup/startup.c **** extern unsigned long _edata;	// End address of .data section
   6:../startup/startup.c **** extern void _end_of_stack;		// Top of the stack
   7:../startup/startup.c **** 
   8:../startup/startup.c **** extern int main(void);
   9:../startup/startup.c **** 
  10:../startup/startup.c **** 
  11:../startup/startup.c **** void default_irq(void);
  12:../startup/startup.c **** void Reset_Handler(void);
  13:../startup/startup.c **** void NMI_Handler(void) __attribute__ ((weak, alias ("default_irq")));
  14:../startup/startup.c **** void HardFault_Handler(void) __attribute__ ((weak, alias ("default_irq")));
  15:../startup/startup.c **** void SVC_Handler(void) __attribute__ ((weak, alias ("default_irq")));
  16:../startup/startup.c **** void PendSV_Handler(void) __attribute__ ((weak, alias ("default_irq")));
  17:../startup/startup.c **** void SysTick_Handler(void) __attribute__ ((weak, alias ("default_irq")));
  18:../startup/startup.c **** void POWER_CLOCK_IRQHandler(void) __attribute__ ((weak, alias ("default_irq")));
  19:../startup/startup.c **** void RADIO_IRQHandler(void) __attribute__ ((weak, alias ("default_irq")));
  20:../startup/startup.c **** void UART0_IRQHandler(void) __attribute__ ((weak, alias ("default_irq")));
  21:../startup/startup.c **** void SPI0_TWI0_IRQHandler(void) __attribute__ ((weak, alias ("default_irq")));
  22:../startup/startup.c **** void SPI1_TWI1_IRQHandler(void) __attribute__ ((weak, alias ("default_irq")));
  23:../startup/startup.c **** void GPIOTE_IRQHandler(void) __attribute__ ((weak, alias ("default_irq")));
ARM GAS  /var/folders/nl/q97gxh4d5b321tqt4kfb6yzh0000gn/T//ccYA7FW4.s 			page 3


  24:../startup/startup.c **** void ADC_IRQHandler(void) __attribute__ ((weak, alias ("default_irq")));
  25:../startup/startup.c **** void TIMER0_IRQHandler(void) __attribute__ ((weak, alias ("default_irq")));
  26:../startup/startup.c **** void TIMER1_IRQHandler(void) __attribute__ ((weak, alias ("default_irq")));
  27:../startup/startup.c **** void TIMER2_IRQHandler(void) __attribute__ ((weak, alias ("default_irq")));
  28:../startup/startup.c **** void RTC0_IRQHandler(void) __attribute__ ((weak, alias ("default_irq")));
  29:../startup/startup.c **** void TEMP_IRQHandler(void) __attribute__ ((weak, alias ("default_irq")));
  30:../startup/startup.c **** void RNG_IRQHandler(void) __attribute__ ((weak, alias ("default_irq")));
  31:../startup/startup.c **** void ECB_IRQHandler(void) __attribute__ ((weak, alias ("default_irq")));
  32:../startup/startup.c **** void CCM_AAR_IRQHandler(void) __attribute__ ((weak, alias ("default_irq")));
  33:../startup/startup.c **** void WDT_IRQHandler(void) __attribute__ ((weak, alias ("default_irq")));
  34:../startup/startup.c **** void RTC1_IRQHandler(void) __attribute__ ((weak, alias ("default_irq")));
  35:../startup/startup.c **** void QDEC_IRQHandler(void) __attribute__ ((weak, alias ("default_irq")));
  36:../startup/startup.c **** void LPCOMP_IRQHandler(void) __attribute__ ((weak, alias ("default_irq")));
  37:../startup/startup.c **** void SWI0_IRQHandler(void) __attribute__ ((weak, alias ("default_irq")));
  38:../startup/startup.c **** void SWI1_IRQHandler(void) __attribute__ ((weak, alias ("default_irq")));
  39:../startup/startup.c **** void SWI2_IRQHandler(void) __attribute__ ((weak, alias ("default_irq")));
  40:../startup/startup.c **** void SWI3_IRQHandler(void) __attribute__ ((weak, alias ("default_irq")));
  41:../startup/startup.c **** void SWI4_IRQHandler(void) __attribute__ ((weak, alias ("default_irq")));
  42:../startup/startup.c **** void SWI5_IRQHandler(void) __attribute__ ((weak, alias ("default_irq")));
  43:../startup/startup.c **** 
  44:../startup/startup.c **** __attribute__ ((section(".isr_vector")))
  45:../startup/startup.c **** void (* const g_pfnVectors[])(void) =
  46:../startup/startup.c **** {
  47:../startup/startup.c **** 	&_end_of_stack,        // The initial stack pointer
  48:../startup/startup.c **** 	Reset_Handler,         // Reset handler
  49:../startup/startup.c **** 	NMI_Handler,           // NMI handler
  50:../startup/startup.c **** 	HardFault_Handler,     // Hard fault handler
  51:../startup/startup.c **** 	0,0,0,0,0,0,0,         // 7 unused addresses   
  52:../startup/startup.c **** 	SVC_Handler,           // SVC handler
  53:../startup/startup.c **** 	0,0,                   // 2 unused addresses
  54:../startup/startup.c **** 	PendSV_Handler,        // Pend SV handler
  55:../startup/startup.c **** 	SysTick_Handler,       // Sys tick handler
  56:../startup/startup.c **** 	POWER_CLOCK_IRQHandler,// Power clock handler
  57:../startup/startup.c **** 	RADIO_IRQHandler,      // Radio handler
  58:../startup/startup.c **** 	UART0_IRQHandler,      // Uart 0 handler
  59:../startup/startup.c **** 	SPI0_TWI0_IRQHandler,  // SPI 0 handler
  60:../startup/startup.c **** 	SPI1_TWI1_IRQHandler,  // SPI 1 handler
  61:../startup/startup.c **** 	0,                     // 1 unused address
  62:../startup/startup.c **** 	GPIOTE_IRQHandler,     // GPIO handler
  63:../startup/startup.c **** 	ADC_IRQHandler,        // ADC handler
  64:../startup/startup.c **** 	TIMER0_IRQHandler,     // TIMER 0 handler
  65:../startup/startup.c **** 	TIMER1_IRQHandler,     // TIMER 1 handler
  66:../startup/startup.c **** 	TIMER2_IRQHandler,     // TIMER 2 handler
  67:../startup/startup.c **** 	RTC0_IRQHandler,       // RTC0 handler
  68:../startup/startup.c **** 	TEMP_IRQHandler,       // TEMP handler
  69:../startup/startup.c **** 	RNG_IRQHandler,        // RNG handler
  70:../startup/startup.c **** 	ECB_IRQHandler,        // ECB handler
  71:../startup/startup.c **** 	CCM_AAR_IRQHandler,    // CCM AAR handler
  72:../startup/startup.c **** 	WDT_IRQHandler,        // WDT handler
  73:../startup/startup.c **** 	RTC1_IRQHandler,       // RTC1 handler
  74:../startup/startup.c **** 	QDEC_IRQHandler,       // QDEC handler
  75:../startup/startup.c **** 	LPCOMP_IRQHandler,     // LDCOMP handler
  76:../startup/startup.c **** 	SWI0_IRQHandler,       // SWI0 handler
  77:../startup/startup.c **** 	SWI1_IRQHandler,       // SWI1 handler
  78:../startup/startup.c **** 	SWI2_IRQHandler,       // SWI2 handler
  79:../startup/startup.c **** 	SWI3_IRQHandler,       // SWI3 handler
  80:../startup/startup.c **** 	SWI4_IRQHandler,       // SWI4 handler
ARM GAS  /var/folders/nl/q97gxh4d5b321tqt4kfb6yzh0000gn/T//ccYA7FW4.s 			page 4


  81:../startup/startup.c **** 	SWI5_IRQHandler,       // SWI5 handler
  82:../startup/startup.c **** 	0,0,0,0,0,0,           // 6 unused addresses
  83:../startup/startup.c **** };
  84:../startup/startup.c **** 
  85:../startup/startup.c **** void Reset_Handler(void)
  86:../startup/startup.c **** {
  87:../startup/startup.c **** 	unsigned long *src, *dest;
  88:../startup/startup.c **** 	
  89:../startup/startup.c **** 	src = &_etext; // place pointer to the end of .text section, data value are stored after 
  90:../startup/startup.c ****                        // code section
  91:../startup/startup.c **** 	
  92:../startup/startup.c **** 	//init RAM data with value contained in FLASH
  93:../startup/startup.c **** 	for(dest = &_sdata; dest < &_edata; )
  94:../startup/startup.c **** 	{
  95:../startup/startup.c **** 		*(dest++) = *(src++);
  96:../startup/startup.c **** 	}
  97:../startup/startup.c **** 	
  98:../startup/startup.c **** 	//init .bss section with 0 value
  99:../startup/startup.c **** 	for(dest = &_sbss; dest < &_ebss; )
 100:../startup/startup.c **** 	{
 101:../startup/startup.c **** 		*(dest++) = 0;
 102:../startup/startup.c **** 	}
 103:../startup/startup.c **** 	
 104:../startup/startup.c **** 	main(); // call main application entry point
 105:../startup/startup.c **** }
 106:../startup/startup.c **** 
 107:../startup/startup.c **** void default_irq(void){
  92              		.loc 1 107 0
  93              		.cfi_startproc
  94              		@ args = 0, pretend = 0, frame = 0
  95              		@ frame_needed = 0, uses_anonymous_args = 0
  96              		@ link register save eliminated.
  97 0000 7047     		bx	lr	@
  98              		.cfi_endproc
  99              	.LFE1:
 100              		.size	default_irq, .-default_irq
 101              		.weak	SWI5_IRQHandler
 102              		.thumb_set SWI5_IRQHandler,default_irq
 103              		.weak	SWI4_IRQHandler
 104              		.thumb_set SWI4_IRQHandler,default_irq
 105              		.weak	SWI3_IRQHandler
 106              		.thumb_set SWI3_IRQHandler,default_irq
 107              		.weak	SWI2_IRQHandler
 108              		.thumb_set SWI2_IRQHandler,default_irq
 109              		.weak	SWI1_IRQHandler
 110              		.thumb_set SWI1_IRQHandler,default_irq
 111              		.weak	SWI0_IRQHandler
 112              		.thumb_set SWI0_IRQHandler,default_irq
 113              		.weak	LPCOMP_IRQHandler
 114              		.thumb_set LPCOMP_IRQHandler,default_irq
 115              		.weak	QDEC_IRQHandler
 116              		.thumb_set QDEC_IRQHandler,default_irq
 117              		.weak	RTC1_IRQHandler
 118              		.thumb_set RTC1_IRQHandler,default_irq
 119              		.weak	WDT_IRQHandler
 120              		.thumb_set WDT_IRQHandler,default_irq
 121              		.weak	CCM_AAR_IRQHandler
ARM GAS  /var/folders/nl/q97gxh4d5b321tqt4kfb6yzh0000gn/T//ccYA7FW4.s 			page 5


 122              		.thumb_set CCM_AAR_IRQHandler,default_irq
 123              		.weak	ECB_IRQHandler
 124              		.thumb_set ECB_IRQHandler,default_irq
 125              		.weak	RNG_IRQHandler
 126              		.thumb_set RNG_IRQHandler,default_irq
 127              		.weak	TEMP_IRQHandler
 128              		.thumb_set TEMP_IRQHandler,default_irq
 129              		.weak	RTC0_IRQHandler
 130              		.thumb_set RTC0_IRQHandler,default_irq
 131              		.weak	TIMER2_IRQHandler
 132              		.thumb_set TIMER2_IRQHandler,default_irq
 133              		.weak	TIMER1_IRQHandler
 134              		.thumb_set TIMER1_IRQHandler,default_irq
 135              		.weak	TIMER0_IRQHandler
 136              		.thumb_set TIMER0_IRQHandler,default_irq
 137              		.weak	ADC_IRQHandler
 138              		.thumb_set ADC_IRQHandler,default_irq
 139              		.weak	GPIOTE_IRQHandler
 140              		.thumb_set GPIOTE_IRQHandler,default_irq
 141              		.weak	SPI1_TWI1_IRQHandler
 142              		.thumb_set SPI1_TWI1_IRQHandler,default_irq
 143              		.weak	SPI0_TWI0_IRQHandler
 144              		.thumb_set SPI0_TWI0_IRQHandler,default_irq
 145              		.weak	UART0_IRQHandler
 146              		.thumb_set UART0_IRQHandler,default_irq
 147              		.weak	RADIO_IRQHandler
 148              		.thumb_set RADIO_IRQHandler,default_irq
 149              		.weak	POWER_CLOCK_IRQHandler
 150              		.thumb_set POWER_CLOCK_IRQHandler,default_irq
 151              		.weak	SysTick_Handler
 152              		.thumb_set SysTick_Handler,default_irq
 153              		.weak	PendSV_Handler
 154              		.thumb_set PendSV_Handler,default_irq
 155              		.weak	SVC_Handler
 156              		.thumb_set SVC_Handler,default_irq
 157              		.weak	HardFault_Handler
 158              		.thumb_set HardFault_Handler,default_irq
 159              		.weak	NMI_Handler
 160              		.thumb_set NMI_Handler,default_irq
 161              		.align	1
 162              		.global	Reset_Handler
 163              		.syntax unified
 164              		.thumb
 165              		.thumb_func
 166              		.fpu softvfp
 167              		.type	Reset_Handler, %function
 168              	Reset_Handler:
 169              	.LFB0:
  86:../startup/startup.c **** 	unsigned long *src, *dest;
 170              		.loc 1 86 0
 171              		.cfi_startproc
 172              		@ args = 0, pretend = 0, frame = 0
 173              		@ frame_needed = 0, uses_anonymous_args = 0
 174              		@ link register save eliminated.
 175              	.LVL0:
 176 0002 0A4A     		ldr	r2, .L7	@ ivtmp.32,
 177 0004 0A4B     		ldr	r3, .L7+4	@ ivtmp.35,
ARM GAS  /var/folders/nl/q97gxh4d5b321tqt4kfb6yzh0000gn/T//ccYA7FW4.s 			page 6


  93:../startup/startup.c **** 	{
 178              		.loc 1 93 0
 179 0006 0B49     		ldr	r1, .L7+8	@ tmp146,
 180              	.LVL1:
 181              	.L3:
  93:../startup/startup.c **** 	{
 182              		.loc 1 93 0 is_stmt 0 discriminator 1
 183 0008 8B42     		cmp	r3, r1	@ ivtmp.35, tmp146
 184 000a 06D3     		bcc	.L4	@,
 185 000c 0A4B     		ldr	r3, .L7+12	@ dest,
 186              	.LVL2:
  99:../startup/startup.c **** 	{
 187              		.loc 1 99 0 is_stmt 1 discriminator 1
 188 000e 0B4A     		ldr	r2, .L7+16	@ tmp148,
 101:../startup/startup.c **** 	}
 189              		.loc 1 101 0 discriminator 1
 190 0010 0021     		movs	r1, #0	@ tmp149,
 191              	.L5:
 192              	.LVL3:
  99:../startup/startup.c **** 	{
 193              		.loc 1 99 0 discriminator 1
 194 0012 9342     		cmp	r3, r2	@ dest, tmp148
 195 0014 06D3     		bcc	.L6	@,
 104:../startup/startup.c **** }
 196              		.loc 1 104 0
 197 0016 FFF7FEBF 		b	main	@
 198              	.LVL4:
 199              	.L4:
  95:../startup/startup.c **** 	}
 200              		.loc 1 95 0
 201 001a 52F8040F 		ldr	r0, [r2, #4]!	@ _10, MEM[base: _22, offset: 0B]
 202 001e 43F8040B 		str	r0, [r3], #4	@ _10, MEM[base: dest_21, offset: 0B]
 203              	.LVL5:
 204 0022 F1E7     		b	.L3	@
 205              	.LVL6:
 206              	.L6:
 101:../startup/startup.c **** 	}
 207              		.loc 1 101 0
 208 0024 43F8041B 		str	r1, [r3], #4	@ tmp149, MEM[base: dest_12, offset: 4294967292B]
 209              	.LVL7:
 210 0028 F3E7     		b	.L5	@
 211              	.L8:
 212 002a 00BF     		.align	2
 213              	.L7:
 214 002c FCFFFFFF 		.word	_etext-4
 215 0030 00000000 		.word	_sdata
 216 0034 00000000 		.word	_edata
 217 0038 00000000 		.word	_sbss
 218 003c 00000000 		.word	_ebss
 219              		.cfi_endproc
 220              	.LFE0:
 221              		.size	Reset_Handler, .-Reset_Handler
 222              		.global	g_pfnVectors
 223              		.section	.isr_vector,"a",%progbits
 224              		.align	2
 225              		.type	g_pfnVectors, %object
 226              		.size	g_pfnVectors, 192
ARM GAS  /var/folders/nl/q97gxh4d5b321tqt4kfb6yzh0000gn/T//ccYA7FW4.s 			page 7


 227              	g_pfnVectors:
 228 0000 00000000 		.word	_end_of_stack
 229 0004 00000000 		.word	Reset_Handler
 230 0008 00000000 		.word	NMI_Handler
 231 000c 00000000 		.word	HardFault_Handler
 232 0010 00000000 		.word	0
 233 0014 00000000 		.word	0
 234 0018 00000000 		.word	0
 235 001c 00000000 		.word	0
 236 0020 00000000 		.word	0
 237 0024 00000000 		.word	0
 238 0028 00000000 		.word	0
 239 002c 00000000 		.word	SVC_Handler
 240 0030 00000000 		.word	0
 241 0034 00000000 		.word	0
 242 0038 00000000 		.word	PendSV_Handler
 243 003c 00000000 		.word	SysTick_Handler
 244 0040 00000000 		.word	POWER_CLOCK_IRQHandler
 245 0044 00000000 		.word	RADIO_IRQHandler
 246 0048 00000000 		.word	UART0_IRQHandler
 247 004c 00000000 		.word	SPI0_TWI0_IRQHandler
 248 0050 00000000 		.word	SPI1_TWI1_IRQHandler
 249 0054 00000000 		.word	0
 250 0058 00000000 		.word	GPIOTE_IRQHandler
 251 005c 00000000 		.word	ADC_IRQHandler
 252 0060 00000000 		.word	TIMER0_IRQHandler
 253 0064 00000000 		.word	TIMER1_IRQHandler
 254 0068 00000000 		.word	TIMER2_IRQHandler
 255 006c 00000000 		.word	RTC0_IRQHandler
 256 0070 00000000 		.word	TEMP_IRQHandler
 257 0074 00000000 		.word	RNG_IRQHandler
 258 0078 00000000 		.word	ECB_IRQHandler
 259 007c 00000000 		.word	CCM_AAR_IRQHandler
 260 0080 00000000 		.word	WDT_IRQHandler
 261 0084 00000000 		.word	RTC1_IRQHandler
 262 0088 00000000 		.word	QDEC_IRQHandler
 263 008c 00000000 		.word	LPCOMP_IRQHandler
 264 0090 00000000 		.word	SWI0_IRQHandler
 265 0094 00000000 		.word	SWI1_IRQHandler
 266 0098 00000000 		.word	SWI2_IRQHandler
 267 009c 00000000 		.word	SWI3_IRQHandler
 268 00a0 00000000 		.word	SWI4_IRQHandler
 269 00a4 00000000 		.word	SWI5_IRQHandler
 270 00a8 00000000 		.word	0
 271 00ac 00000000 		.word	0
 272 00b0 00000000 		.word	0
 273 00b4 00000000 		.word	0
 274 00b8 00000000 		.word	0
 275 00bc 00000000 		.word	0
 276              		.text
 277              	.Letext0:
 278              		.section	.debug_info,"",%progbits
 279              	.Ldebug_info0:
 280 0000 14010000 		.4byte	0x114
 281 0004 0200     		.2byte	0x2
 282 0006 00000000 		.4byte	.Ldebug_abbrev0
 283 000a 04       		.byte	0x4
ARM GAS  /var/folders/nl/q97gxh4d5b321tqt4kfb6yzh0000gn/T//ccYA7FW4.s 			page 8


 284 000b 01       		.uleb128 0x1
 285 000c E9000000 		.4byte	.LASF10
 286 0010 0C       		.byte	0xc
 287 0011 0E000000 		.4byte	.LASF11
 288 0015 49000000 		.4byte	.LASF12
 289 0019 00000000 		.4byte	.Ltext0
 290 001d 40000000 		.4byte	.Letext0
 291 0021 00000000 		.4byte	.Ldebug_line0
 292 0025 02       		.uleb128 0x2
 293 0026 6D010000 		.4byte	.LASF0
 294 002a 01       		.byte	0x1
 295 002b 01       		.byte	0x1
 296 002c 32000000 		.4byte	0x32
 297 0030 01       		.byte	0x1
 298 0031 01       		.byte	0x1
 299 0032 03       		.uleb128 0x3
 300 0033 04       		.byte	0x4
 301 0034 07       		.byte	0x7
 302 0035 23000000 		.4byte	.LASF5
 303 0039 02       		.uleb128 0x2
 304 003a D5000000 		.4byte	.LASF1
 305 003e 01       		.byte	0x1
 306 003f 02       		.byte	0x2
 307 0040 32000000 		.4byte	0x32
 308 0044 01       		.byte	0x1
 309 0045 01       		.byte	0x1
 310 0046 02       		.uleb128 0x2
 311 0047 35000000 		.4byte	.LASF2
 312 004b 01       		.byte	0x1
 313 004c 03       		.byte	0x3
 314 004d 32000000 		.4byte	0x32
 315 0051 01       		.byte	0x1
 316 0052 01       		.byte	0x1
 317 0053 02       		.uleb128 0x2
 318 0054 42000000 		.4byte	.LASF3
 319 0058 01       		.byte	0x1
 320 0059 04       		.byte	0x4
 321 005a 32000000 		.4byte	0x32
 322 005e 01       		.byte	0x1
 323 005f 01       		.byte	0x1
 324 0060 02       		.uleb128 0x2
 325 0061 3B000000 		.4byte	.LASF4
 326 0065 01       		.byte	0x1
 327 0066 05       		.byte	0x5
 328 0067 32000000 		.4byte	0x32
 329 006b 01       		.byte	0x1
 330 006c 01       		.byte	0x1
 331 006d 04       		.uleb128 0x4
 332 006e BA000000 		.4byte	.LASF8
 333 0072 01       		.byte	0x1
 334 0073 06       		.byte	0x6
 335 0074 01       		.byte	0x1
 336 0075 01       		.byte	0x1
 337 0076 05       		.uleb128 0x5
 338 0077 98000000 		.4byte	0x98
 339 007b 86000000 		.4byte	0x86
 340 007f 06       		.uleb128 0x6
ARM GAS  /var/folders/nl/q97gxh4d5b321tqt4kfb6yzh0000gn/T//ccYA7FW4.s 			page 9


 341 0080 8B000000 		.4byte	0x8b
 342 0084 2F       		.byte	0x2f
 343 0085 00       		.byte	0
 344 0086 07       		.uleb128 0x7
 345 0087 76000000 		.4byte	0x76
 346 008b 03       		.uleb128 0x3
 347 008c 04       		.byte	0x4
 348 008d 07       		.byte	0x7
 349 008e DB000000 		.4byte	.LASF6
 350 0092 08       		.uleb128 0x8
 351 0093 04       		.byte	0x4
 352 0094 9D000000 		.4byte	0x9d
 353 0098 07       		.uleb128 0x7
 354 0099 92000000 		.4byte	0x92
 355 009d 09       		.uleb128 0x9
 356 009e 01       		.byte	0x1
 357 009f 0A       		.uleb128 0xa
 358 00a0 C8000000 		.4byte	.LASF7
 359 00a4 01       		.byte	0x1
 360 00a5 2D       		.byte	0x2d
 361 00a6 86000000 		.4byte	0x86
 362 00aa 01       		.byte	0x1
 363 00ab 05       		.byte	0x5
 364 00ac 03       		.byte	0x3
 365 00ad 00000000 		.4byte	g_pfnVectors
 366 00b1 0B       		.uleb128 0xb
 367 00b2 01       		.byte	0x1
 368 00b3 A9000000 		.4byte	.LASF13
 369 00b7 01       		.byte	0x1
 370 00b8 6B       		.byte	0x6b
 371 00b9 01       		.byte	0x1
 372 00ba 00000000 		.4byte	.LFB1
 373 00be 02000000 		.4byte	.LFE1
 374 00c2 02       		.byte	0x2
 375 00c3 7D       		.byte	0x7d
 376 00c4 00       		.sleb128 0
 377 00c5 01       		.byte	0x1
 378 00c6 0C       		.uleb128 0xc
 379 00c7 01       		.byte	0x1
 380 00c8 00000000 		.4byte	.LASF14
 381 00cc 01       		.byte	0x1
 382 00cd 55       		.byte	0x55
 383 00ce 01       		.byte	0x1
 384 00cf 02000000 		.4byte	.LFB0
 385 00d3 40000000 		.4byte	.LFE0
 386 00d7 02       		.byte	0x2
 387 00d8 7D       		.byte	0x7d
 388 00d9 00       		.sleb128 0
 389 00da 01       		.byte	0x1
 390 00db 04010000 		.4byte	0x104
 391 00df 0D       		.uleb128 0xd
 392 00e0 73726300 		.ascii	"src\000"
 393 00e4 01       		.byte	0x1
 394 00e5 57       		.byte	0x57
 395 00e6 04010000 		.4byte	0x104
 396 00ea 0E       		.uleb128 0xe
 397 00eb B5000000 		.4byte	.LASF9
ARM GAS  /var/folders/nl/q97gxh4d5b321tqt4kfb6yzh0000gn/T//ccYA7FW4.s 			page 10


 398 00ef 01       		.byte	0x1
 399 00f0 57       		.byte	0x57
 400 00f1 04010000 		.4byte	0x104
 401 00f5 00000000 		.4byte	.LLST0
 402 00f9 0F       		.uleb128 0xf
 403 00fa 1A000000 		.4byte	.LVL4
 404 00fe 01       		.byte	0x1
 405 00ff 0A010000 		.4byte	0x10a
 406 0103 00       		.byte	0
 407 0104 08       		.uleb128 0x8
 408 0105 04       		.byte	0x4
 409 0106 32000000 		.4byte	0x32
 410 010a 10       		.uleb128 0x10
 411 010b 01       		.byte	0x1
 412 010c 01       		.byte	0x1
 413 010d E4000000 		.4byte	.LASF15
 414 0111 E4000000 		.4byte	.LASF15
 415 0115 01       		.byte	0x1
 416 0116 08       		.byte	0x8
 417 0117 00       		.byte	0
 418              		.section	.debug_abbrev,"",%progbits
 419              	.Ldebug_abbrev0:
 420 0000 01       		.uleb128 0x1
 421 0001 11       		.uleb128 0x11
 422 0002 01       		.byte	0x1
 423 0003 25       		.uleb128 0x25
 424 0004 0E       		.uleb128 0xe
 425 0005 13       		.uleb128 0x13
 426 0006 0B       		.uleb128 0xb
 427 0007 03       		.uleb128 0x3
 428 0008 0E       		.uleb128 0xe
 429 0009 1B       		.uleb128 0x1b
 430 000a 0E       		.uleb128 0xe
 431 000b 11       		.uleb128 0x11
 432 000c 01       		.uleb128 0x1
 433 000d 12       		.uleb128 0x12
 434 000e 01       		.uleb128 0x1
 435 000f 10       		.uleb128 0x10
 436 0010 06       		.uleb128 0x6
 437 0011 00       		.byte	0
 438 0012 00       		.byte	0
 439 0013 02       		.uleb128 0x2
 440 0014 34       		.uleb128 0x34
 441 0015 00       		.byte	0
 442 0016 03       		.uleb128 0x3
 443 0017 0E       		.uleb128 0xe
 444 0018 3A       		.uleb128 0x3a
 445 0019 0B       		.uleb128 0xb
 446 001a 3B       		.uleb128 0x3b
 447 001b 0B       		.uleb128 0xb
 448 001c 49       		.uleb128 0x49
 449 001d 13       		.uleb128 0x13
 450 001e 3F       		.uleb128 0x3f
 451 001f 0C       		.uleb128 0xc
 452 0020 3C       		.uleb128 0x3c
 453 0021 0C       		.uleb128 0xc
 454 0022 00       		.byte	0
ARM GAS  /var/folders/nl/q97gxh4d5b321tqt4kfb6yzh0000gn/T//ccYA7FW4.s 			page 11


 455 0023 00       		.byte	0
 456 0024 03       		.uleb128 0x3
 457 0025 24       		.uleb128 0x24
 458 0026 00       		.byte	0
 459 0027 0B       		.uleb128 0xb
 460 0028 0B       		.uleb128 0xb
 461 0029 3E       		.uleb128 0x3e
 462 002a 0B       		.uleb128 0xb
 463 002b 03       		.uleb128 0x3
 464 002c 0E       		.uleb128 0xe
 465 002d 00       		.byte	0
 466 002e 00       		.byte	0
 467 002f 04       		.uleb128 0x4
 468 0030 34       		.uleb128 0x34
 469 0031 00       		.byte	0
 470 0032 03       		.uleb128 0x3
 471 0033 0E       		.uleb128 0xe
 472 0034 3A       		.uleb128 0x3a
 473 0035 0B       		.uleb128 0xb
 474 0036 3B       		.uleb128 0x3b
 475 0037 0B       		.uleb128 0xb
 476 0038 3F       		.uleb128 0x3f
 477 0039 0C       		.uleb128 0xc
 478 003a 3C       		.uleb128 0x3c
 479 003b 0C       		.uleb128 0xc
 480 003c 00       		.byte	0
 481 003d 00       		.byte	0
 482 003e 05       		.uleb128 0x5
 483 003f 01       		.uleb128 0x1
 484 0040 01       		.byte	0x1
 485 0041 49       		.uleb128 0x49
 486 0042 13       		.uleb128 0x13
 487 0043 01       		.uleb128 0x1
 488 0044 13       		.uleb128 0x13
 489 0045 00       		.byte	0
 490 0046 00       		.byte	0
 491 0047 06       		.uleb128 0x6
 492 0048 21       		.uleb128 0x21
 493 0049 00       		.byte	0
 494 004a 49       		.uleb128 0x49
 495 004b 13       		.uleb128 0x13
 496 004c 2F       		.uleb128 0x2f
 497 004d 0B       		.uleb128 0xb
 498 004e 00       		.byte	0
 499 004f 00       		.byte	0
 500 0050 07       		.uleb128 0x7
 501 0051 26       		.uleb128 0x26
 502 0052 00       		.byte	0
 503 0053 49       		.uleb128 0x49
 504 0054 13       		.uleb128 0x13
 505 0055 00       		.byte	0
 506 0056 00       		.byte	0
 507 0057 08       		.uleb128 0x8
 508 0058 0F       		.uleb128 0xf
 509 0059 00       		.byte	0
 510 005a 0B       		.uleb128 0xb
 511 005b 0B       		.uleb128 0xb
ARM GAS  /var/folders/nl/q97gxh4d5b321tqt4kfb6yzh0000gn/T//ccYA7FW4.s 			page 12


 512 005c 49       		.uleb128 0x49
 513 005d 13       		.uleb128 0x13
 514 005e 00       		.byte	0
 515 005f 00       		.byte	0
 516 0060 09       		.uleb128 0x9
 517 0061 15       		.uleb128 0x15
 518 0062 00       		.byte	0
 519 0063 27       		.uleb128 0x27
 520 0064 0C       		.uleb128 0xc
 521 0065 00       		.byte	0
 522 0066 00       		.byte	0
 523 0067 0A       		.uleb128 0xa
 524 0068 34       		.uleb128 0x34
 525 0069 00       		.byte	0
 526 006a 03       		.uleb128 0x3
 527 006b 0E       		.uleb128 0xe
 528 006c 3A       		.uleb128 0x3a
 529 006d 0B       		.uleb128 0xb
 530 006e 3B       		.uleb128 0x3b
 531 006f 0B       		.uleb128 0xb
 532 0070 49       		.uleb128 0x49
 533 0071 13       		.uleb128 0x13
 534 0072 3F       		.uleb128 0x3f
 535 0073 0C       		.uleb128 0xc
 536 0074 02       		.uleb128 0x2
 537 0075 0A       		.uleb128 0xa
 538 0076 00       		.byte	0
 539 0077 00       		.byte	0
 540 0078 0B       		.uleb128 0xb
 541 0079 2E       		.uleb128 0x2e
 542 007a 00       		.byte	0
 543 007b 3F       		.uleb128 0x3f
 544 007c 0C       		.uleb128 0xc
 545 007d 03       		.uleb128 0x3
 546 007e 0E       		.uleb128 0xe
 547 007f 3A       		.uleb128 0x3a
 548 0080 0B       		.uleb128 0xb
 549 0081 3B       		.uleb128 0x3b
 550 0082 0B       		.uleb128 0xb
 551 0083 27       		.uleb128 0x27
 552 0084 0C       		.uleb128 0xc
 553 0085 11       		.uleb128 0x11
 554 0086 01       		.uleb128 0x1
 555 0087 12       		.uleb128 0x12
 556 0088 01       		.uleb128 0x1
 557 0089 40       		.uleb128 0x40
 558 008a 0A       		.uleb128 0xa
 559 008b 9742     		.uleb128 0x2117
 560 008d 0C       		.uleb128 0xc
 561 008e 00       		.byte	0
 562 008f 00       		.byte	0
 563 0090 0C       		.uleb128 0xc
 564 0091 2E       		.uleb128 0x2e
 565 0092 01       		.byte	0x1
 566 0093 3F       		.uleb128 0x3f
 567 0094 0C       		.uleb128 0xc
 568 0095 03       		.uleb128 0x3
ARM GAS  /var/folders/nl/q97gxh4d5b321tqt4kfb6yzh0000gn/T//ccYA7FW4.s 			page 13


 569 0096 0E       		.uleb128 0xe
 570 0097 3A       		.uleb128 0x3a
 571 0098 0B       		.uleb128 0xb
 572 0099 3B       		.uleb128 0x3b
 573 009a 0B       		.uleb128 0xb
 574 009b 27       		.uleb128 0x27
 575 009c 0C       		.uleb128 0xc
 576 009d 11       		.uleb128 0x11
 577 009e 01       		.uleb128 0x1
 578 009f 12       		.uleb128 0x12
 579 00a0 01       		.uleb128 0x1
 580 00a1 40       		.uleb128 0x40
 581 00a2 0A       		.uleb128 0xa
 582 00a3 9742     		.uleb128 0x2117
 583 00a5 0C       		.uleb128 0xc
 584 00a6 01       		.uleb128 0x1
 585 00a7 13       		.uleb128 0x13
 586 00a8 00       		.byte	0
 587 00a9 00       		.byte	0
 588 00aa 0D       		.uleb128 0xd
 589 00ab 34       		.uleb128 0x34
 590 00ac 00       		.byte	0
 591 00ad 03       		.uleb128 0x3
 592 00ae 08       		.uleb128 0x8
 593 00af 3A       		.uleb128 0x3a
 594 00b0 0B       		.uleb128 0xb
 595 00b1 3B       		.uleb128 0x3b
 596 00b2 0B       		.uleb128 0xb
 597 00b3 49       		.uleb128 0x49
 598 00b4 13       		.uleb128 0x13
 599 00b5 00       		.byte	0
 600 00b6 00       		.byte	0
 601 00b7 0E       		.uleb128 0xe
 602 00b8 34       		.uleb128 0x34
 603 00b9 00       		.byte	0
 604 00ba 03       		.uleb128 0x3
 605 00bb 0E       		.uleb128 0xe
 606 00bc 3A       		.uleb128 0x3a
 607 00bd 0B       		.uleb128 0xb
 608 00be 3B       		.uleb128 0x3b
 609 00bf 0B       		.uleb128 0xb
 610 00c0 49       		.uleb128 0x49
 611 00c1 13       		.uleb128 0x13
 612 00c2 02       		.uleb128 0x2
 613 00c3 06       		.uleb128 0x6
 614 00c4 00       		.byte	0
 615 00c5 00       		.byte	0
 616 00c6 0F       		.uleb128 0xf
 617 00c7 898201   		.uleb128 0x4109
 618 00ca 00       		.byte	0
 619 00cb 11       		.uleb128 0x11
 620 00cc 01       		.uleb128 0x1
 621 00cd 9542     		.uleb128 0x2115
 622 00cf 0C       		.uleb128 0xc
 623 00d0 31       		.uleb128 0x31
 624 00d1 13       		.uleb128 0x13
 625 00d2 00       		.byte	0
ARM GAS  /var/folders/nl/q97gxh4d5b321tqt4kfb6yzh0000gn/T//ccYA7FW4.s 			page 14


 626 00d3 00       		.byte	0
 627 00d4 10       		.uleb128 0x10
 628 00d5 2E       		.uleb128 0x2e
 629 00d6 00       		.byte	0
 630 00d7 3F       		.uleb128 0x3f
 631 00d8 0C       		.uleb128 0xc
 632 00d9 3C       		.uleb128 0x3c
 633 00da 0C       		.uleb128 0xc
 634 00db 8740     		.uleb128 0x2007
 635 00dd 0E       		.uleb128 0xe
 636 00de 03       		.uleb128 0x3
 637 00df 0E       		.uleb128 0xe
 638 00e0 3A       		.uleb128 0x3a
 639 00e1 0B       		.uleb128 0xb
 640 00e2 3B       		.uleb128 0x3b
 641 00e3 0B       		.uleb128 0xb
 642 00e4 00       		.byte	0
 643 00e5 00       		.byte	0
 644 00e6 00       		.byte	0
 645              		.section	.debug_loc,"",%progbits
 646              	.Ldebug_loc0:
 647              	.LLST0:
 648 0000 08000000 		.4byte	.LVL1-.Ltext0
 649 0004 0E000000 		.4byte	.LVL2-.Ltext0
 650 0008 0100     		.2byte	0x1
 651 000a 53       		.byte	0x53
 652 000b 12000000 		.4byte	.LVL3-.Ltext0
 653 000f 19000000 		.4byte	.LVL4-1-.Ltext0
 654 0013 0100     		.2byte	0x1
 655 0015 53       		.byte	0x53
 656 0016 1A000000 		.4byte	.LVL4-.Ltext0
 657 001a 22000000 		.4byte	.LVL5-.Ltext0
 658 001e 0300     		.2byte	0x3
 659 0020 73       		.byte	0x73
 660 0021 04       		.sleb128 4
 661 0022 9F       		.byte	0x9f
 662 0023 22000000 		.4byte	.LVL5-.Ltext0
 663 0027 28000000 		.4byte	.LVL7-.Ltext0
 664 002b 0100     		.2byte	0x1
 665 002d 53       		.byte	0x53
 666 002e 28000000 		.4byte	.LVL7-.Ltext0
 667 0032 40000000 		.4byte	.LFE0-.Ltext0
 668 0036 0300     		.2byte	0x3
 669 0038 73       		.byte	0x73
 670 0039 7C       		.sleb128 -4
 671 003a 9F       		.byte	0x9f
 672 003b 00000000 		.4byte	0
 673 003f 00000000 		.4byte	0
 674              		.section	.debug_aranges,"",%progbits
 675 0000 1C000000 		.4byte	0x1c
 676 0004 0200     		.2byte	0x2
 677 0006 00000000 		.4byte	.Ldebug_info0
 678 000a 04       		.byte	0x4
 679 000b 00       		.byte	0
 680 000c 0000     		.2byte	0
 681 000e 0000     		.2byte	0
 682 0010 00000000 		.4byte	.Ltext0
ARM GAS  /var/folders/nl/q97gxh4d5b321tqt4kfb6yzh0000gn/T//ccYA7FW4.s 			page 15


 683 0014 40000000 		.4byte	.Letext0-.Ltext0
 684 0018 00000000 		.4byte	0
 685 001c 00000000 		.4byte	0
 686              		.section	.debug_line,"",%progbits
 687              	.Ldebug_line0:
 688 0000 60000000 		.section	.debug_str,"MS",%progbits,1
 688      02002B00 
 688      00000201 
 688      FB0E0D00 
 688      01010101 
 689              	.LASF14:
 690 0000 52657365 		.ascii	"Reset_Handler\000"
 690      745F4861 
 690      6E646C65 
 690      7200
 691              	.LASF11:
 692 000e 2E2E2F73 		.ascii	"../startup/startup.c\000"
 692      74617274 
 692      75702F73 
 692      74617274 
 692      75702E63 
 693              	.LASF5:
 694 0023 6C6F6E67 		.ascii	"long unsigned int\000"
 694      20756E73 
 694      69676E65 
 694      6420696E 
 694      7400
 695              	.LASF2:
 696 0035 5F656273 		.ascii	"_ebss\000"
 696      7300
 697              	.LASF4:
 698 003b 5F656461 		.ascii	"_edata\000"
 698      746100
 699              	.LASF3:
 700 0042 5F736461 		.ascii	"_sdata\000"
 700      746100
 701              	.LASF12:
 702 0049 2F557365 		.ascii	"/Users/lukashann/Documents/Imperial College London/"
 702      72732F6C 
 702      756B6173 
 702      68616E6E 
 702      2F446F63 
 703 007c 59656172 		.ascii	"Year 3/Project/fNIRS-Musketeers/nrf52/blinky\000"
 703      20332F50 
 703      726F6A65 
 703      63742F66 
 703      4E495253 
 704              	.LASF13:
 705 00a9 64656661 		.ascii	"default_irq\000"
 705      756C745F 
 705      69727100 
 706              	.LASF9:
 707 00b5 64657374 		.ascii	"dest\000"
 707      00
 708              	.LASF8:
 709 00ba 5F656E64 		.ascii	"_end_of_stack\000"
 709      5F6F665F 
ARM GAS  /var/folders/nl/q97gxh4d5b321tqt4kfb6yzh0000gn/T//ccYA7FW4.s 			page 16


 709      73746163 
 709      6B00
 710              	.LASF7:
 711 00c8 675F7066 		.ascii	"g_pfnVectors\000"
 711      6E566563 
 711      746F7273 
 711      00
 712              	.LASF1:
 713 00d5 5F736273 		.ascii	"_sbss\000"
 713      7300
 714              	.LASF6:
 715 00db 73697A65 		.ascii	"sizetype\000"
 715      74797065 
 715      00
 716              	.LASF15:
 717 00e4 6D61696E 		.ascii	"main\000"
 717      00
 718              	.LASF10:
 719 00e9 474E5520 		.ascii	"GNU C11 6.2.1 20161205 (release) [ARM/embedded-6-br"
 719      43313120 
 719      362E322E 
 719      31203230 
 719      31363132 
 720 011c 616E6368 		.ascii	"anch revision 243739] -mcpu=cortex-m4 -mthumb -gdwa"
 720      20726576 
 720      6973696F 
 720      6E203234 
 720      33373339 
 721 014f 72662D32 		.ascii	"rf-2 -Os -fomit-frame-pointer\000"
 721      202D4F73 
 721      202D666F 
 721      6D69742D 
 721      6672616D 
 722              	.LASF0:
 723 016d 5F657465 		.ascii	"_etext\000"
 723      787400
 724              		.ident	"GCC: (GNU Tools for ARM Embedded Processors) 6.2.1 20161205 (release) [ARM/embedded-6-bran
ARM GAS  /var/folders/nl/q97gxh4d5b321tqt4kfb6yzh0000gn/T//ccYA7FW4.s 			page 17


DEFINED SYMBOLS
                            *ABS*:0000000000000000 startup.c
/var/folders/nl/q97gxh4d5b321tqt4kfb6yzh0000gn/T//ccYA7FW4.s:82     .text:0000000000000000 $t
/var/folders/nl/q97gxh4d5b321tqt4kfb6yzh0000gn/T//ccYA7FW4.s:89     .text:0000000000000000 default_irq
/var/folders/nl/q97gxh4d5b321tqt4kfb6yzh0000gn/T//ccYA7FW4.s:89     .text:0000000000000000 SWI5_IRQHandler
/var/folders/nl/q97gxh4d5b321tqt4kfb6yzh0000gn/T//ccYA7FW4.s:89     .text:0000000000000000 SWI4_IRQHandler
/var/folders/nl/q97gxh4d5b321tqt4kfb6yzh0000gn/T//ccYA7FW4.s:89     .text:0000000000000000 SWI3_IRQHandler
/var/folders/nl/q97gxh4d5b321tqt4kfb6yzh0000gn/T//ccYA7FW4.s:89     .text:0000000000000000 SWI2_IRQHandler
/var/folders/nl/q97gxh4d5b321tqt4kfb6yzh0000gn/T//ccYA7FW4.s:89     .text:0000000000000000 SWI1_IRQHandler
/var/folders/nl/q97gxh4d5b321tqt4kfb6yzh0000gn/T//ccYA7FW4.s:89     .text:0000000000000000 SWI0_IRQHandler
/var/folders/nl/q97gxh4d5b321tqt4kfb6yzh0000gn/T//ccYA7FW4.s:89     .text:0000000000000000 LPCOMP_IRQHandler
/var/folders/nl/q97gxh4d5b321tqt4kfb6yzh0000gn/T//ccYA7FW4.s:89     .text:0000000000000000 QDEC_IRQHandler
/var/folders/nl/q97gxh4d5b321tqt4kfb6yzh0000gn/T//ccYA7FW4.s:89     .text:0000000000000000 RTC1_IRQHandler
/var/folders/nl/q97gxh4d5b321tqt4kfb6yzh0000gn/T//ccYA7FW4.s:89     .text:0000000000000000 WDT_IRQHandler
/var/folders/nl/q97gxh4d5b321tqt4kfb6yzh0000gn/T//ccYA7FW4.s:89     .text:0000000000000000 CCM_AAR_IRQHandler
/var/folders/nl/q97gxh4d5b321tqt4kfb6yzh0000gn/T//ccYA7FW4.s:89     .text:0000000000000000 ECB_IRQHandler
/var/folders/nl/q97gxh4d5b321tqt4kfb6yzh0000gn/T//ccYA7FW4.s:89     .text:0000000000000000 RNG_IRQHandler
/var/folders/nl/q97gxh4d5b321tqt4kfb6yzh0000gn/T//ccYA7FW4.s:89     .text:0000000000000000 TEMP_IRQHandler
/var/folders/nl/q97gxh4d5b321tqt4kfb6yzh0000gn/T//ccYA7FW4.s:89     .text:0000000000000000 RTC0_IRQHandler
/var/folders/nl/q97gxh4d5b321tqt4kfb6yzh0000gn/T//ccYA7FW4.s:89     .text:0000000000000000 TIMER2_IRQHandler
/var/folders/nl/q97gxh4d5b321tqt4kfb6yzh0000gn/T//ccYA7FW4.s:89     .text:0000000000000000 TIMER1_IRQHandler
/var/folders/nl/q97gxh4d5b321tqt4kfb6yzh0000gn/T//ccYA7FW4.s:89     .text:0000000000000000 TIMER0_IRQHandler
/var/folders/nl/q97gxh4d5b321tqt4kfb6yzh0000gn/T//ccYA7FW4.s:89     .text:0000000000000000 ADC_IRQHandler
/var/folders/nl/q97gxh4d5b321tqt4kfb6yzh0000gn/T//ccYA7FW4.s:89     .text:0000000000000000 GPIOTE_IRQHandler
/var/folders/nl/q97gxh4d5b321tqt4kfb6yzh0000gn/T//ccYA7FW4.s:89     .text:0000000000000000 SPI1_TWI1_IRQHandler
/var/folders/nl/q97gxh4d5b321tqt4kfb6yzh0000gn/T//ccYA7FW4.s:89     .text:0000000000000000 SPI0_TWI0_IRQHandler
/var/folders/nl/q97gxh4d5b321tqt4kfb6yzh0000gn/T//ccYA7FW4.s:89     .text:0000000000000000 UART0_IRQHandler
/var/folders/nl/q97gxh4d5b321tqt4kfb6yzh0000gn/T//ccYA7FW4.s:89     .text:0000000000000000 RADIO_IRQHandler
/var/folders/nl/q97gxh4d5b321tqt4kfb6yzh0000gn/T//ccYA7FW4.s:89     .text:0000000000000000 POWER_CLOCK_IRQHandler
/var/folders/nl/q97gxh4d5b321tqt4kfb6yzh0000gn/T//ccYA7FW4.s:89     .text:0000000000000000 SysTick_Handler
/var/folders/nl/q97gxh4d5b321tqt4kfb6yzh0000gn/T//ccYA7FW4.s:89     .text:0000000000000000 PendSV_Handler
/var/folders/nl/q97gxh4d5b321tqt4kfb6yzh0000gn/T//ccYA7FW4.s:89     .text:0000000000000000 SVC_Handler
/var/folders/nl/q97gxh4d5b321tqt4kfb6yzh0000gn/T//ccYA7FW4.s:89     .text:0000000000000000 HardFault_Handler
/var/folders/nl/q97gxh4d5b321tqt4kfb6yzh0000gn/T//ccYA7FW4.s:89     .text:0000000000000000 NMI_Handler
/var/folders/nl/q97gxh4d5b321tqt4kfb6yzh0000gn/T//ccYA7FW4.s:168    .text:0000000000000002 Reset_Handler
/var/folders/nl/q97gxh4d5b321tqt4kfb6yzh0000gn/T//ccYA7FW4.s:214    .text:000000000000002c $d
/var/folders/nl/q97gxh4d5b321tqt4kfb6yzh0000gn/T//ccYA7FW4.s:227    .isr_vector:0000000000000000 g_pfnVectors
/var/folders/nl/q97gxh4d5b321tqt4kfb6yzh0000gn/T//ccYA7FW4.s:224    .isr_vector:0000000000000000 $d
                     .debug_frame:0000000000000010 $d

UNDEFINED SYMBOLS
main
_etext
_sdata
_edata
_sbss
_ebss
_end_of_stack
