Archive member included to satisfy reference by file (symbol)

/Users/lukashann/Documents/Imperial/Year_3/Project/fNIRS-Musketeers/nrf52/toolchain/arm_cm4/bin/../lib/gcc/arm-none-eabi/6.2.1/../../../../arm-none-eabi/lib/thumb/v7e-m/fpv4-sp/hard/libc_nano.a(lib_a-exit.o)
                              /Users/lukashann/Documents/Imperial/Year_3/Project/fNIRS-Musketeers/nrf52/toolchain/arm_cm4/bin/../lib/gcc/arm-none-eabi/6.2.1/../../../../arm-none-eabi/lib/thumb/v7e-m/fpv4-sp/hard/crt0.o (exit)
/Users/lukashann/Documents/Imperial/Year_3/Project/fNIRS-Musketeers/nrf52/toolchain/arm_cm4/bin/../lib/gcc/arm-none-eabi/6.2.1/../../../../arm-none-eabi/lib/thumb/v7e-m/fpv4-sp/hard/libc_nano.a(lib_a-impure.o)
                              /Users/lukashann/Documents/Imperial/Year_3/Project/fNIRS-Musketeers/nrf52/toolchain/arm_cm4/bin/../lib/gcc/arm-none-eabi/6.2.1/../../../../arm-none-eabi/lib/thumb/v7e-m/fpv4-sp/hard/libc_nano.a(lib_a-exit.o) (_global_impure_ptr)
/Users/lukashann/Documents/Imperial/Year_3/Project/fNIRS-Musketeers/nrf52/toolchain/arm_cm4/bin/../lib/gcc/arm-none-eabi/6.2.1/../../../../arm-none-eabi/lib/thumb/v7e-m/fpv4-sp/hard/libc_nano.a(lib_a-init.o)
                              /Users/lukashann/Documents/Imperial/Year_3/Project/fNIRS-Musketeers/nrf52/toolchain/arm_cm4/bin/../lib/gcc/arm-none-eabi/6.2.1/../../../../arm-none-eabi/lib/thumb/v7e-m/fpv4-sp/hard/crt0.o (__libc_init_array)
/Users/lukashann/Documents/Imperial/Year_3/Project/fNIRS-Musketeers/nrf52/toolchain/arm_cm4/bin/../lib/gcc/arm-none-eabi/6.2.1/../../../../arm-none-eabi/lib/thumb/v7e-m/fpv4-sp/hard/libc_nano.a(lib_a-memset.o)
                              /Users/lukashann/Documents/Imperial/Year_3/Project/fNIRS-Musketeers/nrf52/toolchain/arm_cm4/bin/../lib/gcc/arm-none-eabi/6.2.1/../../../../arm-none-eabi/lib/thumb/v7e-m/fpv4-sp/hard/crt0.o (memset)
/Users/lukashann/Documents/Imperial/Year_3/Project/fNIRS-Musketeers/nrf52/toolchain/arm_cm4/bin/../lib/gcc/arm-none-eabi/6.2.1/../../../../arm-none-eabi/lib/thumb/v7e-m/fpv4-sp/hard/libnosys.a(_exit.o)
                              /Users/lukashann/Documents/Imperial/Year_3/Project/fNIRS-Musketeers/nrf52/toolchain/arm_cm4/bin/../lib/gcc/arm-none-eabi/6.2.1/../../../../arm-none-eabi/lib/thumb/v7e-m/fpv4-sp/hard/libc_nano.a(lib_a-exit.o) (_exit)
/Users/lukashann/Documents/Imperial/Year_3/Project/fNIRS-Musketeers/nrf52/toolchain/arm_cm4/bin/../lib/gcc/arm-none-eabi/6.2.1/../../../../arm-none-eabi/lib/thumb/v7e-m/fpv4-sp/hard/libc_nano.a(lib_a-memcpy-stub.o)
                              _build/nrf52832_xxaa_SEGGER_RTT.c.o (memcpy)
/Users/lukashann/Documents/Imperial/Year_3/Project/fNIRS-Musketeers/nrf52/toolchain/arm_cm4/bin/../lib/gcc/arm-none-eabi/6.2.1/../../../../arm-none-eabi/lib/thumb/v7e-m/fpv4-sp/hard/libc_nano.a(lib_a-strcpy.o)
                              _build/nrf52832_xxaa_SEGGER_RTT.c.o (strcpy)
/Users/lukashann/Documents/Imperial/Year_3/Project/fNIRS-Musketeers/nrf52/toolchain/arm_cm4/bin/../lib/gcc/arm-none-eabi/6.2.1/../../../../arm-none-eabi/lib/thumb/v7e-m/fpv4-sp/hard/libc_nano.a(lib_a-strlen.o)
                              _build/nrf52832_xxaa_SEGGER_RTT.c.o (strlen)

Allocating common symbols
Common symbol       size              file

_SEGGER_RTT         0x78              _build/nrf52832_xxaa_SEGGER_RTT.c.o

Discarded input sections

 .text          0x0000000000000000        0x0 /Users/lukashann/Documents/Imperial/Year_3/Project/fNIRS-Musketeers/nrf52/toolchain/arm_cm4/bin/../lib/gcc/arm-none-eabi/6.2.1/thumb/v7e-m/fpv4-sp/hard/crti.o
 .data          0x0000000000000000        0x0 /Users/lukashann/Documents/Imperial/Year_3/Project/fNIRS-Musketeers/nrf52/toolchain/arm_cm4/bin/../lib/gcc/arm-none-eabi/6.2.1/thumb/v7e-m/fpv4-sp/hard/crti.o
 .bss           0x0000000000000000        0x0 /Users/lukashann/Documents/Imperial/Year_3/Project/fNIRS-Musketeers/nrf52/toolchain/arm_cm4/bin/../lib/gcc/arm-none-eabi/6.2.1/thumb/v7e-m/fpv4-sp/hard/crti.o
 .data          0x0000000000000000        0x4 /Users/lukashann/Documents/Imperial/Year_3/Project/fNIRS-Musketeers/nrf52/toolchain/arm_cm4/bin/../lib/gcc/arm-none-eabi/6.2.1/thumb/v7e-m/fpv4-sp/hard/crtbegin.o
 .data          0x0000000000000000        0x0 /Users/lukashann/Documents/Imperial/Year_3/Project/fNIRS-Musketeers/nrf52/toolchain/arm_cm4/bin/../lib/gcc/arm-none-eabi/6.2.1/../../../../arm-none-eabi/lib/thumb/v7e-m/fpv4-sp/hard/crt0.o
 .bss           0x0000000000000000        0x0 /Users/lukashann/Documents/Imperial/Year_3/Project/fNIRS-Musketeers/nrf52/toolchain/arm_cm4/bin/../lib/gcc/arm-none-eabi/6.2.1/../../../../arm-none-eabi/lib/thumb/v7e-m/fpv4-sp/hard/crt0.o
 .ARM.extab     0x0000000000000000        0x0 /Users/lukashann/Documents/Imperial/Year_3/Project/fNIRS-Musketeers/nrf52/toolchain/arm_cm4/bin/../lib/gcc/arm-none-eabi/6.2.1/../../../../arm-none-eabi/lib/thumb/v7e-m/fpv4-sp/hard/crt0.o
[...]
Memory Configuration

Name             Origin             Length             Attributes
FLASH            0x0000000000000000 0x0000000000080000 xr
RAM              0x0000000020000000 0x0000000000010000 xrw
*default*        0x0000000000000000 0xffffffffffffffff

Linker script and memory map


.text           0x0000000000000000     0x1e38
 *(.isr_vector)
 .isr_vector    0x0000000000000000      0x400 _build/nrf52832_xxaa_gcc_startup_nrf52.S.o
                0x0000000000000000                __isr_vector
 *(.text*)
 .text          0x0000000000000400       0x6c /Users/lukashann/Documents/Imperial/Year_3/Project/fNIRS-Musketeers/nrf52/toolchain/arm_cm4/bin/../lib/gcc/arm-none-eabi/6.2.1/thumb/v7e-m/fpv4-sp/hard/crtbegin.o
 .text          0x000000000000046c       0x74 /Users/lukashann/Documents/Imperial/Year_3/Project/fNIRS-Musketeers/nrf52/toolchain/arm_cm4/bin/../lib/gcc/arm-none-eabi/6.2.1/../../../../arm-none-eabi/lib/thumb/v7e-m/fpv4-sp/hard/crt0.o
                0x000000000000046c                _mainCRTStartup
                0x000000000000046c                _start
 .text.exit     0x00000000000004e0       0x28 /Users/lukashann/Documents/Imperial/Year_3/Project/fNIRS-Musketeers/nrf52/toolchain/arm_cm4/bin/../lib/gcc/arm-none-eabi/6.2.1/../../../../arm-none-eabi/lib/thumb/v7e-m/fpv4-sp/hard/libc_nano.a(lib_a-exit.o)
                0x00000000000004e0                exit
 .text.__libc_init_array
                0x0000000000000508       0x48 /Users/lukashann/Documents/Imperial/Year_3/Project/fNIRS-Musketeers/nrf52/toolchain/arm_cm4/bin/../lib/gcc/arm-none-eabi/6.2.1/../../../../arm-none-eabi/lib/thumb/v7e-m/fpv4-sp/hard/libc_nano.a(lib_a-init.o)
                0x0000000000000508                __libc_init_array
 .text.memset   0x0000000000000550       0x10 /Users/lukashann/Documents/Imperial/Year_3/Project/fNIRS-Musketeers/nrf52/toolchain/arm_cm4/bin/../lib/gcc/arm-none-eabi/6.2.1/../../../../arm-none-eabi/lib/thumb/v7e-m/fpv4-sp/hard/libc_nano.a(lib_a-memset.o)
                0x0000000000000550                memset
 .text._exit    0x0000000000000560        0x4 /Users/lukashann/Documents/Imperial/Year_3/Project/fNIRS-Musketeers/nrf52/toolchain/arm_cm4/bin/../lib/gcc/arm-none-eabi/6.2.1/../../../../arm-none-eabi/lib/thumb/v7e-m/fpv4-sp/hard/libnosys.a(_exit.o)
                0x0000000000000560                _exit
 .text.spi_event_handler
                0x0000000000000564        0xc _build/nrf52832_xxaa_main.c.o
                0x0000000000000564                spi_event_handler
 .text.startup.main
                0x0000000000000570      0x148 _build/nrf52832_xxaa_main.c.o
                0x0000000000000570                main
 .text.app_error_handler_bare
                0x00000000000006b8       0x20 _build/nrf52832_xxaa_app_error.c.o
                0x00000000000006b8                app_error_handler_bare
 .text.app_error_fault_handler
                0x00000000000006d8       0x24 _build/nrf52832_xxaa_app_error_weak.c.o
                0x00000000000006d8                app_error_fault_handler
 .text.RTC1_IRQHandler
                0x00000000000006fc       0xc4 _build/nrf52832_xxaa_app_timer.c.o
                0x00000000000006fc                RTC1_IRQHandler
 .text.SWI0_EGU0_IRQHandler
                0x00000000000007c0      0x630 _build/nrf52832_xxaa_app_timer.c.o
                0x00000000000007c0                SWI0_EGU0_IRQHandler
 .text.bsp_board_led_invert
                0x0000000000000df0       0x24 _build/nrf52832_xxaa_boards.c.o
                0x0000000000000df0                bsp_board_led_invert
 .text.bsp_board_leds_init
                0x0000000000000e14       0x3c _build/nrf52832_xxaa_boards.c.o
                0x0000000000000e14                bsp_board_leds_init
 .text.nrf_drv_common_irq_enable
                0x0000000000000e50       0x50 _build/nrf52832_xxaa_nrf_drv_common.c.o
                0x0000000000000e50                nrf_drv_common_irq_enable
 .text.nrf_drv_gpiote_init
                0x0000000000000ea0       0x84 _build/nrf52832_xxaa_nrf_drv_gpiote.c.o
                0x0000000000000ea0                nrf_drv_gpiote_init
 .text.nrf_drv_gpiote_is_init
                0x0000000000000f24       0x14 _build/nrf52832_xxaa_nrf_drv_gpiote.c.o
                0x0000000000000f24                nrf_drv_gpiote_is_init
 .text.nrf_drv_gpiote_out_init
                0x0000000000000f38       0xf0 _build/nrf52832_xxaa_nrf_drv_gpiote.c.o
                0x0000000000000f38                nrf_drv_gpiote_out_init
 .text.nrf_drv_gpiote_out_toggle
                0x0000000000001028       0x20 _build/nrf52832_xxaa_nrf_drv_gpiote.c.o
                0x0000000000001028                nrf_drv_gpiote_out_toggle
 .text.GPIOTE_IRQHandler
                0x0000000000001048      0x528 _build/nrf52832_xxaa_nrf_drv_gpiote.c.o
                0x0000000000001048                GPIOTE_IRQHandler
 .text.nrf_drv_spi_init
                0x0000000000001570      0x124 _build/nrf52832_xxaa_nrf_drv_spi.c.o
                0x0000000000001570                nrf_drv_spi_init
 .text.nrf_drv_spi_transfer
                0x0000000000001694       0xf8 _build/nrf52832_xxaa_nrf_drv_spi.c.o
                0x0000000000001694                nrf_drv_spi_transfer
 .text.SPIM0_SPIS0_TWIM0_TWIS0_SPI0_TWI0_IRQHandler
                0x000000000000178c       0x50 _build/nrf52832_xxaa_nrf_drv_spi.c.o
                0x000000000000178c                SPIM0_SPIS0_TWIM0_TWIS0_SPI0_TWI0_IRQHandler
 .text.UARTE0_UART0_IRQHandler
                0x00000000000017dc      0x2f4 _build/nrf52832_xxaa_nrf_drv_uart.c.o
                0x00000000000017dc                UARTE0_UART0_IRQHandler
 .text          0x0000000000001ad0       0x3c _build/nrf52832_xxaa_gcc_startup_nrf52.S.o
                0x0000000000001ad0                Reset_Handler
                0x0000000000001af8                NMI_Handler
                0x0000000000001afa                HardFault_Handler
                0x0000000000001afc                MemoryManagement_Handler
                0x0000000000001afe                BusFault_Handler
                0x0000000000001b00                UsageFault_Handler
                0x0000000000001b02                SVC_Handler
                0x0000000000001b04                DebugMon_Handler
                0x0000000000001b06                PendSV_Handler
                0x0000000000001b08                SysTick_Handler
                0x0000000000001b0a                FPU_IRQHandler
                0x0000000000001b0a                TIMER4_IRQHandler
                0x0000000000001b0a                I2S_IRQHandler
                0x0000000000001b0a                SWI4_EGU4_IRQHandler
                0x0000000000001b0a                TIMER0_IRQHandler
                0x0000000000001b0a                TIMER1_IRQHandler
                0x0000000000001b0a                PWM2_IRQHandler
                0x0000000000001b0a                ECB_IRQHandler
                0x0000000000001b0a                SPIM1_SPIS1_TWIM1_TWIS1_SPI1_TWI1_IRQHandler
                0x0000000000001b0a                Default_Handler
                0x0000000000001b0a                SAADC_IRQHandler
                0x0000000000001b0a                CCM_AAR_IRQHandler
                0x0000000000001b0a                WDT_IRQHandler
                0x0000000000001b0a                SWI5_EGU5_IRQHandler
                0x0000000000001b0a                RNG_IRQHandler
                0x0000000000001b0a                RTC2_IRQHandler
                0x0000000000001b0a                PWM0_IRQHandler
                0x0000000000001b0a                SWI3_EGU3_IRQHandler
                0x0000000000001b0a                SWI1_EGU1_IRQHandler
                0x0000000000001b0a                SPIM2_SPIS2_SPI2_IRQHandler
                0x0000000000001b0a                NFCT_IRQHandler
                0x0000000000001b0a                MWU_IRQHandler
                0x0000000000001b0a                TIMER2_IRQHandler
                0x0000000000001b0a                COMP_LPCOMP_IRQHandler
                0x0000000000001b0a                RTC0_IRQHandler
                0x0000000000001b0a                SWI2_EGU2_IRQHandler
                0x0000000000001b0a                PWM1_IRQHandler
                0x0000000000001b0a                POWER_CLOCK_IRQHandler
                0x0000000000001b0a                RADIO_IRQHandler
                0x0000000000001b0a                PDM_IRQHandler
                0x0000000000001b0a                TEMP_IRQHandler
                0x0000000000001b0a                QDEC_IRQHandler
                0x0000000000001b0a                TIMER3_IRQHandler
 .text.SystemInit
                0x0000000000001b0c      0x2f0 _build/nrf52832_xxaa_system_nrf52.c.o
                0x0000000000001b0c                SystemInit
 *(.init)
 .init          0x0000000000001dfc        0x4 /Users/lukashann/Documents/Imperial/Year_3/Project/fNIRS-Musketeers/nrf52/toolchain/arm_cm4/bin/../lib/gcc/arm-none-eabi/6.2.1/thumb/v7e-m/fpv4-sp/hard/crti.o
                0x0000000000001dfc                _init
 .init          0x0000000000001e00        0x8 /Users/lukashann/Documents/Imperial/Year_3/Project/fNIRS-Musketeers/nrf52/toolchain/arm_cm4/bin/../lib/gcc/arm-none-eabi/6.2.1/thumb/v7e-m/fpv4-sp/hard/crtn.o
 *(.fini)
 .fini          0x0000000000001e08        0x4 /Users/lukashann/Documents/Imperial/Year_3/Project/fNIRS-Musketeers/nrf52/toolchain/arm_cm4/bin/../lib/gcc/arm-none-eabi/6.2.1/thumb/v7e-m/fpv4-sp/hard/crti.o
                0x0000000000001e08                _fini
 .fini          0x0000000000001e0c        0x8 /Users/lukashann/Documents/Imperial/Year_3/Project/fNIRS-Musketeers/nrf52/toolchain/arm_cm4/bin/../lib/gcc/arm-none-eabi/6.2.1/thumb/v7e-m/fpv4-sp/hard/crtn.o
 *crtbegin.o(.ctors)
 *crtbegin?.o(.ctors)
 *(EXCLUDE_FILE(*crtend.o *crtend?.o) .ctors)
 *(SORT(.ctors.*))
 *(.ctors)
 *crtbegin.o(.dtors)
 *crtbegin?.o(.dtors)
 *(EXCLUDE_FILE(*crtend.o *crtend?.o) .dtors)
 *(SORT(.dtors.*))
 *(.dtors)
 *(.rodata*)
 .rodata._global_impure_ptr
                0x0000000000001e14        0x4 /Users/lukashann/Documents/Imperial/Year_3/Project/fNIRS-Musketeers/nrf52/toolchain/arm_cm4/bin/../lib/gcc/arm-none-eabi/6.2.1/../../../../arm-none-eabi/lib/thumb/v7e-m/fpv4-sp/hard/libc_nano.a(lib_a-impure.o)
                0x0000000000001e14                _global_impure_ptr
 .rodata        0x0000000000001e18       0x10 _build/nrf52832_xxaa_main.c.o
 .rodata.spi    0x0000000000001e28        0x8 _build/nrf52832_xxaa_main.c.o
 .rodata.m_board_led_list
                0x0000000000001e30        0x4 _build/nrf52832_xxaa_boards.c.o
 *(.eh_frame*)
 .eh_frame      0x0000000000001e34        0x0 /Users/lukashann/Documents/Imperial/Year_3/Project/fNIRS-Musketeers/nrf52/toolchain/arm_cm4/bin/../lib/gcc/arm-none-eabi/6.2.1/thumb/v7e-m/fpv4-sp/hard/crtbegin.o
 .eh_frame      0x0000000000001e34        0x4 /Users/lukashann/Documents/Imperial/Year_3/Project/fNIRS-Musketeers/nrf52/toolchain/arm_cm4/bin/../lib/gcc/arm-none-eabi/6.2.1/thumb/v7e-m/fpv4-sp/hard/crtend.o

.glue_7         0x0000000000001e38        0x0
 .glue_7        0x0000000000001e38        0x0 linker stubs

.glue_7t        0x0000000000001e38        0x0
 .glue_7t       0x0000000000001e38        0x0 linker stubs

.vfp11_veneer   0x0000000000001e38        0x0
 .vfp11_veneer  0x0000000000001e38        0x0 linker stubs

.v4_bx          0x0000000000001e38        0x0
 .v4_bx         0x0000000000001e38        0x0 linker stubs

.iplt           0x0000000000001e38        0x0
 .iplt          0x0000000000001e38        0x0 /Users/lukashann/Documents/Imperial/Year_3/Project/fNIRS-Musketeers/nrf52/toolchain/arm_cm4/bin/../lib/gcc/arm-none-eabi/6.2.1/thumb/v7e-m/fpv4-sp/hard/crtbegin.o

.ARM.extab
 *(.ARM.extab* .gnu.linkonce.armextab.*)
                0x0000000000001e38                __exidx_start = .

.ARM.exidx      0x0000000000001e38        0x8
 *(.ARM.exidx* .gnu.linkonce.armexidx.*)
 .ARM.exidx     0x0000000000001e38        0x8 /Users/lukashann/Documents/Imperial/Year_3/Project/fNIRS-Musketeers/nrf52/toolchain/arm_cm4/bin/../lib/gcc/arm-none-eabi/6.2.1/../../../../arm-none-eabi/lib/thumb/v7e-m/fpv4-sp/hard/crt0.o
                0x0000000000001e40                __exidx_end = .
                0x0000000000001e40                __etext = .

.rel.dyn        0x0000000000001e40        0x0
 .rel.iplt      0x0000000000001e40        0x0 /Users/lukashann/Documents/Imperial/Year_3/Project/fNIRS-Musketeers/nrf52/toolchain/arm_cm4/bin/../lib/gcc/arm-none-eabi/6.2.1/thumb/v7e-m/fpv4-sp/hard/crtbegin.o

.data           0x0000000020000000       0x74 load address 0x0000000000001e40
                0x0000000020000000                __data_start__ = .
 *(vtable)
 *(.data*)
 .data.impure_data
                0x0000000020000000       0x60 /Users/lukashann/Documents/Imperial/Year_3/Project/fNIRS-Musketeers/nrf52/toolchain/arm_cm4/bin/../lib/gcc/arm-none-eabi/6.2.1/../../../../arm-none-eabi/lib/thumb/v7e-m/fpv4-sp/hard/libc_nano.a(lib_a-impure.o)
 .data.m_tx_buf
                0x0000000020000060        0x2 _build/nrf52832_xxaa_main.c.o
 *fill*         0x0000000020000062        0x2 
 .data.SystemCoreClock
                0x0000000020000064        0x4 _build/nrf52832_xxaa_system_nrf52.c.o
                0x0000000020000064                SystemCoreClock
                0x0000000020000068                . = ALIGN (0x4)
                0x0000000020000068                PROVIDE (__preinit_array_start, .)
 *(.preinit_array)
                0x0000000020000068                PROVIDE (__preinit_array_end, .)
                0x0000000020000068                . = ALIGN (0x4)
                0x0000000020000068                PROVIDE (__init_array_start, .)
 *(SORT(.init_array.*))
 *(.init_array)
 .init_array    0x0000000020000068        0x4 /Users/lukashann/Documents/Imperial/Year_3/Project/fNIRS-Musketeers/nrf52/toolchain/arm_cm4/bin/../lib/gcc/arm-none-eabi/6.2.1/thumb/v7e-m/fpv4-sp/hard/crtbegin.o
                0x000000002000006c                PROVIDE (__init_array_end, .)
                0x000000002000006c                . = ALIGN (0x4)
                [!provide]                        PROVIDE (__fini_array_start, .)
 *(SORT(.fini_array.*))
 *(.fini_array)
 .fini_array    0x000000002000006c        0x4 /Users/lukashann/Documents/Imperial/Year_3/Project/fNIRS-Musketeers/nrf52/toolchain/arm_cm4/bin/../lib/gcc/arm-none-eabi/6.2.1/thumb/v7e-m/fpv4-sp/hard/crtbegin.o
                [!provide]                        PROVIDE (__fini_array_end, .)
 *(.jcr*)
 .jcr           0x0000000020000070        0x0 /Users/lukashann/Documents/Imperial/Year_3/Project/fNIRS-Musketeers/nrf52/toolchain/arm_cm4/bin/../lib/gcc/arm-none-eabi/6.2.1/thumb/v7e-m/fpv4-sp/hard/crtbegin.o
 .jcr           0x0000000020000070        0x4 /Users/lukashann/Documents/Imperial/Year_3/Project/fNIRS-Musketeers/nrf52/toolchain/arm_cm4/bin/../lib/gcc/arm-none-eabi/6.2.1/thumb/v7e-m/fpv4-sp/hard/crtend.o
                0x0000000020000074                . = ALIGN (0x4)
                0x0000000020000074                __data_end__ = .
LOAD /Users/lukashann/Documents/Imperial/Year_3/Project/fNIRS-Musketeers/nrf52/toolchain/arm_cm4/bin/../lib/gcc/arm-none-eabi/6.2.1/thumb/v7e-m/fpv4-sp/hard/crti.o
LOAD /Users/lukashann/Documents/Imperial/Year_3/Project/fNIRS-Musketeers/nrf52/toolchain/arm_cm4/bin/../lib/gcc/arm-none-eabi/6.2.1/thumb/v7e-m/fpv4-sp/hard/crtbegin.o
LOAD /Users/lukashann/Documents/Imperial/Year_3/Project/fNIRS-Musketeers/nrf52/toolchain/arm_cm4/bin/../lib/gcc/arm-none-eabi/6.2.1/../../../../arm-none-eabi/lib/thumb/v7e-m/fpv4-sp/hard/crt0.o
LOAD /Users/lukashann/Documents/Imperial/Year_3/Project/fNIRS-Musketeers/nrf52/toolchain/arm_cm4/bin/../lib/gcc/arm-none-eabi/6.2.1/../../../../arm-none-eabi/lib/thumb/v7e-m/fpv4-sp/hard/libc_nano.a
LOAD /Users/lukashann/Documents/Imperial/Year_3/Project/fNIRS-Musketeers/nrf52/toolchain/arm_cm4/bin/../lib/gcc/arm-none-eabi/6.2.1/../../../../arm-none-eabi/lib/thumb/v7e-m/fpv4-sp/hard/libnosys.a
LOAD _build/nrf52832_xxaa_main.c.o
LOAD _build/nrf52832_xxaa_nrf_log_backend_serial.c.o
LOAD _build/nrf52832_xxaa_nrf_log_frontend.c.o
LOAD _build/nrf52832_xxaa_app_button.c.o
LOAD _build/nrf52832_xxaa_app_error.c.o
LOAD _build/nrf52832_xxaa_app_error_weak.c.o
LOAD _build/nrf52832_xxaa_app_timer.c.o
LOAD _build/nrf52832_xxaa_app_util_platform.c.o
LOAD _build/nrf52832_xxaa_nrf_assert.c.o
LOAD _build/nrf52832_xxaa_sdk_errors.c.o
LOAD _build/nrf52832_xxaa_boards.c.o
LOAD _build/nrf52832_xxaa_nrf_drv_common.c.o
LOAD _build/nrf52832_xxaa_nrf_drv_gpiote.c.o
LOAD _build/nrf52832_xxaa_nrf_drv_spi.c.o
LOAD _build/nrf52832_xxaa_nrf_drv_uart.c.o
LOAD _build/nrf52832_xxaa_bsp.c.o
LOAD _build/nrf52832_xxaa_bsp_nfc.c.o
LOAD _build/nrf52832_xxaa_RTT_Syscalls_GCC.c.o
LOAD _build/nrf52832_xxaa_SEGGER_RTT.c.o
LOAD _build/nrf52832_xxaa_SEGGER_RTT_printf.c.o
LOAD _build/nrf52832_xxaa_gcc_startup_nrf52.S.o
LOAD _build/nrf52832_xxaa_system_nrf52.c.o
LOAD /Users/lukashann/Documents/Imperial/Year_3/Project/fNIRS-Musketeers/nrf52/toolchain/arm_cm4/bin/../lib/gcc/arm-none-eabi/6.2.1/../../../../arm-none-eabi/lib/thumb/v7e-m/fpv4-sp/hard/libm.a
START GROUP
LOAD /Users/lukashann/Documents/Imperial/Year_3/Project/fNIRS-Musketeers/nrf52/toolchain/arm_cm4/bin/../lib/gcc/arm-none-eabi/6.2.1/thumb/v7e-m/fpv4-sp/hard/libgcc.a
LOAD /Users/lukashann/Documents/Imperial/Year_3/Project/fNIRS-Musketeers/nrf52/toolchain/arm_cm4/bin/../lib/gcc/arm-none-eabi/6.2.1/../../../../arm-none-eabi/lib/thumb/v7e-m/fpv4-sp/hard/libc_nano.a
END GROUP
START GROUP
LOAD /Users/lukashann/Documents/Imperial/Year_3/Project/fNIRS-Musketeers/nrf52/toolchain/arm_cm4/bin/../lib/gcc/arm-none-eabi/6.2.1/thumb/v7e-m/fpv4-sp/hard/libgcc.a
LOAD /Users/lukashann/Documents/Imperial/Year_3/Project/fNIRS-Musketeers/nrf52/toolchain/arm_cm4/bin/../lib/gcc/arm-none-eabi/6.2.1/../../../../arm-none-eabi/lib/thumb/v7e-m/fpv4-sp/hard/libc_nano.a
END GROUP
LOAD /Users/lukashann/Documents/Imperial/Year_3/Project/fNIRS-Musketeers/nrf52/toolchain/arm_cm4/bin/../lib/gcc/arm-none-eabi/6.2.1/thumb/v7e-m/fpv4-sp/hard/crtend.o
LOAD /Users/lukashann/Documents/Imperial/Year_3/Project/fNIRS-Musketeers/nrf52/toolchain/arm_cm4/bin/../lib/gcc/arm-none-eabi/6.2.1/thumb/v7e-m/fpv4-sp/hard/crtn.o
START GROUP
LOAD /Users/lukashann/Documents/Imperial/Year_3/Project/fNIRS-Musketeers/nrf52/toolchain/arm_cm4/bin/../lib/gcc/arm-none-eabi/6.2.1/thumb/v7e-m/fpv4-sp/hard/libgcc.a
LOAD /Users/lukashann/Documents/Imperial/Year_3/Project/fNIRS-Musketeers/nrf52/toolchain/arm_cm4/bin/../lib/gcc/arm-none-eabi/6.2.1/../../../../arm-none-eabi/lib/thumb/v7e-m/fpv4-sp/hard/libc.a
LOAD /Users/lukashann/Documents/Imperial/Year_3/Project/fNIRS-Musketeers/nrf52/toolchain/arm_cm4/bin/../lib/gcc/arm-none-eabi/6.2.1/../../../../arm-none-eabi/lib/thumb/v7e-m/fpv4-sp/hard/libnosys.a
END GROUP

.igot.plt       0x0000000020000074        0x0 load address 0x0000000000001eb4
 .igot.plt      0x0000000020000074        0x0 /Users/lukashann/Documents/Imperial/Year_3/Project/fNIRS-Musketeers/nrf52/toolchain/arm_cm4/bin/../lib/gcc/arm-none-eabi/6.2.1/thumb/v7e-m/fpv4-sp/hard/crtbegin.o

.fs_data        0x0000000020000074        0x0
                [!provide]                        PROVIDE (__start_fs_data, .)
 *(.fs_data)
                [!provide]                        PROVIDE (__stop_fs_data, .)

.pwr_mgmt_data  0x0000000020000074        0x0
                [!provide]                        PROVIDE (__start_pwr_mgmt_data, .)
 *(.pwr_mgmt_data)
                [!provide]                        PROVIDE (__stop_pwr_mgmt_data, .)

.bss            0x0000000020000074       0xe4 load address 0x0000000000001eb4
                0x0000000020000074                . = ALIGN (0x4)
                0x0000000020000074                __bss_start__ = .
 *(.bss*)
 .bss           0x0000000020000074       0x1c /Users/lukashann/Documents/Imperial/Year_3/Project/fNIRS-Musketeers/nrf52/toolchain/arm_cm4/bin/../lib/gcc/arm-none-eabi/6.2.1/thumb/v7e-m/fpv4-sp/hard/crtbegin.o
 .bss.m_rx_buf  0x0000000020000090        0x8 _build/nrf52832_xxaa_main.c.o
 .bss.spi_xfer_done
                0x0000000020000098        0x1 _build/nrf52832_xxaa_main.c.o
 *fill*         0x0000000020000099        0x3 
 .bss.m_evt_schedule_func
                0x000000002000009c        0x4 _build/nrf52832_xxaa_app_timer.c.o
 .bss.m_op_queue
                0x00000000200000a0        0x8 _build/nrf52832_xxaa_app_timer.c.o
 .bss.m_rtc1_reset
                0x00000000200000a8        0x1 _build/nrf52832_xxaa_app_timer.c.o
 .bss.m_rtc1_running
                0x00000000200000a9        0x1 _build/nrf52832_xxaa_app_timer.c.o
 *fill*         0x00000000200000aa        0x2 
 .bss.m_ticks_elapsed
                0x00000000200000ac        0x8 _build/nrf52832_xxaa_app_timer.c.o
 .bss.m_ticks_elapsed_q_read_ind
                0x00000000200000b4        0x1 _build/nrf52832_xxaa_app_timer.c.o
 .bss.m_ticks_elapsed_q_write_ind
                0x00000000200000b5        0x1 _build/nrf52832_xxaa_app_timer.c.o
 *fill*         0x00000000200000b6        0x2 
 .bss.m_ticks_latest
                0x00000000200000b8        0x4 _build/nrf52832_xxaa_app_timer.c.o
 .bss.mp_timer_id_head
                0x00000000200000bc        0x4 _build/nrf52832_xxaa_app_timer.c.o
 .bss.m_cb      0x00000000200000c0       0x58 _build/nrf52832_xxaa_nrf_drv_gpiote.c.o
 .bss.m_cb      0x0000000020000118       0x20 _build/nrf52832_xxaa_nrf_drv_spi.c.o
 .bss.m_cb      0x0000000020000138       0x20 _build/nrf52832_xxaa_nrf_drv_uart.c.o
 *(COMMON)
                0x0000000020000158                . = ALIGN (0x4)
                0x0000000020000158                __bss_end__ = .

.heap           0x0000000020000158     0x2000
                0x0000000020000158                __HeapBase = .
                0x0000000020000158                __end__ = .
                [!provide]                        PROVIDE (end, .)
 *(.heap*)
 .heap          0x0000000020000158     0x2000 _build/nrf52832_xxaa_gcc_startup_nrf52.S.o
                0x0000000020002158                __HeapLimit = .

.stack_dummy    0x0000000020000158     0x2000
 *(.stack*)
 .stack         0x0000000020000158     0x2000 _build/nrf52832_xxaa_gcc_startup_nrf52.S.o
                0x0000000020010000                __StackTop = (ORIGIN (RAM) + LENGTH (RAM))
                0x000000002000e000                __StackLimit = (__StackTop - SIZEOF (.stack_dummy))
                0x0000000020010000                PROVIDE (__stack, __StackTop)
                0x0000000000000001                ASSERT ((__StackLimit >= __HeapLimit), region RAM overflowed with stack)
OUTPUT(_build/nrf52832_xxaa.out elf32-littlearm)

.ARM.attributes
                0x0000000000000000       0x30
 .ARM.attributes
                0x0000000000000000       0x22 /Users/lukashann/Documents/Imperial/Year_3/Project/fNIRS-Musketeers/nrf52/toolchain/arm_cm4/bin/../lib/gcc/arm-none-eabi/6.2.1/thumb/v7e-m/fpv4-sp/hard/crti.o
 .ARM.attributes
                0x0000000000000022       0x34 /Users/lukashann/Documents/Imperial/Year_3/Project/fNIRS-Musketeers/nrf52/toolchain/arm_cm4/bin/../lib/gcc/arm-none-eabi/6.2.1/thumb/v7e-m/fpv4-sp/hard/crtbegin.o
 .ARM.attributes
                0x0000000000000056       0x20 /Users/lukashann/Documents/Imperial/Year_3/Project/fNIRS-Musketeers/nrf52/toolchain/arm_cm4/bin/../lib/gcc/arm-none-eabi/6.2.1/../../../../arm-none-eabi/lib/thumb/v7e-m/fpv4-sp/hard/crt0.o
 .ARM.attributes
                0x0000000000000076       0x34 /Users/lukashann/Documents/Imperial/Year_3/Project/fNIRS-Musketeers/nrf52/toolchain/arm_cm4/bin/../lib/gcc/arm-none-eabi/6.2.1/../../../../arm-none-eabi/lib/thumb/v7e-m/fpv4-sp/hard/libc_nano.a(lib_a-exit.o)
 .ARM.attributes
                0x00000000000000aa       0x34 /Users/lukashann/Documents/Imperial/Year_3/Project/fNIRS-Musketeers/nrf52/toolchain/arm_cm4/bin/../lib/gcc/arm-none-eabi/6.2.1/../../../../arm-none-eabi/lib/thumb/v7e-m/fpv4-sp/hard/libc_nano.a(lib_a-impure.o)
 .ARM.attributes
                0x00000000000000de       0x34 /Users/lukashann/Documents/Imperial/Year_3/Project/fNIRS-Musketeers/nrf52/toolchain/arm_cm4/bin/../lib/gcc/arm-none-eabi/6.2.1/../../../../arm-none-eabi/lib/thumb/v7e-m/fpv4-sp/hard/libc_nano.a(lib_a-init.o)
 .ARM.attributes
                0x0000000000000112       0x34 /Users/lukashann/Documents/Imperial/Year_3/Project/fNIRS-Musketeers/nrf52/toolchain/arm_cm4/bin/../lib/gcc/arm-none-eabi/6.2.1/../../../../arm-none-eabi/lib/thumb/v7e-m/fpv4-sp/hard/libc_nano.a(lib_a-memset.o)
 .ARM.attributes
                0x0000000000000146       0x34 /Users/lukashann/Documents/Imperial/Year_3/Project/fNIRS-Musketeers/nrf52/toolchain/arm_cm4/bin/../lib/gcc/arm-none-eabi/6.2.1/../../../../arm-none-eabi/lib/thumb/v7e-m/fpv4-sp/hard/libnosys.a(_exit.o)
 .ARM.attributes
                0x000000000000017a       0x39 _build/nrf52832_xxaa_main.c.o
 .ARM.attributes
                0x00000000000001b3       0x39 _build/nrf52832_xxaa_app_error.c.o
 .ARM.attributes
                0x00000000000001ec       0x39 _build/nrf52832_xxaa_app_error_weak.c.o
 .ARM.attributes
                0x0000000000000225       0x39 _build/nrf52832_xxaa_app_timer.c.o
 .ARM.attributes
                0x000000000000025e       0x39 _build/nrf52832_xxaa_boards.c.o
 .ARM.attributes
                0x0000000000000297       0x39 _build/nrf52832_xxaa_nrf_drv_common.c.o
 .ARM.attributes
                0x00000000000002d0       0x39 _build/nrf52832_xxaa_nrf_drv_gpiote.c.o
 .ARM.attributes
                0x0000000000000309       0x39 _build/nrf52832_xxaa_nrf_drv_spi.c.o
 .ARM.attributes
                0x0000000000000342       0x39 _build/nrf52832_xxaa_nrf_drv_uart.c.o
 .ARM.attributes
                0x000000000000037b       0x1c _build/nrf52832_xxaa_gcc_startup_nrf52.S.o
 .ARM.attributes
                0x0000000000000397       0x39 _build/nrf52832_xxaa_system_nrf52.c.o
 .ARM.attributes
                0x00000000000003d0       0x34 /Users/lukashann/Documents/Imperial/Year_3/Project/fNIRS-Musketeers/nrf52/toolchain/arm_cm4/bin/../lib/gcc/arm-none-eabi/6.2.1/thumb/v7e-m/fpv4-sp/hard/crtend.o
 .ARM.attributes
                0x0000000000000404       0x22 /Users/lukashann/Documents/Imperial/Year_3/Project/fNIRS-Musketeers/nrf52/toolchain/arm_cm4/bin/../lib/gcc/arm-none-eabi/6.2.1/thumb/v7e-m/fpv4-sp/hard/crtn.o

.comment        0x0000000000000000       0x6e
 .comment       0x0000000000000000       0x6e _build/nrf52832_xxaa_main.c.o
                                         0x6f (size before relaxing)
 .comment       0x000000000000006e       0x6f _build/nrf52832_xxaa_app_error.c.o
 .comment       0x000000000000006e       0x6f _build/nrf52832_xxaa_app_error_weak.c.o
 .comment       0x000000000000006e       0x6f _build/nrf52832_xxaa_app_timer.c.o
 .comment       0x000000000000006e       0x6f _build/nrf52832_xxaa_boards.c.o
 .comment       0x000000000000006e       0x6f _build/nrf52832_xxaa_nrf_drv_common.c.o
 .comment       0x000000000000006e       0x6f _build/nrf52832_xxaa_nrf_drv_gpiote.c.o
 .comment       0x000000000000006e       0x6f _build/nrf52832_xxaa_nrf_drv_spi.c.o
 .comment       0x000000000000006e       0x6f _build/nrf52832_xxaa_nrf_drv_uart.c.o
 .comment       0x000000000000006e       0x6f _build/nrf52832_xxaa_system_nrf52.c.o

.debug_frame    0x0000000000000000      0x908
 .debug_frame   0x0000000000000000       0x28 /Users/lukashann/Documents/Imperial/Year_3/Project/fNIRS-Musketeers/nrf52/toolchain/arm_cm4/bin/../lib/gcc/arm-none-eabi/6.2.1/../../../../arm-none-eabi/lib/thumb/v7e-m/fpv4-sp/hard/libc_nano.a(lib_a-exit.o)
 .debug_frame   0x0000000000000028       0x2c /Users/lukashann/Documents/Imperial/Year_3/Project/fNIRS-Musketeers/nrf52/toolchain/arm_cm4/bin/../lib/gcc/arm-none-eabi/6.2.1/../../../../arm-none-eabi/lib/thumb/v7e-m/fpv4-sp/hard/libc_nano.a(lib_a-init.o)
 .debug_frame   0x0000000000000054       0x20 /Users/lukashann/Documents/Imperial/Year_3/Project/fNIRS-Musketeers/nrf52/toolchain/arm_cm4/bin/../lib/gcc/arm-none-eabi/6.2.1/../../../../arm-none-eabi/lib/thumb/v7e-m/fpv4-sp/hard/libc_nano.a(lib_a-memset.o)
 .debug_frame   0x0000000000000074       0x20 /Users/lukashann/Documents/Imperial/Year_3/Project/fNIRS-Musketeers/nrf52/toolchain/arm_cm4/bin/../lib/gcc/arm-none-eabi/6.2.1/../../../../arm-none-eabi/lib/thumb/v7e-m/fpv4-sp/hard/libnosys.a(_exit.o)
 .debug_frame   0x0000000000000094       0x44 _build/nrf52832_xxaa_main.c.o
 .debug_frame   0x00000000000000d8       0x70 _build/nrf52832_xxaa_app_error.c.o
 .debug_frame   0x0000000000000148       0x20 _build/nrf52832_xxaa_app_error_weak.c.o
 .debug_frame   0x0000000000000168      0x114 _build/nrf52832_xxaa_app_timer.c.o
 .debug_frame   0x000000000000027c      0x104 _build/nrf52832_xxaa_boards.c.o
 .debug_frame   0x0000000000000380       0x2c _build/nrf52832_xxaa_nrf_drv_common.c.o
 .debug_frame   0x00000000000003ac      0x268 _build/nrf52832_xxaa_nrf_drv_gpiote.c.o
 .debug_frame   0x0000000000000614       0xfc _build/nrf52832_xxaa_nrf_drv_spi.c.o
 .debug_frame   0x0000000000000710      0x1b0 _build/nrf52832_xxaa_nrf_drv_uart.c.o
 .debug_frame   0x00000000000008c0       0x48 _build/nrf52832_xxaa_system_nrf52.c.o

.debug_info     0x0000000000000000    0x12517
 .debug_info    0x0000000000000000     0x161b _build/nrf52832_xxaa_main.c.o
 .debug_info    0x000000000000161b      0xb6a _build/nrf52832_xxaa_app_error.c.o
 .debug_info    0x0000000000002185      0xb4c _build/nrf52832_xxaa_app_error_weak.c.o
 .debug_info    0x0000000000002cd1     0x23d3 _build/nrf52832_xxaa_app_timer.c.o
 .debug_info    0x00000000000050a4     0x13fc _build/nrf52832_xxaa_boards.c.o
 .debug_info    0x00000000000064a0      0xdfe _build/nrf52832_xxaa_nrf_drv_common.c.o
 .debug_info    0x000000000000729e     0x2fb2 _build/nrf52832_xxaa_nrf_drv_gpiote.c.o
 .debug_info    0x000000000000a250     0x29b0 _build/nrf52832_xxaa_nrf_drv_spi.c.o
 .debug_info    0x000000000000cc00     0x4b41 _build/nrf52832_xxaa_nrf_drv_uart.c.o
 .debug_info    0x0000000000011741      0xdd6 _build/nrf52832_xxaa_system_nrf52.c.o

.debug_abbrev   0x0000000000000000     0x223b
 .debug_abbrev  0x0000000000000000      0x3a3 _build/nrf52832_xxaa_main.c.o
 .debug_abbrev  0x00000000000003a3      0x235 _build/nrf52832_xxaa_app_error.c.o
 .debug_abbrev  0x00000000000005d8      0x21c _build/nrf52832_xxaa_app_error_weak.c.o
 .debug_abbrev  0x00000000000007f4      0x47c _build/nrf52832_xxaa_app_timer.c.o
 .debug_abbrev  0x0000000000000c70      0x382 _build/nrf52832_xxaa_boards.c.o
 .debug_abbrev  0x0000000000000ff2      0x285 _build/nrf52832_xxaa_nrf_drv_common.c.o
 .debug_abbrev  0x0000000000001277      0x500 _build/nrf52832_xxaa_nrf_drv_gpiote.c.o
 .debug_abbrev  0x0000000000001777      0x44d _build/nrf52832_xxaa_nrf_drv_spi.c.o
 .debug_abbrev  0x0000000000001bc4      0x495 _build/nrf52832_xxaa_nrf_drv_uart.c.o
 .debug_abbrev  0x0000000000002059      0x1e2 _build/nrf52832_xxaa_system_nrf52.c.o

.debug_loc      0x0000000000000000     0x74fc
 .debug_loc     0x0000000000000000       0x9d _build/nrf52832_xxaa_main.c.o
 .debug_loc     0x000000000000009d      0x145 _build/nrf52832_xxaa_app_error.c.o
 .debug_loc     0x00000000000001e2       0x42 _build/nrf52832_xxaa_app_error_weak.c.o
 .debug_loc     0x0000000000000224      0xe07 _build/nrf52832_xxaa_app_timer.c.o
 .debug_loc     0x000000000000102b      0x845 _build/nrf52832_xxaa_boards.c.o
 .debug_loc     0x0000000000001870       0xd6 _build/nrf52832_xxaa_nrf_drv_common.c.o
 .debug_loc     0x0000000000001946     0x24d0 _build/nrf52832_xxaa_nrf_drv_gpiote.c.o
 .debug_loc     0x0000000000003e16      0xe96 _build/nrf52832_xxaa_nrf_drv_spi.c.o
 .debug_loc     0x0000000000004cac     0x2850 _build/nrf52832_xxaa_nrf_drv_uart.c.o

.debug_aranges  0x0000000000000000      0x338
 .debug_aranges
                0x0000000000000000       0x28 _build/nrf52832_xxaa_main.c.o
 .debug_aranges
                0x0000000000000028       0x30 _build/nrf52832_xxaa_app_error.c.o
 .debug_aranges
                0x0000000000000058       0x20 _build/nrf52832_xxaa_app_error_weak.c.o
 .debug_aranges
                0x0000000000000078       0x60 _build/nrf52832_xxaa_app_timer.c.o
 .debug_aranges
                0x00000000000000d8       0x80 _build/nrf52832_xxaa_boards.c.o
 .debug_aranges
                0x0000000000000158       0x20 _build/nrf52832_xxaa_nrf_drv_common.c.o
 .debug_aranges
                0x0000000000000178       0xd8 _build/nrf52832_xxaa_nrf_drv_gpiote.c.o
 .debug_aranges
                0x0000000000000250       0x50 _build/nrf52832_xxaa_nrf_drv_spi.c.o
 .debug_aranges
                0x00000000000002a0       0x70 _build/nrf52832_xxaa_nrf_drv_uart.c.o
 .debug_aranges
                0x0000000000000310       0x28 _build/nrf52832_xxaa_system_nrf52.c.o

.debug_ranges   0x0000000000000000     0x1e18
 .debug_ranges  0x0000000000000000       0x70 _build/nrf52832_xxaa_main.c.o
 .debug_ranges  0x0000000000000070       0x20 _build/nrf52832_xxaa_app_error.c.o
 .debug_ranges  0x0000000000000090       0x10 _build/nrf52832_xxaa_app_error_weak.c.o
 .debug_ranges  0x00000000000000a0      0x4b0 _build/nrf52832_xxaa_app_timer.c.o
 .debug_ranges  0x0000000000000550      0x178 _build/nrf52832_xxaa_boards.c.o
 .debug_ranges  0x00000000000006c8       0x30 _build/nrf52832_xxaa_nrf_drv_common.c.o
 .debug_ranges  0x00000000000006f8      0xaa8 _build/nrf52832_xxaa_nrf_drv_gpiote.c.o
 .debug_ranges  0x00000000000011a0      0x340 _build/nrf52832_xxaa_nrf_drv_spi.c.o
 .debug_ranges  0x00000000000014e0      0x830 _build/nrf52832_xxaa_nrf_drv_uart.c.o
 .debug_ranges  0x0000000000001d10      0x108 _build/nrf52832_xxaa_system_nrf52.c.o

.debug_macro    0x0000000000000000    0x13c38
 .debug_macro   0x0000000000000000      0x3a1 _build/nrf52832_xxaa_main.c.o
 .debug_macro   0x00000000000003a1      0x8f2 _build/nrf52832_xxaa_main.c.o
 .debug_macro   0x0000000000000c93      0x167 _build/nrf52832_xxaa_main.c.o
 .debug_macro   0x0000000000000dfa      0x151 _build/nrf52832_xxaa_main.c.o
 .debug_macro   0x0000000000000f4b      0x296 _build/nrf52832_xxaa_main.c.o
 .debug_macro   0x00000000000011e1      0x16d _build/nrf52832_xxaa_main.c.o
 .debug_macro   0x000000000000134e       0x22 _build/nrf52832_xxaa_main.c.o
 .debug_macro   0x0000000000001370       0x22 _build/nrf52832_xxaa_main.c.o
 .debug_macro   0x0000000000001392       0x4f _build/nrf52832_xxaa_main.c.o
 .debug_macro   0x00000000000013e1       0x51 _build/nrf52832_xxaa_main.c.o
 .debug_macro   0x0000000000001432       0xef _build/nrf52832_xxaa_main.c.o
 .debug_macro   0x0000000000001521       0x6a _build/nrf52832_xxaa_main.c.o
 .debug_macro   0x000000000000158b      0x1df _build/nrf52832_xxaa_main.c.o
 .debug_macro   0x000000000000176a       0x28 _build/nrf52832_xxaa_main.c.o
 .debug_macro   0x0000000000001792       0x2d _build/nrf52832_xxaa_main.c.o
 .debug_macro   0x00000000000017bf       0x3b _build/nrf52832_xxaa_main.c.o
 .debug_macro   0x00000000000017fa       0x50 _build/nrf52832_xxaa_main.c.o
 .debug_macro   0x000000000000184a      0xe66 _build/nrf52832_xxaa_main.c.o
 .debug_macro   0x00000000000026b0      0x392 _build/nrf52832_xxaa_main.c.o
 .debug_macro   0x0000000000002a42     0xcc76 _build/nrf52832_xxaa_main.c.o
 .debug_macro   0x000000000000f6b8     0x130f _build/nrf52832_xxaa_main.c.o
 .debug_macro   0x00000000000109c7       0x82 _build/nrf52832_xxaa_main.c.o
 .debug_macro   0x0000000000010a49       0x22 _build/nrf52832_xxaa_main.c.o
 .debug_macro   0x0000000000010a6b       0x8e _build/nrf52832_xxaa_main.c.o
 .debug_macro   0x0000000000010af9       0x8b _build/nrf52832_xxaa_main.c.o
 .debug_macro   0x0000000000010b84       0x92 _build/nrf52832_xxaa_main.c.o
 .debug_macro   0x0000000000010c16       0x52 _build/nrf52832_xxaa_main.c.o
 .debug_macro   0x0000000000010c68       0x35 _build/nrf52832_xxaa_main.c.o
 .debug_macro   0x0000000000010c9d       0x9c _build/nrf52832_xxaa_main.c.o
 .debug_macro   0x0000000000010d39       0x16 _build/nrf52832_xxaa_main.c.o
 .debug_macro   0x0000000000010d4f       0x35 _build/nrf52832_xxaa_main.c.o
 .debug_macro   0x0000000000010d84      0x330 _build/nrf52832_xxaa_main.c.o
 .debug_macro   0x00000000000110b4       0x10 _build/nrf52832_xxaa_main.c.o
 .debug_macro   0x00000000000110c4       0x52 _build/nrf52832_xxaa_main.c.o
 .debug_macro   0x0000000000011116       0x1f _build/nrf52832_xxaa_main.c.o
 .debug_macro   0x0000000000011135       0x43 _build/nrf52832_xxaa_main.c.o
 .debug_macro   0x0000000000011178       0x20 _build/nrf52832_xxaa_main.c.o
 .debug_macro   0x0000000000011198      0x187 _build/nrf52832_xxaa_main.c.o
 .debug_macro   0x000000000001131f       0x10 _build/nrf52832_xxaa_main.c.o
 .debug_macro   0x000000000001132f       0xb6 _build/nrf52832_xxaa_main.c.o
 .debug_macro   0x00000000000113e5       0x16 _build/nrf52832_xxaa_main.c.o
 .debug_macro   0x00000000000113fb      0x145 _build/nrf52832_xxaa_main.c.o
 .debug_macro   0x0000000000011540       0x2b _build/nrf52832_xxaa_main.c.o
 .debug_macro   0x000000000001156b       0x10 _build/nrf52832_xxaa_main.c.o
 .debug_macro   0x000000000001157b       0x74 _build/nrf52832_xxaa_main.c.o
 .debug_macro   0x00000000000115ef       0x16 _build/nrf52832_xxaa_main.c.o
 .debug_macro   0x0000000000011605       0x22 _build/nrf52832_xxaa_main.c.o
 .debug_macro   0x0000000000011627       0x16 _build/nrf52832_xxaa_main.c.o
 .debug_macro   0x000000000001163d       0x10 _build/nrf52832_xxaa_main.c.o
 .debug_macro   0x000000000001164d      0x24d _build/nrf52832_xxaa_main.c.o
 .debug_macro   0x000000000001189a      0x115 _build/nrf52832_xxaa_main.c.o
 .debug_macro   0x00000000000119af       0x16 _build/nrf52832_xxaa_main.c.o
 .debug_macro   0x00000000000119c5       0x1c _build/nrf52832_xxaa_main.c.o
 .debug_macro   0x00000000000119e1       0x22 _build/nrf52832_xxaa_main.c.o
 .debug_macro   0x0000000000011a03      0x39a _build/nrf52832_xxaa_main.c.o
 .debug_macro   0x0000000000011d9d       0x49 _build/nrf52832_xxaa_main.c.o
 .debug_macro   0x0000000000011de6      0x16c _build/nrf52832_xxaa_main.c.o
 .debug_macro   0x0000000000011f52       0x59 _build/nrf52832_xxaa_main.c.o
 .debug_macro   0x0000000000011fab       0x28 _build/nrf52832_xxaa_main.c.o
 .debug_macro   0x0000000000011fd3       0x22 _build/nrf52832_xxaa_main.c.o
 .debug_macro   0x0000000000011ff5       0x1f _build/nrf52832_xxaa_main.c.o
 .debug_macro   0x0000000000012014       0x34 _build/nrf52832_xxaa_main.c.o
 .debug_macro   0x0000000000012048      0x2a6 _build/nrf52832_xxaa_app_error.c.o
 .debug_macro   0x00000000000122ee       0x35 _build/nrf52832_xxaa_app_error.c.o
 .debug_macro   0x0000000000012323       0x97 _build/nrf52832_xxaa_app_error.c.o
 .debug_macro   0x00000000000123ba       0xf6 _build/nrf52832_xxaa_app_error.c.o
 .debug_macro   0x00000000000124b0       0x22 _build/nrf52832_xxaa_app_error.c.o
 .debug_macro   0x00000000000124d2      0x2a6 _build/nrf52832_xxaa_app_error_weak.c.o
 .debug_macro   0x0000000000012778      0x312 _build/nrf52832_xxaa_app_timer.c.o
 .debug_macro   0x0000000000012a8a      0x29d _build/nrf52832_xxaa_boards.c.o
 .debug_macro   0x0000000000012d27      0x2af _build/nrf52832_xxaa_nrf_drv_common.c.o
 .debug_macro   0x0000000000012fd6       0x22 _build/nrf52832_xxaa_nrf_drv_common.c.o
 .debug_macro   0x0000000000012ff8      0x391 _build/nrf52832_xxaa_nrf_drv_gpiote.c.o
 .debug_macro   0x0000000000013389       0x28 _build/nrf52832_xxaa_nrf_drv_gpiote.c.o
 .debug_macro   0x00000000000133b1       0x16 _build/nrf52832_xxaa_nrf_drv_gpiote.c.o
 .debug_macro   0x00000000000133c7       0x16 _build/nrf52832_xxaa_nrf_drv_gpiote.c.o
 .debug_macro   0x00000000000133dd      0x396 _build/nrf52832_xxaa_nrf_drv_spi.c.o
 .debug_macro   0x0000000000013773      0x37e _build/nrf52832_xxaa_nrf_drv_uart.c.o
 .debug_macro   0x0000000000013af1       0x10 _build/nrf52832_xxaa_nrf_drv_uart.c.o
 .debug_macro   0x0000000000013b01       0x42 _build/nrf52832_xxaa_nrf_drv_uart.c.o
 .debug_macro   0x0000000000013b43       0xf5 _build/nrf52832_xxaa_system_nrf52.c.o

.debug_line     0x0000000000000000     0x66d2
 .debug_line    0x0000000000000000      0x936 _build/nrf52832_xxaa_main.c.o
 .debug_line    0x0000000000000936      0x71d _build/nrf52832_xxaa_app_error.c.o
 .debug_line    0x0000000000001053      0x6e4 _build/nrf52832_xxaa_app_error_weak.c.o
 .debug_line    0x0000000000001737      0xb6f _build/nrf52832_xxaa_app_timer.c.o
 .debug_line    0x00000000000022a6      0x820 _build/nrf52832_xxaa_boards.c.o
 .debug_line    0x0000000000002ac6      0x70f _build/nrf52832_xxaa_nrf_drv_common.c.o
 .debug_line    0x00000000000031d5     0x119e _build/nrf52832_xxaa_nrf_drv_gpiote.c.o
 .debug_line    0x0000000000004373      0xbaf _build/nrf52832_xxaa_nrf_drv_spi.c.o
 .debug_line    0x0000000000004f22     0x1281 _build/nrf52832_xxaa_nrf_drv_uart.c.o
 .debug_line    0x00000000000061a3      0x52f _build/nrf52832_xxaa_system_nrf52.c.o

.debug_str      0x0000000000000000    0x6b809
 .debug_str     0x0000000000000000    0x6719d _build/nrf52832_xxaa_main.c.o
                                      0x67e58 (size before relaxing)
 .debug_str     0x000000000006719d      0x135 _build/nrf52832_xxaa_app_error.c.o
                                      0x64f4a (size before relaxing)
 .debug_str     0x00000000000672d2       0xdb _build/nrf52832_xxaa_app_error_weak.c.o
                                      0x64ed3 (size before relaxing)
 .debug_str     0x00000000000673ad      0xcc6 _build/nrf52832_xxaa_app_timer.c.o
                                      0x64a21 (size before relaxing)
 .debug_str     0x0000000000068073      0x4cd _build/nrf52832_xxaa_boards.c.o
                                      0x61d19 (size before relaxing)
 .debug_str     0x0000000000068540      0x1c4 _build/nrf52832_xxaa_nrf_drv_common.c.o
                                      0x643b6 (size before relaxing)
 .debug_str     0x0000000000068704      0xf09 _build/nrf52832_xxaa_nrf_drv_gpiote.c.o
                                      0x6760f (size before relaxing)
 .debug_str     0x000000000006960d      0x739 _build/nrf52832_xxaa_nrf_drv_spi.c.o
                                      0x67164 (size before relaxing)
 .debug_str     0x0000000000069d46     0x173e _build/nrf52832_xxaa_nrf_drv_uart.c.o
                                      0x67900 (size before relaxing)
 .debug_str     0x000000000006b484      0x385 _build/nrf52832_xxaa_system_nrf52.c.o
                                      0x5babf (size before relaxing)
